 gdi+

 Timestamp is 5da31ac9 (Sun Oct 13 15:38:33 2019)

 Preferred load address is 10000000

 Start         Length     Name                   Class
 0001:00000000 0000ff4dH .text$mn                CODE
 0001:0000ff4d 00000000H .text$x                 CODE
 0002:00000000 00000180H .idata$5                DATA
 0002:00000180 00000004H .00cfg                  DATA
 0002:00000184 00000004H .CRT$XCA                DATA
 0002:00000188 00000004H .CRT$XCZ                DATA
 0002:0000018c 00000004H .CRT$XIA                DATA
 0002:00000190 0000000cH .CRT$XIC                DATA
 0002:0000019c 00000004H .CRT$XIZ                DATA
 0002:000001a0 00000004H .CRT$XPA                DATA
 0002:000001a4 00000008H .CRT$XPX                DATA
 0002:000001ac 00000004H .CRT$XPXA               DATA
 0002:000001b0 00000004H .CRT$XPZ                DATA
 0002:000001b4 00000004H .CRT$XTA                DATA
 0002:000001b8 00000008H .CRT$XTZ                DATA
 0002:000001bc 00000000H .gfids$x                DATA
 0002:000001bc 00000000H .gfids$y                DATA
 0002:000001c0 000057b0H .rdata                  DATA
 0002:00005968 00000000H .rdata$r                DATA
 0002:00005970 0000000cH .rdata$sxdata           DATA
 0002:0000597c 000002e0H .rdata$zzzdbg           DATA
 0002:00005c5c 00000004H .rtc$IAA                DATA
 0002:00005c60 00000004H .rtc$IZZ                DATA
 0002:00005c64 00000004H .rtc$TAA                DATA
 0002:00005c68 00000008H .rtc$TZZ                DATA
 0002:00005c70 000003b0H .xdata$x                DATA
 0002:00006020 00000094H .edata                  DATA
 0002:000060b4 00000050H .idata$2                DATA
 0002:00006104 00000014H .idata$3                DATA
 0002:00006118 00000180H .idata$4                DATA
 0002:00006298 00000684H .idata$6                DATA
 0003:00000000 00000770H .data                   DATA
 0003:00000770 00000000H .data$r                 DATA
 0003:00000770 00008228H .bss                    DATA
 0004:00000000 000000a0H .rsrc$01                DATA
 0004:000000a0 00000490H .rsrc$02                DATA

  Address         Publics by Value              Rva+Base       Lib:Object

 0000:00000000       ___hybrid_auxiliary_iat    00000000     <absolute>
 0000:00000000       ___dynamic_value_reloc_table 00000000     <absolute>
 0000:00000000       ___guard_fids_count        00000000     <absolute>
 0000:00000000       ___guard_longjmp_count     00000000     <absolute>
 0000:00000000       ___guard_longjmp_table     00000000     <absolute>
 0000:00000000       ___hybrid_code_map_count   00000000     <absolute>
 0000:00000000       ___volatile_metadata       00000000     <absolute>
 0000:00000000       __except_list              00000000     <absolute>
 0000:00000000       ___guard_iat_count         00000000     <absolute>
 0000:00000000       ___guard_fids_table        00000000     <absolute>
 0000:00000000       ___guard_iat_table         00000000     <absolute>
 0000:00000000       ___enclave_config          00000000     <absolute>
 0000:00000000       ___hybrid_code_map         00000000     <absolute>
 0000:00000003       ___safe_se_handler_count   00000003     <absolute>
 0000:00000100       ___guard_flags             00000100     <absolute>
 0000:00000000       ___ImageBase               10000000     <linker-defined>
 0001:00000000       ?CET_Cancel@@YGXPAX@Z      10001000 f   gdip.obj
 0001:0000001d       ?CET_Done@@YGXPAUCET_Init@@@Z 1000101d f   gdip.obj
 0001:00000044       ?CET_Free@@YGXPAUCET_LoadInfo@@@Z 10001044 f   gdip.obj
 0001:000000a0       ?CET_Init@@YGHPAU0@@Z      100010a0 f   gdip.obj
 0001:00000111       ?CET_Load@@YGHPAUCET_LoadInfo@@@Z 10001111 f   gdip.obj
 0001:00000384       ?CalculateShowSize@GDIPlusImage@@QAEXAAH0000@Z 10001384 f i gdip.obj
 0001:0000056f       ?Close@GDIPlusData@@QAEXXZ 1000156f f i gdip.obj
 0001:000005ae       ?Close@GDIPlusDecoder@@QAEXXZ 100015ae f i gdip.obj
 0001:0000064f       ?Close@GDIPlusImage@@QAEXXZ 1000164f f i gdip.obj
 0001:000006ab       ?DrawImageAbortCallback@GDIPlusImage@@SGHPAUGDIPlusDecoder@@@Z 100016ab f i gdip.obj
 0001:000006c0       ?FreeThreadProc@GDIPlusDecoder@@SGKPAX@Z 100016c0 f i gdip.obj
 0001:000006df       ?GetExifTagValueAsInt@GDIPlusImage@@QAE_NKAAH@Z 100016df f i gdip.obj
 0001:00000787       ?GetPageBits@GDIPlusImage@@QAE_NPAUCET_LoadInfo@@@Z 10001787 f i gdip.obj
 0001:00000b89       ?Init@GDIPlusDecoder@@QAE_NPAUCET_Init@@@Z 10001b89 f i gdip.obj
 0001:00000d93       ?Open@GDIPlusImage@@QAE_N_NPB_WPBE_JU_COORD@@@Z 10001d93 f i gdip.obj
 0001:000010b7       ?OpenBitmapFromFile@GDIPlusImage@@QAEPAVGpImage@Gdiplus@@PB_WU_COORD@@@Z 100020b7 f i gdip.obj
 0001:000010fd       ?SelectPage@GDIPlusImage@@QAE_NI@Z 100020fd f i gdip.obj
 0001:0000119e       ??2@YAPAXI@Z               1000219e f   common-kernel32:Memory.obj
 0001:000011bf       ??_V@YAXPAX@Z              100021bf f   common-kernel32:Memory.obj
 0001:000011bf       ??3@YAXPAX@Z               100021bf f   common-kernel32:Memory.obj
 0001:000011c4       ??_U@YAPAXI@Z              100021c4 f   common-kernel32:Memory.obj
 0001:000011cd       ?HeapDeinitialize@@YAXXZ   100021cd f   common-kernel32:Memory.obj
 0001:00001223       ?HeapInitialize@@YA_NXZ    10002223 f   common-kernel32:Memory.obj
 0001:00001251       ?xf_free@@YAXPAX@Z         10002251 f   common-kernel32:Memory.obj
 0001:00001291       ?xf_malloc@@YAPAXI@Z       10002291 f   common-kernel32:Memory.obj
 0001:000012b7       ??$sprintf_c@$0CI@@@YAHAAY0CI@DPBDZZ 100022b7 f i common-kernel32:WThreads.obj
 0001:000012cd       ?SetThreadName@@YAXKPAD@Z  100022cd f   common-kernel32:WThreads.obj
 0001:00001326       ?StringCchVPrintfA@@YGJPADIPBD0@Z 10002326 f i common-kernel32:WThreads.obj
 0001:0000137b       ?apiCreateThread@@YAPAXP6GKPAX@Z0PAKPBDH@Z 1000237b f   common-kernel32:WThreads.obj
 0001:00001473       ?apiTerminateThreadEx@@YAHPAXKPBDH@Z 10002473 f   common-kernel32:WThreads.obj
 0001:00001547       ?apiThreadHelper@@YGKPAX@Z 10002547 f   common-kernel32:WThreads.obj
 0001:000016d3       ___local_stdio_printf_options 100026d3 f i common-kernel32:WThreads.obj
 0001:000016d9       __vsnprintf_l              100026d9 f i common-kernel32:WThreads.obj
 0001:0000170b       ?sprintf_c@@YAHPADHPBDZZ   1000270b f   common-kernel32:MStrSafe.obj
 0001:0000172e       ___raise_securityfailure   1000272e f   LIBCMT:gs_report.obj
 0001:00001756       ___report_gsfailure        10002756 f   LIBCMT:gs_report.obj
 0001:0000184f       ___report_rangecheckfailure 1000284f f   LIBCMT:gs_report.obj
 0001:0000185b       ___report_securityfailure  1000285b f   LIBCMT:gs_report.obj
 0001:00001929       @__security_check_cookie@4 10002929 f   LIBCMT:secchk.obj
 0001:00001940       __alldiv                   10002940 f   LIBCMT:lldiv.obj
 0001:000019f0       __allmul                   100029f0 f   LIBCMT:llmul.obj
 0001:00001a30       __aulldiv                  10002a30 f   LIBCMT:ulldiv.obj
 0001:00001db8       __DllMainCRTStartup@12     10002db8 f   LIBCMT:dll_dllmain.obj
 0001:00001ddb       ??3@YAXPAXI@Z              10002ddb f   LIBCMT:delete_scalar_size.obj
 0001:00001df0       __SEH_prolog4              10002df0 f   LIBCMT:sehprolg4.obj
 0001:00001e36       __SEH_epilog4              10002e36 f   LIBCMT:sehprolg4.obj
 0001:00001e98       ___security_init_cookie    10002e98 f   LIBCMT:gs_support.obj
 0001:00001ee3       _DllMain@12                10002ee3 f   LIBCMT:dll_dllmain_stub.obj
 0001:00001ee9       ?__scrt_initialize_type_info@@YAXXZ 10002ee9 f   LIBCMT:tncleanup.obj
 0001:00001ef5       ?__scrt_uninitialize_type_info@@YAXXZ 10002ef5 f   LIBCMT:tncleanup.obj
 0001:00001f01       ___local_stdio_scanf_options 10002f01 f i LIBCMT:default_local_stdio_options.obj
 0001:00001f07       ___scrt_initialize_default_local_stdio_options 10002f07 f   LIBCMT:default_local_stdio_options.obj
 0001:00001f68       ___scrt_acquire_startup_lock 10002f68 f   LIBCMT:utility.obj
 0001:00001f9a       ___scrt_dllmain_after_initialize_c 10002f9a f   LIBCMT:utility.obj
 0001:00001fc5       ___scrt_dllmain_before_initialize_c 10002fc5 f   LIBCMT:utility.obj
 0001:00001fd3       ___scrt_dllmain_crt_thread_attach 10002fd3 f   LIBCMT:utility.obj
 0001:00001ff2       ___scrt_dllmain_crt_thread_detach 10002ff2 f   LIBCMT:utility.obj
 0001:00001fff       ___scrt_dllmain_exception_filter 10002fff f   LIBCMT:utility.obj
 0001:00002033       ___scrt_dllmain_uninitialize_c 10003033 f   LIBCMT:utility.obj
 0001:00002056       ___scrt_dllmain_uninitialize_critical 10003056 f   LIBCMT:utility.obj
 0001:00002063       ___scrt_initialize_crt     10003063 f   LIBCMT:utility.obj
 0001:0000209c       ___scrt_initialize_onexit_tables 1000309c f   LIBCMT:utility.obj
 0001:00002141       ___scrt_is_nonwritable_in_current_image 10003141 f   LIBCMT:utility.obj
 0001:000021d5       ___scrt_release_startup_lock 100031d5 f   LIBCMT:utility.obj
 0001:000021f2       ___scrt_uninitialize_crt   100031f2 f   LIBCMT:utility.obj
 0001:0000221a       ___scrt_get_dyn_tls_init_callback 1000321a f   LIBCMT:dyn_tls_init.obj
 0001:00002220       ___scrt_fastfail           10003220 f   LIBCMT:utility_desktop.obj
 0001:0000233a       __crt_debugger_hook        1000333a f   LIBCMT:utility_desktop.obj
 0001:00002342       __RTC_Initialize           10003342 f   LIBCMT:initsect.obj
 0001:0000236e       __RTC_Terminate            1000336e f   LIBCMT:initsect.obj
 0001:0000239a       @_guard_check_icall_nop@4  1000339a f i LIBCMT:guard_support.obj
 0001:0000239b       ___isa_available_init      1000339b f   LIBCMT:cpu_disp.obj
 0001:00002532       __get_startup_argv_mode    10003532 f   LIBCMT:argv_mode.obj
 0001:00002536       ___scrt_is_ucrt_dll_in_use 10003536 f   LIBCMT:ucrt_detection.obj
 0001:00002542       _wcsrchr                   10003542 f   libvcruntime:wcsrchr.obj
 0001:000025f0       _strchr                    100035f0 f   libvcruntime:strchr.obj
 0001:0000265e       ___from_strstr_to_strchr   1000365e     libvcruntime:strchr.obj
 0001:00002720       _strrchr                   10003720 f   libvcruntime:strrchr.obj
 0001:000028a0       __except_handler4          100038a0 f   libvcruntime:chandler4.obj
 0001:00002a00       _memset                    10003a00 f   libvcruntime:memset.obj
 0001:00002b5a       ___std_type_info_destroy_list 10003b5a f   libvcruntime:std_type_info.obj
 0001:00002b7d       ___vcrt_initialize         10003b7d f   libvcruntime:initialization.obj
 0001:00002ba6       ___vcrt_thread_attach      10003ba6 f   libvcruntime:initialization.obj
 0001:00002bb1       ___vcrt_thread_detach      10003bb1 f   libvcruntime:initialization.obj
 0001:00002bbc       ___vcrt_uninitialize       10003bbc f   libvcruntime:initialization.obj
 0001:00002bdb       ___vcrt_uninitialize_critical 10003bdb f   libvcruntime:initialization.obj
 0001:00002bf0       __local_unwind4            10003bf0 f   libvcruntime:exsup4.obj
 0001:00002cc8       __seh_longjmp_unwind4@4    10003cc8 f   libvcruntime:exsup4.obj
 0001:00002cf0       @_EH4_CallFilterFunc@8     10003cf0 f   libvcruntime:exsup4.obj
 0001:00002d08       @_EH4_TransferToHandler@8  10003d08 f   libvcruntime:exsup4.obj
 0001:00002d24       @_EH4_GlobalUnwind2@8      10003d24 f   libvcruntime:exsup4.obj
 0001:00002d40       @_EH4_LocalUnwind@16       10003d40 f   libvcruntime:exsup4.obj
 0001:00002d57       ___except_validate_context_record 10003d57 f   libvcruntime:jbcxrval.obj
 0001:00002d87       ___except_validate_jump_buffer 10003d87 f   libvcruntime:jbcxrval.obj
 0001:00002db4       ___vcrt_freefls@4          10003db4 f   libvcruntime:per_thread_data.obj
 0001:00002dd0       ___vcrt_freeptd            10003dd0 f   libvcruntime:per_thread_data.obj
 0001:00002e06       ___vcrt_getptd_noexit      10003e06 f   libvcruntime:per_thread_data.obj
 0001:00002e98       ___vcrt_initialize_ptd     10003e98 f   libvcruntime:per_thread_data.obj
 0001:00002ecb       ___vcrt_uninitialize_ptd   10003ecb f   libvcruntime:per_thread_data.obj
 0001:00002ee6       ___vcrt_initialize_locks   10003ee6 f   libvcruntime:locks.obj
 0001:00002f22       ___vcrt_uninitialize_locks 10003f22 f   libvcruntime:locks.obj
 0001:00002f51       ??$__crt_fast_encode_pointer@PAX@@YAPAXQAX@Z 10003f51 f i libvcruntime:winapi_downlevel.obj
 0001:000030a1       ___vcrt_FlsAlloc           100040a1 f   libvcruntime:winapi_downlevel.obj
 0001:000030dc       ___vcrt_FlsFree            100040dc f   libvcruntime:winapi_downlevel.obj
 0001:00003117       ___vcrt_FlsGetValue        10004117 f   libvcruntime:winapi_downlevel.obj
 0001:00003152       ___vcrt_FlsSetValue        10004152 f   libvcruntime:winapi_downlevel.obj
 0001:00003190       ___vcrt_InitializeCriticalSectionEx 10004190 f   libvcruntime:winapi_downlevel.obj
 0001:000031d7       ___vcrt_initialize_winapi_thunks 100041d7 f   libvcruntime:winapi_downlevel.obj
 0001:00003200       ___vcrt_uninitialize_winapi_thunks 10004200 f   libvcruntime:winapi_downlevel.obj
 0001:00003232       ___vcrt_initialize_pure_virtual_call_handler 10004232 f   libvcruntime:purevirt_data.obj
 0001:00003240       __global_unwind2           10004240 f   libvcruntime:exsup.obj
 0001:000032a6       __local_unwind2            100042a6 f   libvcruntime:exsup.obj
 0001:0000332a       __abnormal_termination     1000432a f   libvcruntime:exsup.obj
 0001:00003350       __NLG_Notify1              10004350 f   libvcruntime:exsup.obj
 0001:0000335c       __NLG_Notify               1000435c f   libvcruntime:exsup.obj
 0001:00003373       __NLG_Dispatch2            10004373     libvcruntime:exsup.obj
 0001:00003373       __NLG_Dispatch             10004373     libvcruntime:exsup.obj
 0001:0000337b       __NLG_Call                 1000437b f   libvcruntime:exsup.obj
 0001:0000337d       __NLG_Return2              1000437d     libvcruntime:exsup.obj
 0001:00003380       _memcpy                    10004380 f   libvcruntime:memcpy.obj
 0001:00003900       __CallSettingFrame@12      10004900 f   libvcruntime:lowhelpr.obj
 0001:00003927       __NLG_Return               10004927     libvcruntime:lowhelpr.obj
 0001:0000394c       ___DestructExceptionObject 1000494c f   libvcruntime:ehhelpers.obj
 0001:000039ec       ?_CallMemberFunction0@@YGXQAX0@Z 100049ec f i libvcruntime:ehhelpers.obj
 0001:00003a00       _memmove                   10004a00 f   libvcruntime:memmove.obj
 0001:000040f0       ??$count@D@formatting_buffer@__crt_stdio_output@@QBEIXZ 100050f0 f i libucrt:output.obj
 0001:00004108       ??$ensure_buffer_is_big_enough@D@formatting_buffer@__crt_stdio_output@@QAE_NI@Z 10005108 f i libucrt:output.obj
 0001:0000418e       ??$is_wide_character_specifier@D@__crt_stdio_output@@YA_N_KDW4length_modifier@0@@Z 1000518e f i libucrt:output.obj
 0001:000041ce       ??$scratch_data@D@formatting_buffer@__crt_stdio_output@@QAEPADXZ 100051ce f i libucrt:output.obj
 0001:000041ec       ??$type_case_integer_parse_into_buffer@I@?$output_processor@DV?$string_output_adapter@D@__crt_stdio_output@@V?$standard_base@DV?$string_output_adapter@D@__crt_stdio_output@@@2@@__crt_stdio_output@@AAEXII_N@Z 100051ec f i libucrt:output.obj
 0001:00004261       ??$type_case_integer_parse_into_buffer@_K@?$output_processor@DV?$string_output_adapter@D@__crt_stdio_output@@V?$standard_base@DV?$string_output_adapter@D@__crt_stdio_output@@@2@@__crt_stdio_output@@AAEX_KI_N@Z 10005261 f i libucrt:output.obj
 0001:000042e9       ??$write_multiple_characters@V?$string_output_adapter@D@__crt_stdio_output@@D@__crt_stdio_output@@YAXABV?$string_output_adapter@D@0@DHQAH@Z 100052e9 f i libucrt:output.obj
 0001:00004315       ??0?$common_data@D@__crt_stdio_output@@IAE@XZ 10005315 f i libucrt:output.obj
 0001:0000435c       ??0?$output_adapter_data@DV?$string_output_adapter@D@__crt_stdio_output@@@__crt_stdio_output@@IAE@ABV?$string_output_adapter@D@1@_KQBDQAU__crt_locale_pointers@@QAD@Z 1000535c f i libucrt:output.obj
 0001:00004398       ??0?$output_processor@DV?$string_output_adapter@D@__crt_stdio_output@@V?$standard_base@DV?$string_output_adapter@D@__crt_stdio_output@@@2@@__crt_stdio_output@@QAE@ABV?$string_output_adapter@D@1@_KQBDQAU__crt_locale_pointers@@QAD@Z 10005398 f i libucrt:output.obj
 0001:000043cd       ??0_LocaleUpdate@@QAE@QAU__crt_locale_pointers@@@Z 100053cd f i libucrt:output.obj
 0001:00004450       ??1formatting_buffer@__crt_stdio_output@@QAE@XZ 10005450 f i libucrt:output.obj
 0001:0000446a       ??4?$__crt_unique_heap_ptr@DU__crt_internal_free_policy@@@@QAEAAV0@$$QAV0@@Z 1000546a f i libucrt:output.obj
 0001:0000448e       ?crop_zeroes@__crt_stdio_output@@YAXPADQAU__crt_locale_pointers@@@Z 1000548e f i libucrt:output.obj
 0001:000044e5       ?find_next_state@?$output_processor@DV?$string_output_adapter@D@__crt_stdio_output@@V?$standard_base@DV?$string_output_adapter@D@__crt_stdio_output@@@2@@__crt_stdio_output@@ABE?AW4state@2@DW432@@Z 100054e5 f i libucrt:output.obj
 0001:00004517       ?force_decimal_point@__crt_stdio_output@@YAXPADQAU__crt_locale_pointers@@@Z 10005517 f i libucrt:output.obj
 0001:00004573       ?parse_int_from_format_string@?$output_processor@DV?$string_output_adapter@D@__crt_stdio_output@@V?$standard_base@DV?$string_output_adapter@D@__crt_stdio_output@@@2@@__crt_stdio_output@@AAE_NQAH@Z 10005573 f i libucrt:output.obj
 0001:000045cf       ?process@?$output_processor@DV?$string_output_adapter@D@__crt_stdio_output@@V?$standard_base@DV?$string_output_adapter@D@__crt_stdio_output@@@2@@__crt_stdio_output@@QAEHXZ 100055cf f i libucrt:output.obj
 0001:000046eb       ?state_case_flag@?$output_processor@DV?$string_output_adapter@D@__crt_stdio_output@@V?$standard_base@DV?$string_output_adapter@D@__crt_stdio_output@@@2@@__crt_stdio_output@@AAE_NXZ 100056eb f i libucrt:output.obj
 0001:00004728       ?state_case_normal@?$output_processor@DV?$string_output_adapter@D@__crt_stdio_output@@V?$standard_base@DV?$string_output_adapter@D@__crt_stdio_output@@@2@@__crt_stdio_output@@AAE_NXZ 10005728 f i libucrt:output.obj
 0001:00004747       ?state_case_normal_common@?$output_processor@DV?$string_output_adapter@D@__crt_stdio_output@@V?$standard_base@DV?$string_output_adapter@D@__crt_stdio_output@@@2@@__crt_stdio_output@@AAE_NXZ 10005747 f i libucrt:output.obj
 0001:00004771       ?state_case_normal_tchar@?$output_processor@DV?$string_output_adapter@D@__crt_stdio_output@@V?$standard_base@DV?$string_output_adapter@D@__crt_stdio_output@@@2@@__crt_stdio_output@@AAE_ND@Z 10005771 f i libucrt:output.obj
 0001:000047d2       ?state_case_precision@?$output_processor@DV?$string_output_adapter@D@__crt_stdio_output@@V?$standard_base@DV?$string_output_adapter@D@__crt_stdio_output@@@2@@__crt_stdio_output@@AAE_NXZ 100057d2 f i libucrt:output.obj
 0001:000047fa       ?state_case_size@?$output_processor@DV?$string_output_adapter@D@__crt_stdio_output@@V?$standard_base@DV?$string_output_adapter@D@__crt_stdio_output@@@2@@__crt_stdio_output@@AAE_NXZ 100057fa f i libucrt:output.obj
 0001:00004963       ?state_case_type@?$output_processor@DV?$string_output_adapter@D@__crt_stdio_output@@V?$standard_base@DV?$string_output_adapter@D@__crt_stdio_output@@@2@@__crt_stdio_output@@AAE_NXZ 10005963 f i libucrt:output.obj
 0001:00004b92       ?state_case_width@?$output_processor@DV?$string_output_adapter@D@__crt_stdio_output@@V?$standard_base@DV?$string_output_adapter@D@__crt_stdio_output@@@2@@__crt_stdio_output@@AAE_NXZ 10005b92 f i libucrt:output.obj
 0001:00004bbd       ?to_integer_size@__crt_stdio_output@@YAIW4length_modifier@1@@Z 10005bbd f i libucrt:output.obj
 0001:00004c19       ?type_case_Z@?$output_processor@DV?$string_output_adapter@D@__crt_stdio_output@@V?$standard_base@DV?$string_output_adapter@D@__crt_stdio_output@@@2@@__crt_stdio_output@@AAE_NXZ 10005c19 f i libucrt:output.obj
 0001:00004c7c       ?type_case_a@?$output_processor@DV?$string_output_adapter@D@__crt_stdio_output@@V?$standard_base@DV?$string_output_adapter@D@__crt_stdio_output@@@2@@__crt_stdio_output@@AAE_NXZ 10005c7c f i libucrt:output.obj
 0001:00004dd6       ?type_case_c_tchar@?$output_processor@DV?$string_output_adapter@D@__crt_stdio_output@@V?$standard_base@DV?$string_output_adapter@D@__crt_stdio_output@@@2@@__crt_stdio_output@@AAE_ND@Z 10005dd6 f i libucrt:output.obj
 0001:00004e66       ?type_case_integer@?$output_processor@DV?$string_output_adapter@D@__crt_stdio_output@@V?$standard_base@DV?$string_output_adapter@D@__crt_stdio_output@@@2@@__crt_stdio_output@@AAE_NI_N@Z 10005e66 f i libucrt:output.obj
 0001:00004fb0       ?type_case_n@?$output_processor@DV?$string_output_adapter@D@__crt_stdio_output@@V?$standard_base@DV?$string_output_adapter@D@__crt_stdio_output@@@2@@__crt_stdio_output@@AAE_NXZ 10005fb0 f i libucrt:output.obj
 0001:00005024       ?type_case_o@?$output_processor@DV?$string_output_adapter@D@__crt_stdio_output@@V?$standard_base@DV?$string_output_adapter@D@__crt_stdio_output@@@2@@__crt_stdio_output@@AAE_NXZ 10006024 f i libucrt:output.obj
 0001:00005043       ?type_case_p@?$output_processor@DV?$string_output_adapter@D@__crt_stdio_output@@V?$standard_base@DV?$string_output_adapter@D@__crt_stdio_output@@@2@@__crt_stdio_output@@AAE_NXZ 10006043 f i libucrt:output.obj
 0001:0000505b       ?type_case_s@?$output_processor@DV?$string_output_adapter@D@__crt_stdio_output@@V?$standard_base@DV?$string_output_adapter@D@__crt_stdio_output@@@2@@__crt_stdio_output@@AAE_NXZ 1000605b f i libucrt:output.obj
 0001:000050ce       ?validate@?$string_output_adapter@D@__crt_stdio_output@@QBE_NXZ 100060ce f i libucrt:output.obj
 0001:000050ce       ?validate@?$c_string_character_source@D@__crt_strtox@@QBE_NXZ 100060ce f i libucrt:atox.obj
 0001:000050e9       ?write_character@?$string_output_adapter@D@__crt_stdio_output@@QBE_NDQAH@Z 100060e9 f i libucrt:output.obj
 0001:0000512b       ?write_stored_string_tchar@?$output_processor@DV?$string_output_adapter@D@__crt_stdio_output@@V?$standard_base@DV?$string_output_adapter@D@__crt_stdio_output@@@2@@__crt_stdio_output@@AAE_ND@Z 1000612b f i libucrt:output.obj
 0001:000051d2       ?write_string@?$string_output_adapter@D@__crt_stdio_output@@QBEXQBDHQAH1@Z 100061d2 f i libucrt:output.obj
 0001:00005265       ___stdio_common_vsprintf   10006265 f   libucrt:output.obj
 0001:00005289       _wcsncmp                   10006289 f   libucrt:wcsncmp.obj
 0001:000052c3       __initterm                 100062c3 f   libucrt:initterm.obj
 0001:0000531f       __initterm_e               1000631f f   libucrt:initterm.obj
 0001:00005364       __seh_filter_dll           10006364 f   libucrt:exception_filter.obj
 0001:00005384       __seh_filter_exe           10006384 f   libucrt:exception_filter.obj
 0001:00005712       ___acrt_initialize_thread_local_exit_callback 10006712 f   libucrt:exit.obj
 0001:00005721       __cexit                    10006721 f   libucrt:exit.obj
 0001:00005730       __exit                     10006730 f   libucrt:exit.obj
 0001:00005746       __is_c_termination_complete 10006746 f   libucrt:exit.obj
 0001:000059e5       ___acrt_allocate_buffer_for_argv 100069e5 f   libucrt:argv_parsing.obj
 0001:00005a3a       __configure_narrow_argv    10006a3a f   libucrt:argv_parsing.obj
 0001:00005b9e       ??$uninitialize@A6AXAAPAPAD@Z@?$dual_state_global@PAPAD@__crt_state_management@@QAEXA6AXAAPAPAD@Z@Z 10006b9e f i libucrt:environment_initialization.obj
 0001:00005b9e       ??$uninitialize@A6AXAAPAPA_W@Z@?$dual_state_global@PAPA_W@__crt_state_management@@QAEXA6AXAAPAPA_W@Z@Z 10006b9e f i libucrt:environment_initialization.obj
 0001:00005c14       ?initialize@?$dual_state_global@P6AXPB_W00II@Z@__crt_state_management@@QAEXQ6AXPB_W00II@Z@Z 10006c14 f i libucrt:invalid_parameter.obj
 0001:00005c14       ?initialize@?$dual_state_global@P6AXH@Z@__crt_state_management@@QAEXQ6AXH@Z@Z 10006c14 f i libucrt:signal.obj
 0001:00005c14       ?initialize@?$dual_state_global@PAPAD@__crt_state_management@@QAEXQAPAD@Z 10006c14 f i libucrt:environment_initialization.obj
 0001:00005c14       ?initialize@?$dual_state_global@P6AHI@Z@__crt_state_management@@QAEXQ6AHI@Z@Z 10006c14 f i libucrt:new_handler.obj
 0001:00005c14       ?initialize@?$dual_state_global@P6AHPAU_exception@@@Z@__crt_state_management@@QAEXQ6AHPAU_exception@@@Z@Z 10006c14 f i libucrt:matherr.obj
 0001:00005c14       ?initialize@?$dual_state_global@PAU__crt_locale_data@@@__crt_state_management@@QAEXQAU__crt_locale_data@@@Z 10006c14 f i libucrt:initialization.obj
 0001:00005c45       ___dcrt_uninitialize_environments_nolock 10006c45 f   libucrt:environment_initialization.obj
 0001:00005c7c       __initialize_narrow_environment 10006c7c f   libucrt:environment_initialization.obj
 0001:00005c81       ??$?RV<lambda_995298e7d72eb4c2aab26c0585b3abe5>@@AAV<lambda_275893d493268fdec8709772e3fcec0e>@@V<lambda_293819299cbf9a7022e18b56a874bb5c>@@@?$__crt_seh_guarded_call@H@@QAEH$$QAV<lambda_995298e7d72eb4c2aab26c0585b3abe5>@@AAV<lambda_275893d493268fdec8709772e3fcec0e>@@$$QAV<lambda_293819299cbf9a7022e18b56a874bb5c>@@@Z 10006c81 f i libucrt:onexit.obj
 0001:00005cd2       ??$__acrt_lock_and_call@V<lambda_275893d493268fdec8709772e3fcec0e>@@@@YAHW4__acrt_lock_id@@$$QAV<lambda_275893d493268fdec8709772e3fcec0e>@@@Z 10006cd2 f i libucrt:onexit.obj
 0001:00005e1a       __execute_onexit_table     10006e1a f   libucrt:onexit.obj
 0001:00005e37       __initialize_onexit_table  10006e37 f   libucrt:onexit.obj
 0001:00005ea0       ___acrt_uninitialize_command_line 10006ea0 f   libucrt:argv_data.obj
 0001:00005f68       ___acrt_initialize         10006f68 f   libucrt:initialization.obj
 0001:00005f7a       ___acrt_thread_attach      10006f7a f   libucrt:initialization.obj
 0001:00005f85       ___acrt_thread_detach      10006f85 f   libucrt:initialization.obj
 0001:00005f8d       ___acrt_uninitialize       10006f8d f   libucrt:initialization.obj
 0001:00005f9f       ___acrt_uninitialize_critical 10006f9f f   libucrt:initialization.obj
 0001:00005fb1       _terminate                 10006fb1 f   libucrt:terminate.obj
 0001:00005fed       _free                      10006fed f   libucrt:free.obj
 0001:00005ff2       _strcpy_s                  10006ff2 f   libucrt:strcpy_s.obj
 0001:0000604c       ??$is_overflow_condition@K@__crt_strtox@@YA_NIK@Z 1000704c f i libucrt:atox.obj
 0001:0000607f       ??$parse_integer@KV?$c_string_character_source@D@__crt_strtox@@@__crt_strtox@@YAKQAU__crt_locale_pointers@@V?$c_string_character_source@D@0@H_N@Z 1000707f f i libucrt:atox.obj
 0001:000062a7       ?unget@?$c_string_character_source@D@__crt_strtox@@QAEXD@Z 100072a7 f i libucrt:atox.obj
 0001:000062cf       __chvalidchk_l             100072cf f i libucrt:atox.obj
 0001:000062f9       __ischartype_l             100072f9 f i libucrt:atox.obj
 0001:00006330       _strncmp                   10007330 f   libucrt:strncmp.obj
 0001:000063a8       _abort                     100073a8 f   libucrt:abort.obj
 0001:000063eb       _calloc                    100073eb f   libucrt:calloc.obj
 0001:000063f6       ___acrt_call_reportfault   100073f6 f   libucrt:invalid_parameter.obj
 0001:00006531       ___acrt_initialize_invalid_parameter_handler 10007531 f   libucrt:invalid_parameter.obj
 0001:00006545       __invalid_parameter        10007545 f   libucrt:invalid_parameter.obj
 0001:000065c0       __invalid_parameter_noinfo 100075c0 f   libucrt:invalid_parameter.obj
 0001:000065d0       __invoke_watson            100075d0 f   libucrt:invalid_parameter.obj
 0001:00006603       __isdigit_l                10007603 f i libucrt:_ctype.obj
 0001:0000663b       _isdigit                   1000763b f i libucrt:_ctype.obj
 0001:000067cf       __tolower_l                100077cf f   libucrt:tolower_toupper.obj
 0001:000067e9       _tolower                   100077e9 f   libucrt:tolower_toupper.obj
 0001:00006819       ___acrt_errno_from_os_error 10007819 f   libucrt:errno.obj
 0001:0000685c       ___acrt_errno_map_os_error 1000785c f   libucrt:errno.obj
 0001:0000687f       ___doserrno                1000787f f   libucrt:errno.obj
 0001:00006892       __errno                    10007892 f   libucrt:errno.obj
 0001:000068a5       __free_base                100078a5 f   libucrt:free_base.obj
 0001:000068df       __malloc_base              100078df f   libucrt:malloc_base.obj
 0001:0000692d       ??$make_c_string_character_source@DPAPAD@__crt_strtox@@YA?AV?$c_string_character_source@D@0@QBDQAPAD@Z 1000792d f i libucrt:strtox.obj
 0001:00006948       _strtol                    10007948 f   libucrt:strtox.obj
 0001:00006974       __mbtowc_l                 10007974 f   libucrt:mbtowc.obj
 0001:00006a6e       _mbtowc                    10007a6e f   libucrt:mbtowc.obj
 0001:00006a88       __wctomb_s_l               10007a88 f   libucrt:wctomb.obj
 0001:00006ba9       _wctomb_s                  10007ba9 f   libucrt:wctomb.obj
 0001:00006bc6       _strnlen                   10007bc6 f   libucrt:strnlen.obj
 0001:00006ced       _wcsnlen                   10007ced f   libucrt:strnlen.obj
 0001:00006ea4       ??$?RV<lambda_3518db117f0e7cdb002338c5d3c47b6c>@@AAV<lambda_b2ea41f6bbb362cd97d94c6828d90b61>@@V<lambda_abdedf541bb04549bc734292b4a045d4>@@@?$__crt_seh_guarded_call@X@@QAEX$$QAV<lambda_3518db117f0e7cdb002338c5d3c47b6c>@@AAV<lambda_b2ea41f6bbb362cd97d94c6828d90b61>@@$$QAV<lambda_abdedf541bb04549bc734292b4a045d4>@@@Z 10007ea4 f i libucrt:per_thread_data.obj
 0001:00006ef4       ??$?RV<lambda_51b6e8b1eb166f2a3faf91f424b38130>@@AAV<lambda_6250bd4b2a391816dd638c3bf72b0bcb>@@V<lambda_0b5a4a3e68152e1d9b943535f5f47bed>@@@?$__crt_seh_guarded_call@X@@QAEX$$QAV<lambda_51b6e8b1eb166f2a3faf91f424b38130>@@AAV<lambda_6250bd4b2a391816dd638c3bf72b0bcb>@@$$QAV<lambda_0b5a4a3e68152e1d9b943535f5f47bed>@@@Z 10007ef4 f i libucrt:per_thread_data.obj
 0001:00006f55       ??$?RV<lambda_5b71d36f03204c0beab531769a5b5694>@@AAV<lambda_be2b3da3f62db62e9dad5dc70221a656>@@V<lambda_8f9ce462984622f9bf76b59e2aaaf805>@@@?$__crt_seh_guarded_call@X@@QAEX$$QAV<lambda_5b71d36f03204c0beab531769a5b5694>@@AAV<lambda_be2b3da3f62db62e9dad5dc70221a656>@@$$QAV<lambda_8f9ce462984622f9bf76b59e2aaaf805>@@@Z 10007f55 f i libucrt:per_thread_data.obj
 0001:00006fa0       ??$?RV<lambda_9df27f884b057bc3edfc946cb5b7cf47>@@AAV<lambda_e69574bed617af4e071282c136b37893>@@V<lambda_cc0d902bcbbeb830f749456577db4721>@@@?$__crt_seh_guarded_call@X@@QAEX$$QAV<lambda_9df27f884b057bc3edfc946cb5b7cf47>@@AAV<lambda_e69574bed617af4e071282c136b37893>@@$$QAV<lambda_cc0d902bcbbeb830f749456577db4721>@@@Z 10007fa0 f i libucrt:per_thread_data.obj
 0001:00006fe8       ??$__acrt_lock_and_call@V<lambda_6250bd4b2a391816dd638c3bf72b0bcb>@@@@YAXW4__acrt_lock_id@@$$QAV<lambda_6250bd4b2a391816dd638c3bf72b0bcb>@@@Z 10007fe8 f i libucrt:per_thread_data.obj
 0001:00007010       ??$__acrt_lock_and_call@V<lambda_b2ea41f6bbb362cd97d94c6828d90b61>@@@@YAXW4__acrt_lock_id@@$$QAV<lambda_b2ea41f6bbb362cd97d94c6828d90b61>@@@Z 10008010 f i libucrt:per_thread_data.obj
 0001:00007038       ??$__acrt_lock_and_call@V<lambda_be2b3da3f62db62e9dad5dc70221a656>@@@@YAXW4__acrt_lock_id@@$$QAV<lambda_be2b3da3f62db62e9dad5dc70221a656>@@@Z 10008038 f i libucrt:per_thread_data.obj
 0001:00007060       ??$__acrt_lock_and_call@V<lambda_e69574bed617af4e071282c136b37893>@@@@YAXW4__acrt_lock_id@@$$QAV<lambda_e69574bed617af4e071282c136b37893>@@@Z 10008060 f i libucrt:per_thread_data.obj
 0001:00007216       ___acrt_freeptd            10008216 f   libucrt:per_thread_data.obj
 0001:00007242       ___acrt_getptd             10008242 f   libucrt:per_thread_data.obj
 0001:000072c6       ___acrt_getptd_noexit      100082c6 f   libucrt:per_thread_data.obj
 0001:0000734b       ___acrt_initialize_ptd     1000834b f   libucrt:per_thread_data.obj
 0001:00007377       ___acrt_uninitialize_ptd   10008377 f   libucrt:per_thread_data.obj
 0001:00007391       ___acrt_update_locale_info 10008391 f   libucrt:locale_update.obj
 0001:000073be       ___acrt_update_multibyte_info 100083be f   libucrt:locale_update.obj
 0001:000073eb       ?__acrt_fp_classify@@YA?AW4__acrt_fp_class@@ABN@Z 100083eb f i libucrt:cvt.obj
 0001:00007457       ?__acrt_fp_is_negative@@YA_NABN@Z 10008457 f i libucrt:cvt.obj
 0001:00007cb6       ___acrt_fp_format          10008cb6 f   libucrt:cvt.obj
 0001:00007e00       __fileno                   10008e00 f   libucrt:fileno.obj
 0001:00007e26       ___acrt_initialize_stdio   10008e26 f   libucrt:_file.obj
 0001:00007eee       ___acrt_uninitialize_stdio 10008eee f   libucrt:_file.obj
 0001:00007f3a       __lock_file                10008f3a f   libucrt:_file.obj
 0001:00007f4e       __unlock_file              10008f4e f   libucrt:_file.obj
 0001:00007f62       __get_printf_count_output  10008f62 f   libucrt:printf_count_output.obj
 0001:00007f77       ___acrt_set_locale_changed 10008f77 f   libucrt:wsetlocale.obj
 0001:00007f82       ___acrt_uninitialize_locale 10008f82 f   libucrt:wsetlocale.obj
 0001:00008140       ___acrt_initialize_lowio   10009140 f   libucrt:ioinit.obj
 0001:00008196       ___acrt_uninitialize_lowio 10009196 f   libucrt:ioinit.obj
 0001:000081c2       ___acrt_initialize_locks   100091c2 f   libucrt:locks.obj
 0001:00008203       ___acrt_lock               10009203 f   libucrt:locks.obj
 0001:0000821a       ___acrt_uninitialize_locks 1000921a f   libucrt:locks.obj
 0001:0000824b       ___acrt_unlock             1000924b f   libucrt:locks.obj
 0001:00008379       ___acrt_FlsAlloc@4         10009379 f   libucrt:winapi_thunks.obj
 0001:000083cf       ___acrt_FlsFree@4          100093cf f   libucrt:winapi_thunks.obj
 0001:00008425       ___acrt_FlsGetValue@4      10009425 f   libucrt:winapi_thunks.obj
 0001:0000847b       ___acrt_FlsSetValue@8      1000947b f   libucrt:winapi_thunks.obj
 0001:000084d4       ___acrt_InitializeCriticalSectionEx@12 100094d4 f   libucrt:winapi_thunks.obj
 0001:00008536       ___acrt_LCMapStringEx@36   10009536 f   libucrt:winapi_thunks.obj
 0001:000085be       ___acrt_LocaleNameToLCID@8 100095be f   libucrt:winapi_thunks.obj
 0001:0000861a       ___acrt_initialize_winapi_thunks 1000961a f   libucrt:winapi_thunks.obj
 0001:00008640       ___acrt_is_packaged_app    10009640 f   libucrt:winapi_thunks.obj
 0001:000086c7       ___acrt_uninitialize_winapi_thunks 100096c7 f   libucrt:winapi_thunks.obj
 0001:000086fd       __calloc_base              100096fd f   libucrt:calloc_base.obj
 0001:00008b1c       ??1?$argument_list@D@?A0xb0e4b824@@QAE@XZ 10009b1c f i libucrt:argv_wildcards.obj
 0001:00008b41       ?append@?$argument_list@D@?A0xb0e4b824@@QAEHQAD@Z 10009b41 f i libucrt:argv_wildcards.obj
 0001:00008b76       ?expand_if_necessary@?$argument_list@D@?A0xb0e4b824@@AAEHXZ 10009b76 f i libucrt:argv_wildcards.obj
 0001:00008bfd       ___acrt_expand_narrow_argv_wildcards 10009bfd f   libucrt:argv_wildcards.obj
 0001:00008c08       ??$?RV<lambda_978dc153c237d78434369da87b74ff60>@@AAV<lambda_ad1ced32f4ac17aa236e5ef05d6b3b7c>@@V<lambda_4a8533e2866a575feecb8298ce776b0d>@@@?$__crt_seh_guarded_call@X@@QAEX$$QAV<lambda_978dc153c237d78434369da87b74ff60>@@AAV<lambda_ad1ced32f4ac17aa236e5ef05d6b3b7c>@@$$QAV<lambda_4a8533e2866a575feecb8298ce776b0d>@@@Z 10009c08 f i libucrt:mbctype.obj
 0001:00008c4b       ??$__acrt_lock_and_call@V<lambda_ad1ced32f4ac17aa236e5ef05d6b3b7c>@@@@YAXW4__acrt_lock_id@@$$QAV<lambda_ad1ced32f4ac17aa236e5ef05d6b3b7c>@@@Z 10009c4b f i libucrt:mbctype.obj
 0001:000090e2       ___acrt_initialize_multibyte 1000a0e2 f   libucrt:mbctype.obj
 0001:00009100       ___acrt_update_thread_multibyte_data 1000a100 f   libucrt:mbctype.obj
 0001:000091a2       __setmbcp_nolock           1000a1a2 f   libucrt:mbctype.obj
 0001:0000946d       __ismbblead                1000a46d f   libucrt:ismbbyte.obj
 0001:00009485       ___acrt_initialize_command_line 1000a485 f   libucrt:argv_data.obj
 0001:000094d5       ___dcrt_get_narrow_environment_from_os 1000a4d5 f   libucrt:get_environment_from_os.obj
 0001:00009558       __recalloc                 1000a558 f   libucrt:recalloc.obj
 0001:00009563       __recalloc_base            1000a563 f   libucrt:recalloc.obj
 0001:000095d0       ___acrt_initialize_heap    1000a5d0 f   libucrt:heap_handle.obj
 0001:000095e1       ___acrt_uninitialize_heap  1000a5e1 f   libucrt:heap_handle.obj
 0001:000095eb       ___acrt_execute_initializers 1000a5eb f   libucrt:shared_initialization.obj
 0001:0000966e       ___acrt_execute_uninitializers 1000a66e f   libucrt:shared_initialization.obj
 0001:000096bb       ___acrt_initialize_new_handler 1000a6bb f   libucrt:new_handler.obj
 0001:000096cf       __callnewh                 1000a6cf f   libucrt:new_handler.obj
 0001:00009713       __query_new_handler        1000a713 f   libucrt:new_handler.obj
 0001:00009765       ??$?RV<lambda_a048d3beccc847880fc8490e18b82769>@@AAV<lambda_ec61778202f4f5fc7e7711acc23c3bca>@@V<lambda_f7496a158712204296dd6628a163878e>@@@?$__crt_seh_guarded_call@P6AXH@Z@@QAEP6AXH@Z$$QAV<lambda_a048d3beccc847880fc8490e18b82769>@@AAV<lambda_ec61778202f4f5fc7e7711acc23c3bca>@@$$QAV<lambda_f7496a158712204296dd6628a163878e>@@@Z 1000a765 f i libucrt:signal.obj
 0001:000097bf       ??$__acrt_lock_and_call@V<lambda_ec61778202f4f5fc7e7711acc23c3bca>@@@@YAP6AXH@ZW4__acrt_lock_id@@$$QAV<lambda_ec61778202f4f5fc7e7711acc23c3bca>@@@Z 1000a7bf f i libucrt:signal.obj
 0001:00009851       ___acrt_get_sigabrt_handler 1000a851 f   libucrt:signal.obj
 0001:00009868       ___acrt_initialize_signal_handlers 1000a868 f   libucrt:signal.obj
 0001:000098a3       ___fpecode                 1000a8a3 f   libucrt:signal.obj
 0001:000098ac       _raise                     1000a8ac f   libucrt:signal.obj
 0001:00009ab4       ___acrt_has_user_matherr   1000aab4 f   libucrt:matherr.obj
 0001:00009acd       ___acrt_initialize_user_matherr 1000aacd f   libucrt:matherr.obj
 0001:00009ae1       ___acrt_invoke_user_matherr 1000aae1 f   libucrt:matherr.obj
 0001:00009b2a       ___pctype_func             1000ab2a f   libucrt:ctype.obj
 0001:00009b50       __isctype_l                1000ab50 f   libucrt:isctype.obj
 0001:00009c22       __isleadbyte_l             1000ac22 f i libucrt:_wctype.obj
 0001:00009e78       ___acrt_LCMapStringA       1000ae78 f   libucrt:lcmapstringa.obj
 0001:00009ec3       __freea_crt                1000aec3 f i libucrt:lcmapstringa.obj
 0001:00009ee3       __query_new_mode           1000aee3 f   libucrt:new_mode.obj
 0001:00009ee9       ___acrt_add_locale_ref     1000aee9 f   libucrt:locale_refcounting.obj
 0001:00009f66       ___acrt_free_locale        1000af66 f   libucrt:locale_refcounting.obj
 0001:0000a0b0       ___acrt_locale_add_lc_time_reference 1000b0b0 f   libucrt:locale_refcounting.obj
 0001:0000a0d9       ___acrt_locale_free_lc_time_if_unreferenced 1000b0d9 f   libucrt:locale_refcounting.obj
 0001:0000a109       ___acrt_locale_release_lc_time_reference 1000b109 f   libucrt:locale_refcounting.obj
 0001:0000a132       ___acrt_release_locale_ref 1000b132 f   libucrt:locale_refcounting.obj
 0001:0000a1b3       ___acrt_update_thread_locale_data 1000b1b3 f   libucrt:locale_refcounting.obj
 0001:0000a22a       __updatetlocinfoEx_nolock  1000b22a f   libucrt:locale_refcounting.obj
 0001:0000a27a       ___acrt_fp_strflt_to_string 1000b27a f   libucrt:_fptostr.obj
 0001:0000a336       ??0scoped_fp_state_reset@?A0x48fbfdd4@@QAE@XZ 1000b336 f i libucrt:cfout.obj
 0001:0000a360       ?divide@__crt_strtox@@YA_KAAUbig_integer@1@ABU21@@Z 1000b360 f i libucrt:cfout.obj
 0001:0000a80e       ___acrt_fltout             1000b80e f   libucrt:cfout.obj
 0001:0000bbaa       __fcloseall                1000cbaa f   libucrt:closeall.obj
 0001:0000bc4a       ___acrt_stdio_flush_nolock 1000cc4a f   libucrt:fflush.obj
 0001:0000bcb0       __fflush_nolock            1000ccb0 f   libucrt:fflush.obj
 0001:0000bcf7       __flushall                 1000ccf7 f   libucrt:fflush.obj
 0001:0000bdd8       ___acrt_stdio_free_buffer_nolock 1000cdd8 f   libucrt:_freebuf.obj
 0001:0000be16       __isatty                   1000ce16 f   libucrt:isatty.obj
 0001:0000be6c       ___acrt_locale_free_monetary 1000ce6c f   libucrt:initmon.obj
 0001:0000bf6a       ___acrt_locale_free_numeric 1000cf6a f   libucrt:initnum.obj
 0001:0000c00f       ___acrt_locale_free_time   1000d00f f   libucrt:inittime.obj
 0001:0000c0f3       ___acrt_GetStringTypeA     1000d0f3 f   libucrt:getstringtypea.obj
 0001:0000c210       ___acrt_lowio_create_handle_array 1000d210 f   libucrt:osfinfo.obj
 0001:0000c28a       ___acrt_lowio_destroy_handle_array 1000d28a f   libucrt:osfinfo.obj
 0001:0000c2bf       ___acrt_lowio_ensure_fh_exists 1000d2bf f   libucrt:osfinfo.obj
 0001:0000c357       ___acrt_lowio_lock_fh      1000d357 f   libucrt:osfinfo.obj
 0001:0000c37a       ___acrt_lowio_unlock_fh    1000d37a f   libucrt:osfinfo.obj
 0001:0000c39d       __free_osfhnd              1000d39d f   libucrt:osfinfo.obj
 0001:0000c42e       __get_osfhandle            1000d42e f   libucrt:osfinfo.obj
 0001:0000c554       ___acrt_DownlevelLocaleNameToLCID 1000d554 f   libucrt:lcidtoname_downlevel.obj
 0001:0000c660       _qsort                     1000d660 f   libucrt:qsort.obj
 0001:0000caab       _strncpy_s                 1000daab f   libucrt:strncpy_s.obj
 0001:0000cac0       _strpbrk                   1000dac0 f   libucrt:strpbrk.obj
 0001:0000cb00       __mbsdec                   1000db00 f   libucrt:mbsdec.obj
 0001:0000cb17       __mbsdec_l                 1000db17 f   libucrt:mbsdec.obj
 0001:0000cbb3       __msize                    1000dbb3 f   libucrt:msize.obj
 0001:0000cbe6       __realloc_base             1000dbe6 f   libucrt:realloc_base.obj
 0001:0000cc4f       ___strncnt                 1000dc4f f   libucrt:strncnt.obj
 0001:0000cc6b       _fegetenv                  1000dc6b f   libucrt:fegetenv.obj
 0001:0000cc88       _fesetenv                  1000dc88 f   libucrt:fesetenv.obj
 0001:0000ccd1       _feholdexcept              1000dcd1 f   libucrt:feholdexcept.obj
 0001:0000cd20       _log10                     1000dd20 f   libucrt:log10.obj
 0001:0000cd60       __CIlog10                  1000dd60 f   libucrt:log10.obj
 0001:0000cd9b       __CIlog10_default          1000dd9b f   libucrt:log10.obj
 0001:0000cdaf       __log10_default            1000ddaf     libucrt:log10.obj
 0001:0000ce70       _ceil                      1000de70 f   libucrt:ceil_pentium4.obj
 0001:0000ceb0       __ceil_pentium4            1000deb0 f   libucrt:ceil_pentium4.obj
 0001:0000d51d       __write                    1000e51d f   libucrt:write.obj
 0001:0000d608       __write_nolock             1000e608 f   libucrt:write.obj
 0001:0000d892       __lseeki64_nolock          1000e892 f   libucrt:lseek.obj
 0001:0000d8ad       __fclose_nolock            1000e8ad f   libucrt:fclose.obj
 0001:0000d923       _fclose                    1000e923 f   libucrt:fclose.obj
 0001:0000d9a3       ??$?RV<lambda_61cee617f5178ae960314fd4d05640a0>@@AAV<lambda_6978c1fb23f02e42e1d9e99668cc68aa>@@V<lambda_9cd88cf8ad10232537feb2133f08c833>@@@?$__crt_seh_guarded_call@H@@QAEH$$QAV<lambda_61cee617f5178ae960314fd4d05640a0>@@AAV<lambda_6978c1fb23f02e42e1d9e99668cc68aa>@@$$QAV<lambda_9cd88cf8ad10232537feb2133f08c833>@@@Z 1000e9a3 f i libucrt:commit.obj
 0001:0000da3b       ??$__acrt_lowio_lock_fh_and_call@V<lambda_6978c1fb23f02e42e1d9e99668cc68aa>@@@@YAHH$$QAV<lambda_6978c1fb23f02e42e1d9e99668cc68aa>@@@Z 1000ea3b f i libucrt:commit.obj
 0001:0000da63       __commit                   1000ea63 f   libucrt:commit.obj
 0001:0000dad2       __query_app_type           1000ead2 f   libucrt:report_runtime_error.obj
 0001:0000dd7b       __getfpcontrolword         1000ed7b f   libucrt:_fenvutils.obj
 0001:0000ddbe       __getfpstatusword          1000edbe f   libucrt:_fenvutils.obj
 0001:0000de66       __setfpcontrolword         1000ee66 f   libucrt:_fenvutils.obj
 0001:0000dee6       __setfpstatusword          1000eee6 f   libucrt:_fenvutils.obj
 0001:0000df66       __clearfp                  1000ef66 f   libucrt:ieee87.obj
 0001:0000e044       ___acrt_initialize_sse2    1000f044 f   libucrt:mathfcns.obj
 0001:0000e060       __CIlog10_pentium4         1000f060 f   libucrt:log10_pentium4.obj
 0001:0000e078       __log10_pentium4           1000f078     libucrt:log10_pentium4.obj
 0001:0000e301       __fFEXP                    1000f301     libucrt:87tran.obj
 0001:0000e358       __rtinfpopse               1000f358     libucrt:87tran.obj
 0001:0000e35a       __rtinfnpopse              1000f35a     libucrt:87tran.obj
 0001:0000e36a       __fFLN                     1000f36a     libucrt:87tran.obj
 0001:0000e41f       __rtinfpop                 1000f41f     libucrt:87tran.obj
 0001:0000e421       __rtinfnpop                1000f421     libucrt:87tran.obj
 0001:0000e43e       __ffexpm1                  1000f43e     libucrt:87tran.obj
 0001:0000e4f0       __trandisp1                1000f4f0 f   libucrt:87disp.obj
 0001:0000e557       __trandisp2                1000f557 f   libucrt:87disp.obj
 0001:0000e5e3       __rttospopde               1000f5e3     libucrt:87disp.obj
 0001:0000e5e8       __rttospop                 1000f5e8     libucrt:87disp.obj
 0001:0000e5ea       __rtnospop                 1000f5ea     libucrt:87disp.obj
 0001:0000e5ec       __rttosnpop                1000f5ec     libucrt:87disp.obj
 0001:0000e5ed       __rtnospopde               1000f5ed     libucrt:87disp.obj
 0001:0000e5f4       __rtzeropop                1000f5f4     libucrt:87disp.obj
 0001:0000e5f6       __rtzeronpop               1000f5f6     libucrt:87disp.obj
 0001:0000e5fb       __rtzerospop               1000f5fb     libucrt:87disp.obj
 0001:0000e608       __rtonepop                 1000f608     libucrt:87disp.obj
 0001:0000e60a       __rtonenpop                1000f60a     libucrt:87disp.obj
 0001:0000e60f       __tosnan1                  1000f60f     libucrt:87disp.obj
 0001:0000e63a       __nosnan2                  1000f63a     libucrt:87disp.obj
 0001:0000e63c       __tosnan2                  1000f63c     libucrt:87disp.obj
 0001:0000e664       __nan2                     1000f664     libucrt:87disp.obj
 0001:0000e6a3       __rtindfpop                1000f6a3     libucrt:87disp.obj
 0001:0000e6a5       __rtindfnpop               1000f6a5     libucrt:87disp.obj
 0001:0000e6b6       __rttosnpopde              1000f6b6     libucrt:87disp.obj
 0001:0000e6c0       __rtatan2inf               1000f6c0     libucrt:87disp.obj
 0001:0000e6dd       __rtchsifneg               1000f6dd     libucrt:87disp.obj
 0001:0000e6f0       __twoToTOS                 1000f6f0 f   libucrt:common.obj
 0001:0000e705       __load_CW                  1000f705 f   libucrt:common.obj
 0001:0000e71c       __convertTOStoQNaN         1000f71c f   libucrt:common.obj
 0001:0000e735       __fload_withFB             1000f735 f   libucrt:common.obj
 0001:0000e778       __checkTOS_withFB          1000f778 f   libucrt:common.obj
 0001:0000e78e       __fast_exit                1000f78e f   libucrt:common.obj
 0001:0000e79b       __math_exit                1000f79b f   libucrt:common.obj
 0001:0000e7c5       __check_overflow_exit      1000f7c5 f   libucrt:common.obj
 0001:0000e7d9       __check_range_exit         1000f7d9 f   libucrt:common.obj
 0001:0000e880       __startTwoArgErrorHandling 1000f880 f   libucrt:genexcep.obj
 0001:0000e897       __startOneArgErrorHandling 1000f897 f   libucrt:genexcep.obj
 0001:0000e8d3       ___libm_error_support      1000f8d3 f   libucrt:libm_error.obj
 0001:0000eaeb       __ceil_default             1000faeb f   libucrt:ceil.obj
 0001:0000eba4       __putwch_nolock            1000fba4 f   libucrt:putwch.obj
 0001:0000ebe9       ??$?RV<lambda_123407a5e2ac06da108355a851863b7a>@@AAV<lambda_2fe9b910cf3cbf4a0ab98a02ba45b3ec>@@V<lambda_ae55bdf541ad94d75914d381c370e64d>@@@?$__crt_seh_guarded_call@H@@QAEH$$QAV<lambda_123407a5e2ac06da108355a851863b7a>@@AAV<lambda_2fe9b910cf3cbf4a0ab98a02ba45b3ec>@@$$QAV<lambda_ae55bdf541ad94d75914d381c370e64d>@@@Z 1000fbe9 f i libucrt:close.obj
 0001:0000ec6b       ??$__acrt_lowio_lock_fh_and_call@V<lambda_2fe9b910cf3cbf4a0ab98a02ba45b3ec>@@@@YAHH$$QAV<lambda_2fe9b910cf3cbf4a0ab98a02ba45b3ec>@@@Z 1000fc6b f i libucrt:close.obj
 0001:0000ec93       __close                    1000fc93 f   libucrt:close.obj
 0001:0000ed12       __close_nolock             1000fd12 f   libucrt:close.obj
 0001:0000edae       ?__acrt_stdio_free_stream@@YAXV__crt_stdio_stream@@@Z 1000fdae f   libucrt:stream.obj
 0001:0000edf0       ___ascii_strnicmp          1000fdf0 f   libucrt:_strnicm.obj
 0001:0000ee51       __clrfp                    1000fe51 f   libucrt:fpctrl.obj
 0001:0000ee64       __ctrlfp                   1000fe64 f   libucrt:fpctrl.obj
 0001:0000ee90       __set_statfp               1000fe90 f   libucrt:fpctrl.obj
 0001:0000eeeb       __statfp                   1000feeb f   libucrt:fpctrl.obj
 0001:0000eefd       __d_inttype                1000fefd f   libucrt:powhlp.obj
 0001:0000ef67       __powhlp                   1000ff67 f   libucrt:powhlp.obj
 0001:0000f092       __87except                 10010092 f   libucrt:87except.obj
 0001:0000f19d       __frnd                     1001019d f   libucrt:frnd.obj
 0001:0000f1b3       __errcode                  100101b3 f   libucrt:fpexcept.obj
 0001:0000f1e7       __except1                  100101e7 f   libucrt:fpexcept.obj
 0001:0000f2b5       __handle_exc               100102b5 f   libucrt:fpexcept.obj
 0001:0000f495       __raise_exc                10010495 f   libucrt:fpexcept.obj
 0001:0000f4b8       __raise_exc_ex             100104b8 f   libucrt:fpexcept.obj
 0001:0000f7a9       __set_errno_from_matherr   100107a9 f   libucrt:fpexcept.obj
 0001:0000f7d8       __umatherr                 100107d8 f   libucrt:fpexcept.obj
 0001:0000f87a       __decomp                   1001087a f   libucrt:util.obj
 0001:0000f94e       __set_exp                  1001094e f   libucrt:util.obj
 0001:0000f97d       __sptype                   1001097d f   libucrt:util.obj
 0001:0000f9db       ___dcrt_lowio_initialize_console_output 100109db f   libucrt:initcon.obj
 0001:0000f9fa       ___dcrt_terminate_console_output 100109fa f   libucrt:initcon.obj
 0001:0000fa11       __fpclass                  10010a11 f   libucrt:ieeemisc.obj
 0001:0000fab5       _IsProcessorFeaturePresent@4 10010ab5 f   kernel32:KERNEL32.dll
 0001:0000fac0       __FindPESection            10010ac0 f   LIBCMT:pesect.obj
 0001:0000fb10       __IsNonwritableInCurrentImage 10010b10 f   LIBCMT:pesect.obj
 0001:0000fbd0       __ValidateImageBase        10010bd0 f   LIBCMT:pesect.obj
 0001:0000fc10       __aulldvrm                 10010c10 f   LIBCMT:ulldvrm.obj
 0001:0000fcb0       __SEH_prolog4_GS           10010cb0 f   LIBCMT:sehprolg4gs.obj
 0001:0000fcf9       __SEH_epilog4_GS           10010cf9 f   LIBCMT:sehprolg4gs.obj
 0001:0000fd10       __alldvrm                  10010d10 f   LIBCMT:lldvrm.obj
 0001:0000fdf0       __aullshr                  10010df0 f   LIBCMT:ullshr.obj
 0001:0000fe10       __alloca_probe_16          10010e10 f   LIBCMT:alloca16.obj
 0001:0000fe26       __alloca_probe_8           10010e26     LIBCMT:alloca16.obj
 0001:0000fe40       __allshl                   10010e40 f   LIBCMT:llshl.obj
 0001:0000fe60       __ftol2_sse                10010e60 f   LIBCMT:ftol2.obj
 0001:0000fe69       __ftol2_pentium4           10010e69 f   LIBCMT:ftol2.obj
 0001:0000fe7c       __ftol2_sse_excpt          10010e7c f   LIBCMT:ftol2.obj
 0001:0000fea0       __ftol2                    10010ea0 f   LIBCMT:ftol2.obj
 0001:0000ff20       __chkstk                   10010f20 f   LIBCMT:chkstk.obj
 0001:0000ff20       __alloca_probe             10010f20 f   LIBCMT:chkstk.obj
 0002:00000000       __imp__SelectObject@8      10011000     gdi32:GDI32.dll
 0002:00000004       __imp__DeleteObject@4      10011004     gdi32:GDI32.dll
 0002:00000008       __imp__DeleteDC@4          10011008     gdi32:GDI32.dll
 0002:0000000c       __imp__CreateSolidBrush@4  1001100c     gdi32:GDI32.dll
 0002:00000010       __imp__CreateCompatibleDC@4 10011010     gdi32:GDI32.dll
 0002:00000014       __imp__CreateDIBSection@24 10011014     gdi32:GDI32.dll
 0002:00000018       \177GDI32_NULL_THUNK_DATA  10011018     gdi32:GDI32.dll
 0002:0000001c       __imp__WriteFile@20        1001101c     kernel32:KERNEL32.dll
 0002:00000020       __imp__CloseHandle@4       10011020     kernel32:KERNEL32.dll
 0002:00000024       __imp__lstrcpynW@12        10011024     kernel32:KERNEL32.dll
 0002:00000028       __imp__lstrcpyW@8          10011028     kernel32:KERNEL32.dll
 0002:0000002c       __imp__lstrcatW@8          1001102c     kernel32:KERNEL32.dll
 0002:00000030       __imp__lstrlenW@4          10011030     kernel32:KERNEL32.dll
 0002:00000034       __imp__LoadLibraryW@4      10011034     kernel32:KERNEL32.dll
 0002:00000038       __imp__WaitForSingleObject@8 10011038     kernel32:KERNEL32.dll
 0002:0000003c       __imp__GetTempFileNameW@16 1001103c     kernel32:KERNEL32.dll
 0002:00000040       __imp__CreateFileW@28      10011040     kernel32:KERNEL32.dll
 0002:00000044       __imp__DeleteFileW@4       10011044     kernel32:KERNEL32.dll
 0002:00000048       __imp__WriteConsoleW@20    10011048     kernel32:KERNEL32.dll
 0002:0000004c       __imp__DecodePointer@4     1001104c     kernel32:KERNEL32.dll
 0002:00000050       __imp__FlushFileBuffers@4  10011050     kernel32:KERNEL32.dll
 0002:00000054       __imp__GetLastError@0      10011054     kernel32:KERNEL32.dll
 0002:00000058       __imp__GetProcessHeap@0    10011058     kernel32:KERNEL32.dll
 0002:0000005c       __imp__HeapFree@12         1001105c     kernel32:KERNEL32.dll
 0002:00000060       __imp__HeapAlloc@12        10011060     kernel32:KERNEL32.dll
 0002:00000064       __imp__GetProcAddress@8    10011064     kernel32:KERNEL32.dll
 0002:00000068       __imp__GetTempPathW@8      10011068     kernel32:KERNEL32.dll
 0002:0000006c       __imp__FreeLibrary@4       1001106c     kernel32:KERNEL32.dll
 0002:00000070       __imp__SetFilePointerEx@20 10011070     kernel32:KERNEL32.dll
 0002:00000074       __imp__GetConsoleMode@8    10011074     kernel32:KERNEL32.dll
 0002:00000078       __imp__GetConsoleCP@0      10011078     kernel32:KERNEL32.dll
 0002:0000007c       __imp__HeapCreate@12       1001107c     kernel32:KERNEL32.dll
 0002:00000080       __imp__HeapDestroy@4       10011080     kernel32:KERNEL32.dll
 0002:00000084       __imp__HeapReAlloc@16      10011084     kernel32:KERNEL32.dll
 0002:00000088       __imp__RaiseException@16   10011088     kernel32:KERNEL32.dll
 0002:0000008c       __imp__CreateThread@24     1001108c     kernel32:KERNEL32.dll
 0002:00000090       __imp__GetCurrentThreadId@0 10011090     kernel32:KERNEL32.dll
 0002:00000094       __imp__TerminateThread@8   10011094     kernel32:KERNEL32.dll
 0002:00000098       __imp__SetLastError@4      10011098     kernel32:KERNEL32.dll
 0002:0000009c       __imp__ResumeThread@4      1001109c     kernel32:KERNEL32.dll
 0002:000000a0       __imp__IsDebuggerPresent@0 100110a0     kernel32:KERNEL32.dll
 0002:000000a4       __imp__GetTickCount@0      100110a4     kernel32:KERNEL32.dll
 0002:000000a8       __imp__lstrcpynA@12        100110a8     kernel32:KERNEL32.dll
 0002:000000ac       __imp__DebugBreak@0        100110ac     kernel32:KERNEL32.dll
 0002:000000b0       __imp__UnhandledExceptionFilter@4 100110b0     kernel32:KERNEL32.dll
 0002:000000b4       __imp__SetUnhandledExceptionFilter@4 100110b4     kernel32:KERNEL32.dll
 0002:000000b8       __imp__GetCurrentProcess@0 100110b8     kernel32:KERNEL32.dll
 0002:000000bc       __imp__TerminateProcess@8  100110bc     kernel32:KERNEL32.dll
 0002:000000c0       __imp__IsProcessorFeaturePresent@4 100110c0     kernel32:KERNEL32.dll
 0002:000000c4       __imp__QueryPerformanceCounter@4 100110c4     kernel32:KERNEL32.dll
 0002:000000c8       __imp__GetCurrentProcessId@0 100110c8     kernel32:KERNEL32.dll
 0002:000000cc       __imp__GetSystemTimeAsFileTime@4 100110cc     kernel32:KERNEL32.dll
 0002:000000d0       __imp__InitializeSListHead@4 100110d0     kernel32:KERNEL32.dll
 0002:000000d4       __imp__GetStartupInfoW@4   100110d4     kernel32:KERNEL32.dll
 0002:000000d8       __imp__GetModuleHandleW@4  100110d8     kernel32:KERNEL32.dll
 0002:000000dc       __imp__InterlockedFlushSList@4 100110dc     kernel32:KERNEL32.dll
 0002:000000e0       __imp__RtlUnwind@16        100110e0     kernel32:KERNEL32.dll
 0002:000000e4       __imp__EnterCriticalSection@4 100110e4     kernel32:KERNEL32.dll
 0002:000000e8       __imp__LeaveCriticalSection@4 100110e8     kernel32:KERNEL32.dll
 0002:000000ec       __imp__DeleteCriticalSection@4 100110ec     kernel32:KERNEL32.dll
 0002:000000f0       __imp__InitializeCriticalSectionAndSpinCount@8 100110f0     kernel32:KERNEL32.dll
 0002:000000f4       __imp__TlsAlloc@0          100110f4     kernel32:KERNEL32.dll
 0002:000000f8       __imp__TlsGetValue@4       100110f8     kernel32:KERNEL32.dll
 0002:000000fc       __imp__TlsSetValue@8       100110fc     kernel32:KERNEL32.dll
 0002:00000100       __imp__TlsFree@4           10011100     kernel32:KERNEL32.dll
 0002:00000104       __imp__LoadLibraryExW@12   10011104     kernel32:KERNEL32.dll
 0002:00000108       __imp__ExitProcess@4       10011108     kernel32:KERNEL32.dll
 0002:0000010c       __imp__GetModuleHandleExW@12 1001110c     kernel32:KERNEL32.dll
 0002:00000110       __imp__GetModuleFileNameA@12 10011110     kernel32:KERNEL32.dll
 0002:00000114       __imp__MultiByteToWideChar@24 10011114     kernel32:KERNEL32.dll
 0002:00000118       __imp__WideCharToMultiByte@32 10011118     kernel32:KERNEL32.dll
 0002:0000011c       __imp__GetACP@0            1001111c     kernel32:KERNEL32.dll
 0002:00000120       __imp__GetStdHandle@4      10011120     kernel32:KERNEL32.dll
 0002:00000124       __imp__GetFileType@4       10011124     kernel32:KERNEL32.dll
 0002:00000128       __imp__LCMapStringW@24     10011128     kernel32:KERNEL32.dll
 0002:0000012c       __imp__FindClose@4         1001112c     kernel32:KERNEL32.dll
 0002:00000130       __imp__FindFirstFileExA@24 10011130     kernel32:KERNEL32.dll
 0002:00000134       __imp__FindNextFileA@8     10011134     kernel32:KERNEL32.dll
 0002:00000138       __imp__IsValidCodePage@4   10011138     kernel32:KERNEL32.dll
 0002:0000013c       __imp__GetOEMCP@0          1001113c     kernel32:KERNEL32.dll
 0002:00000140       __imp__GetCPInfo@8         10011140     kernel32:KERNEL32.dll
 0002:00000144       __imp__GetCommandLineA@0   10011144     kernel32:KERNEL32.dll
 0002:00000148       __imp__GetCommandLineW@0   10011148     kernel32:KERNEL32.dll
 0002:0000014c       __imp__GetEnvironmentStringsW@0 1001114c     kernel32:KERNEL32.dll
 0002:00000150       __imp__FreeEnvironmentStringsW@4 10011150     kernel32:KERNEL32.dll
 0002:00000154       __imp__GetStringTypeW@16   10011154     kernel32:KERNEL32.dll
 0002:00000158       __imp__SetStdHandle@8      10011158     kernel32:KERNEL32.dll
 0002:0000015c       __imp__HeapSize@12         1001115c     kernel32:KERNEL32.dll
 0002:00000160       \177KERNEL32_NULL_THUNK_DATA 10011160     kernel32:KERNEL32.dll
 0002:00000164       __imp__wsprintfW           10011164     user32:USER32.dll
 0002:00000168       __imp__CharLowerBuffW@8    10011168     user32:USER32.dll
 0002:0000016c       __imp__FillRect@12         1001116c     user32:USER32.dll
 0002:00000170       \177USER32_NULL_THUNK_DATA 10011170     user32:USER32.dll
 0002:00000174       __imp__CoUninitialize@0    10011174     ole32:ole32.dll
 0002:00000178       __imp__CoInitialize@4      10011178     ole32:ole32.dll
 0002:0000017c       \177ole32_NULL_THUNK_DATA  1001117c     ole32:ole32.dll
 0002:00000180       ___guard_check_icall_fptr  10011180     LIBCMT:guard_support.obj
 0002:00000184       ___xc_a                    10011184     LIBCMT:initializers.obj
 0002:00000188       ___xc_z                    10011188     LIBCMT:initializers.obj
 0002:0000018c       ___xi_a                    1001118c     LIBCMT:initializers.obj
 0002:00000190       ___acrt_stdio_initializer  10011190     libucrt:stdio_initializer.obj
 0002:00000194       ___acrt_multibyte_initializer 10011194     libucrt:multibyte_initializer.obj
 0002:00000198       ___acrt_tran_sse2_initializer 10011198     libucrt:sse2_initializer.obj
 0002:0000019c       ___xi_z                    1001119c     LIBCMT:initializers.obj
 0002:000001a0       ___xp_a                    100111a0     LIBCMT:initializers.obj
 0002:000001a4       ___acrt_locale_terminator  100111a4     libucrt:locale_initializer.obj
 0002:000001a8       ___dcrt_console_output_terminator 100111a8     libucrt:console_output_initializer.obj
 0002:000001ac       ___acrt_stdio_terminator   100111ac     libucrt:stdio_initializer.obj
 0002:000001b0       ___xp_z                    100111b0     LIBCMT:initializers.obj
 0002:000001b4       ___xt_a                    100111b4     LIBCMT:initializers.obj
 0002:000001b8       ___xt_z                    100111b8     LIBCMT:initializers.obj
 0002:000001c0       _FrameDimensionTime        100111c0     gdip.obj
 0002:000001d0       _FrameDimensionPage        100111d0     gdip.obj
 0002:000001e0       ??_C@_1BI@LOJECBFD@?$AAG?$AAd?$AAi?$AAP?$AAl?$AAu?$AAs?$AA?4?$AAd?$AAl?$AAl@ 100111e0     gdip.obj
 0002:000001f8       ??_C@_0P@NIGHOHPH@GdiplusStartup@ 100111f8     gdip.obj
 0002:00000208       ??_C@_0BA@OMKIAPCJ@GdiplusShutdown@ 10011208     gdip.obj
 0002:00000218       ??_C@_0BJ@IPKMAACN@GdipCreateBitmapFromFile@ 10011218     gdip.obj
 0002:00000234       ??_C@_0BG@OPKFAGML@GdipGetImageThumbnail@ 10011234     gdip.obj
 0002:0000024c       ??_C@_0BC@DPLNHGNM@GdipGetImageWidth@ 1001124c     gdip.obj
 0002:00000260       ??_C@_0BD@JIGBIPOH@GdipGetImageHeight@ 10011260     gdip.obj
 0002:00000274       ??_C@_0BI@DDNLFBKI@GdipGetImagePixelFormat@ 10011274     gdip.obj
 0002:0000028c       ??_C@_0BB@MGCHKKMH@GdipDisposeImage@ 1001128c     gdip.obj
 0002:000002a0       ??_C@_0BH@PCHOHMFI@GdipImageGetFrameCount@ 100112a0     gdip.obj
 0002:000002b8       ??_C@_0BL@FLMDGKNM@GdipImageSelectActiveFrame@ 100112b8     gdip.obj
 0002:000002d4       ??_C@_0BI@PFDIBLKB@GdipGetPropertyItemSize@ 100112d4     gdip.obj
 0002:000002ec       ??_C@_0BE@JLBHAGMH@GdipGetPropertyItem@ 100112ec     gdip.obj
 0002:00000300       ??_C@_0BE@HNMMICFD@GdipImageRotateFlip@ 10011300     gdip.obj
 0002:00000314       ??_C@_0BG@BONHLFMI@GdipGetImageRawFormat@ 10011314     gdip.obj
 0002:0000032c       ??_C@_0BC@PACDIGJN@GdipCreateFromHDC@ 1001132c     gdip.obj
 0002:00000340       ??_C@_0BD@MFGJCODH@GdipDeleteGraphics@ 10011340     gdip.obj
 0002:00000354       ??_C@_0BH@MHAPNLKM@GdipDrawImageRectRectI@ 10011354     gdip.obj
 0002:0000036c       ??_C@_0BF@OBPAMLNN@gdip?3?3FreeThreadProc@ 1001136c     gdip.obj
 0002:00000384       ??_C@_0DL@IFDNFLDO@e?3?2maks?2maximus5?2conemu?2src?2con@ 10011384     gdip.obj
 0002:000003c0       ??_C@_17CGDFOGLC@?$AAC?$AAE?$AAT@ 100113c0     gdip.obj
 0002:000003c8       ??_C@_17IJKOPDBG@?$AAB?$AAM?$AAP@ 100113c8     gdip.obj
 0002:000003d0       ??_C@_17PGBJPCEM@?$AAE?$AAM?$AAF@ 100113d0     gdip.obj
 0002:000003d8       ??_C@_17MIIHMEBK@?$AAW?$AAM?$AAF@ 100113d8     gdip.obj
 0002:000003e0       ??_C@_19JJJNAIHN@?$AAJ?$AAP?$AAE?$AAG@ 100113e0     gdip.obj
 0002:000003ec       ??_C@_17PMGKNIMI@?$AAP?$AAN?$AAG@ 100113ec     gdip.obj
 0002:000003f4       ??_C@_17CPKNLHCH@?$AAG?$AAI?$AAF@ 100113f4     gdip.obj
 0002:000003fc       ??_C@_19PNCGIGON@?$AAT?$AAI?$AAF?$AAF@ 100113fc     gdip.obj
 0002:00000408       ??_C@_19HEANOPFL@?$AAE?$AAX?$AAI?$AAF@ 10011408     gdip.obj
 0002:00000414       ??_C@_17OGLEMJPJ@?$AAI?$AAC?$AAO@ 10011414     gdip.obj
 0002:0000041c       ??_C@_1CA@KKEPPKFF@?$AA?$CF?$AAi?$AA?5?$AAx?$AA?5?$AA?$CF?$AAi?$AA?5?$AAx?$AA?5?$AA?$CF?$AAi?$AAb?$AAp?$AAp@ 1001141c     gdip.obj
 0002:0000043c       ??_C@_1M@HKOFHKAI@?$AA?5?$AA?$FL?$AA?$CF?$AAi?$AA?$FN@ 1001143c     gdip.obj
 0002:00000448       ??_C@_13HOIJIPNN@?$AA?5@   10011448     gdip.obj
 0002:0000044c       ??_C@_05LCABBMOG@?$CFs?3?$CFi@ 1001144c     common-kernel32:WThreads.obj
 0002:0000045c       __pDefaultRawDllMain       1001145c     LIBCMT:dll_dllmain.obj
 0002:0000045c       __pRawDllMain              1001145c     LIBCMT:dll_dllmain.obj
 0002:000005fc       ??_C@_08EHJDFFNH@__based?$CI@ 100115fc     libvcruntime:undname.obj
 0002:00000608       ??_C@_07KOLFKCDI@__cdecl@  10011608     libvcruntime:undname.obj
 0002:00000610       ??_C@_08GHMPAG@__pascal@   10011610     libvcruntime:undname.obj
 0002:0000061c       ??_C@_09IFJBGAPI@__stdcall@ 1001161c     libvcruntime:undname.obj
 0002:00000628       ??_C@_0L@NPHFGOKO@__thiscall@ 10011628     libvcruntime:undname.obj
 0002:00000634       ??_C@_0L@JMKHOMEK@__fastcall@ 10011634     libvcruntime:undname.obj
 0002:00000640       ??_C@_0N@BCKKPABJ@__vectorcall@ 10011640     libvcruntime:undname.obj
 0002:00000650       ??_C@_09HIJEGCPM@__clrcall@ 10011650     libvcruntime:undname.obj
 0002:0000065c       ??_C@_06GHPCKEAG@__eabi@   1001165c     libvcruntime:undname.obj
 0002:00000664       ??_C@_09IOPIDJLG@__swift_1@ 10011664     libvcruntime:undname.obj
 0002:00000670       ??_C@_09KFNFGKHF@__swift_2@ 10011670     libvcruntime:undname.obj
 0002:0000067c       ??_C@_07JOMMBBKO@__ptr64@  1001167c     libvcruntime:undname.obj
 0002:00000684       ??_C@_0L@PILCLIHE@__restrict@ 10011684     libvcruntime:undname.obj
 0002:00000690       ??_C@_0M@GFIIJFMG@__unaligned@ 10011690     libvcruntime:undname.obj
 0002:0000069c       ??_C@_09DHDLOLLB@restrict?$CI@ 1001169c     libvcruntime:undname.obj
 0002:000006a6       ??_C@_00CNPNBAHC@@         100116a6     libvcruntime:undname.obj
 0002:000006a8       ??_C@_04NIHEBCM@?5new@     100116a8     libvcruntime:undname.obj
 0002:000006b0       ??_C@_07FPCDHGMM@?5delete@ 100116b0     libvcruntime:undname.obj
 0002:000006b8       ??_C@_01NEMOKFLO@?$DN@     100116b8     libvcruntime:undname.obj
 0002:000006bc       ??_C@_02GPIOPFAK@?$DO?$DO@ 100116bc     libvcruntime:undname.obj
 0002:000006c0       ??_C@_02FODMEDOG@?$DM?$DM@ 100116c0     libvcruntime:undname.obj
 0002:000006c4       ??_C@_01DCLJPIOD@?$CB@     100116c4     libvcruntime:undname.obj
 0002:000006c8       ??_C@_02EGOFBIJA@?$DN?$DN@ 100116c8     libvcruntime:undname.obj
 0002:000006cc       ??_C@_02FDNJECIE@?$CB?$DN@ 100116cc     libvcruntime:undname.obj
 0002:000006d0       ??_C@_02GPECMEKF@?$FL?$FN@ 100116d0     libvcruntime:undname.obj
 0002:000006d4       ??_C@_08LHJFAFGD@operator@ 100116d4     libvcruntime:undname.obj
 0002:000006e0       ??_C@_02HBOOOICD@?9?$DO@   100116e0     libvcruntime:undname.obj
 0002:000006e4       ??_C@_01NBENCBCI@?$CK@     100116e4     libvcruntime:undname.obj
 0002:000006e8       ??_C@_02ECNGHCIF@?$CL?$CL@ 100116e8     libvcruntime:undname.obj
 0002:000006ec       ??_C@_02BAABKJLB@?9?9@     100116ec     libvcruntime:undname.obj
 0002:000006f0       ??_C@_01JOAMLHOP@?9@       100116f0     libvcruntime:undname.obj
 0002:000006f4       ??_C@_01MIFGBAGJ@?$CL@     100116f4     libvcruntime:undname.obj
 0002:000006f8       ??_C@_01HNPIGOCE@?$CG@     100116f8     libvcruntime:undname.obj
 0002:000006fc       ??_C@_03MNHNFDLC@?9?$DO?$CK@ 100116fc     libvcruntime:undname.obj
 0002:00000700       ??_C@_01KMDKNFGN@?1@       10011700     libvcruntime:undname.obj
 0002:00000704       ??_C@_01FGNFDNOH@?$CF@     10011704     libvcruntime:undname.obj
 0002:00000708       ??_C@_01MNNFJEPP@?$DM@     10011708     libvcruntime:undname.obj
 0002:0000070c       ??_C@_02EHCHHCKH@?$DM?$DN@ 1001170c     libvcruntime:undname.obj
 0002:00000710       ??_C@_01PPODPGHN@?$DO@     10011710     libvcruntime:undname.obj
 0002:00000714       ??_C@_02EEKDKGMJ@?$DO?$DN@ 10011714     libvcruntime:undname.obj
 0002:00000718       ??_C@_01IHBHIGKO@?0@       10011718     libvcruntime:undname.obj
 0002:0000071c       ??_C@_02HCKGKOFO@?$CI?$CJ@ 1001171c     libvcruntime:undname.obj
 0002:00000720       ??_C@_01PJKLJHI@?$HO@      10011720     libvcruntime:undname.obj
 0002:00000724       ??_C@_01JKBOJNNK@?$FO@     10011724     libvcruntime:undname.obj
 0002:00000728       ??_C@_01DNKMNLPK@?$HM@     10011728     libvcruntime:undname.obj
 0002:0000072c       ??_C@_02PPKAJPJL@?$CG?$CG@ 1001172c     libvcruntime:undname.obj
 0002:00000730       ??_C@_02NONPIBCD@?$HM?$HM@ 10011730     libvcruntime:undname.obj
 0002:00000734       ??_C@_02FPIMKNGF@?$CK?$DN@ 10011734     libvcruntime:undname.obj
 0002:00000738       ??_C@_02FOEOMHFC@?$CL?$DN@ 10011738     libvcruntime:undname.obj
 0002:0000073c       ??_C@_02FKMDLLOA@?9?$DN@   1001173c     libvcruntime:undname.obj
 0002:00000740       ??_C@_02FJEHGPIO@?1?$DN@   10011740     libvcruntime:undname.obj
 0002:00000744       ??_C@_02FENAOKFI@?$CF?$DN@ 10011744     libvcruntime:undname.obj
 0002:00000748       ??_C@_03IKFCCPFF@?$DO?$DO?$DN@ 10011748     libvcruntime:undname.obj
 0002:0000074c       ??_C@_03CDNPDDLA@?$DM?$DM?$DN@ 1001174c     libvcruntime:undname.obj
 0002:00000750       ??_C@_02FGJGFEAB@?$CG?$DN@ 10011750     libvcruntime:undname.obj
 0002:00000754       ??_C@_02DHLNPPGH@?$HM?$DN@ 10011754     libvcruntime:undname.obj
 0002:00000758       ??_C@_02MHEGNOJ@?$FO?$DN@  10011758     libvcruntime:undname.obj
 0002:0000075c       ??_C@_09IFPLHPGF@?$GAvftable?8@ 1001175c     libvcruntime:undname.obj
 0002:00000768       ??_C@_09BLBHBJP@?$GAvbtable?8@ 10011768     libvcruntime:undname.obj
 0002:00000774       ??_C@_07FEEIOKP@?$GAvcall?8@ 10011774     libvcruntime:undname.obj
 0002:0000077c       ??_C@_08LLFFHHDJ@?$GAtypeof?8@ 1001177c     libvcruntime:undname.obj
 0002:00000788       ??_C@_0BF@KDPPACIK@?$GAlocal?5static?5guard?8@ 10011788     libvcruntime:undname.obj
 0002:000007a0       ??_C@_08OBABFOLI@?$GAstring?8@ 100117a0     libvcruntime:undname.obj
 0002:000007ac       ??_C@_0BD@JDLKDPAB@?$GAvbase?5destructor?8@ 100117ac     libvcruntime:undname.obj
 0002:000007c0       ??_C@_0BN@DEGPLNFK@?$GAvector?5deleting?5destructor?8@ 100117c0     libvcruntime:undname.obj
 0002:000007e0       ??_C@_0BO@OBMKPJIG@?$GAdefault?5constructor?5closure?8@ 100117e0     libvcruntime:undname.obj
 0002:00000800       ??_C@_0BN@IMDCHIKM@?$GAscalar?5deleting?5destructor?8@ 10011800     libvcruntime:undname.obj
 0002:00000820       ??_C@_0BO@PFGOCPJJ@?$GAvector?5constructor?5iterator?8@ 10011820     libvcruntime:undname.obj
 0002:00000840       ??_C@_0BN@LFPFMEDL@?$GAvector?5destructor?5iterator?8@ 10011840     libvcruntime:undname.obj
 0002:00000860       ??_C@_0CE@IKBNEHA@?$GAvector?5vbase?5constructor?5itera@ 10011860     libvcruntime:undname.obj
 0002:00000884       ??_C@_0BL@NILFHHPC@?$GAvirtual?5displacement?5map?8@ 10011884     libvcruntime:undname.obj
 0002:000008a0       ??_C@_0CB@JONCMFFK@?$GAeh?5vector?5constructor?5iterator@ 100118a0     libvcruntime:undname.obj
 0002:000008c4       ??_C@_0CA@GCEOPDGL@?$GAeh?5vector?5destructor?5iterator?8@ 100118c4     libvcruntime:undname.obj
 0002:000008e4       ??_C@_0CH@OOJPLCPH@?$GAeh?5vector?5vbase?5constructor?5it@ 100118e4     libvcruntime:undname.obj
 0002:0000090c       ??_C@_0BL@LLKPOHJI@?$GAcopy?5constructor?5closure?8@ 1001190c     libvcruntime:undname.obj
 0002:00000928       ??_C@_0BA@KBCDOMBN@?$GAudt?5returning?8@ 10011928     libvcruntime:undname.obj
 0002:00000938       ??_C@_03KLGMFNMG@?$GAEH@   10011938     libvcruntime:undname.obj
 0002:0000093c       ??_C@_05KHLCHHI@?$GARTTI@  1001193c     libvcruntime:undname.obj
 0002:00000944       ??_C@_0BA@KKLDJDLB@?$GAlocal?5vftable?8@ 10011944     libvcruntime:undname.obj
 0002:00000954       ??_C@_0CE@IIHCMGGL@?$GAlocal?5vftable?5constructor?5clos@ 10011954     libvcruntime:undname.obj
 0002:00000978       ??_C@_06FHBGPFGH@?5new?$FL?$FN@ 10011978     libvcruntime:undname.obj
 0002:00000980       ??_C@_09LBNFPBCA@?5delete?$FL?$FN@ 10011980     libvcruntime:undname.obj
 0002:0000098c       ??_C@_0P@HJKNJFNN@?$GAomni?5callsig?8@ 1001198c     libvcruntime:undname.obj
 0002:0000099c       ??_C@_0BL@CNOONJFP@?$GAplacement?5delete?5closure?8@ 1001199c     libvcruntime:undname.obj
 0002:000009b8       ??_C@_0BN@CKNJLHMB@?$GAplacement?5delete?$FL?$FN?5closure?8@ 100119b8     libvcruntime:undname.obj
 0002:000009d8       ??_C@_0CG@CFDHKGGD@?$GAmanaged?5vector?5constructor?5ite@ 100119d8     libvcruntime:undname.obj
 0002:00000a00       ??_C@_0CF@IMGKMJNO@?$GAmanaged?5vector?5destructor?5iter@ 10011a00     libvcruntime:undname.obj
 0002:00000a28       ??_C@_0CG@HLDDJMAG@?$GAeh?5vector?5copy?5constructor?5ite@ 10011a28     libvcruntime:undname.obj
 0002:00000a50       ??_C@_0CM@FCBBDIGB@?$GAeh?5vector?5vbase?5copy?5construct@ 10011a50     libvcruntime:undname.obj
 0002:00000a7c       ??_C@_0BL@CLIPGLGB@?$GAdynamic?5initializer?5for?5?8@ 10011a7c     libvcruntime:undname.obj
 0002:00000a98       ??_C@_0CB@PDBIFEP@?$GAdynamic?5atexit?5destructor?5for?5@ 10011a98     libvcruntime:undname.obj
 0002:00000abc       ??_C@_0CD@CGAJBKEJ@?$GAvector?5copy?5constructor?5iterat@ 10011abc     libvcruntime:undname.obj
 0002:00000ae0       ??_C@_0CJ@GJELGAMM@?$GAvector?5vbase?5copy?5constructor?5@ 10011ae0     libvcruntime:undname.obj
 0002:00000b0c       ??_C@_0CL@FGIJHLCE@?$GAmanaged?5vector?5copy?5constructo@ 10011b0c     libvcruntime:undname.obj
 0002:00000b38       ??_C@_0BM@PMGGMLDN@?$GAlocal?5static?5thread?5guard?8@ 10011b38     libvcruntime:undname.obj
 0002:00000b54       ??_C@_0N@BDNMDMOL@operator?5?$CC?$CC?5@ 10011b54     libvcruntime:undname.obj
 0002:00000b64       ??_C@_0BC@GGEBGALA@operator?5co_await@ 10011b64     libvcruntime:undname.obj
 0002:00000b78       ??_C@_0BC@DAFEJGAK@?5Type?5Descriptor?8@ 10011b78     libvcruntime:undname.obj
 0002:00000b8c       ??_C@_0BM@LDKODKLH@?5Base?5Class?5Descriptor?5at?5?$CI@ 10011b8c     libvcruntime:undname.obj
 0002:00000ba8       ??_C@_0BD@LGICGFMM@?5Base?5Class?5Array?8@ 10011ba8     libvcruntime:undname.obj
 0002:00000bbc       ??_C@_0BN@MECKDCOJ@?5Class?5Hierarchy?5Descriptor?8@ 10011bbc     libvcruntime:undname.obj
 0002:00000bdc       ??_C@_0BK@CFCOFLF@?5Complete?5Object?5Locator?8@ 10011bdc     libvcruntime:undname.obj
 0002:00000c04       ??_C@_1DM@KHCHBNEB@?$AAa?$AAp?$AAi?$AA?9?$AAm?$AAs?$AA?9?$AAw?$AAi?$AAn?$AA?9?$AAc?$AAo?$AAr?$AAe@ 10011c04     libvcruntime:winapi_downlevel.obj
 0002:00000c40       ??_C@_1DK@LPPGFMPP@?$AAa?$AAp?$AAi?$AA?9?$AAm?$AAs?$AA?9?$AAw?$AAi?$AAn?$AA?9?$AAc?$AAo?$AAr?$AAe@ 10011c40     libvcruntime:winapi_downlevel.obj
 0002:00000c7c       ??_C@_1BC@GDMECMAK@?$AAk?$AAe?$AAr?$AAn?$AAe?$AAl?$AA3?$AA2@ 10011c7c     libvcruntime:winapi_downlevel.obj
 0002:00000c90       ??_C@_1BA@PFFKHIOG@?$AAa?$AAp?$AAi?$AA?9?$AAm?$AAs?$AA?9@ 10011c90     libvcruntime:winapi_downlevel.obj
 0002:00000ca0       ??_C@_1BA@IAIFMGEF@?$AAe?$AAx?$AAt?$AA?9?$AAm?$AAs?$AA?9@ 10011ca0     libvcruntime:winapi_downlevel.obj
 0002:00000cb8       ??_C@_08KNHFBNJ@FlsAlloc@  10011cb8     libvcruntime:winapi_downlevel.obj
 0002:00000ccc       ??_C@_07PEJMOBNF@FlsFree@  10011ccc     libvcruntime:winapi_downlevel.obj
 0002:00000cdc       ??_C@_0M@GDNOONDI@FlsGetValue@ 10011cdc     libvcruntime:winapi_downlevel.obj
 0002:00000cf0       ??_C@_0M@JCPCPOEF@FlsSetValue@ 10011cf0     libvcruntime:winapi_downlevel.obj
 0002:00000d04       ??_C@_0BM@HCFOFFN@InitializeCriticalSectionEx@ 10011d04     libvcruntime:winapi_downlevel.obj
 0002:00000d20       __pDestructExceptionObject 10011d20     libvcruntime:ehhelpers.obj
 0002:00000d28       _standard_lookup_table     10011d28     libucrt:output.obj
 0002:00000d84       ??_C@_06OJHGLDPL@?$CInull?$CJ?$AA@ 10011d84     libucrt:output.obj
 0002:00000d8c       ??_C@_1O@CEDCILHN@?$AA?$CI?$AAn?$AAu?$AAl?$AAl?$AA?$CJ?$AA?$AA@ 10011d8c     libucrt:output.obj
 0002:00000da0       ___acrt_exception_action_table 10011da0     libucrt:exception_filter.obj
 0002:00000e30       ___acrt_signal_action_table_count 10011e30     libucrt:exception_filter.obj
 0002:00000e34       ___acrt_signal_action_first_fpe_index 10011e34     libucrt:exception_filter.obj
 0002:00000e38       ___acrt_signal_action_fpe_count 10011e38     libucrt:exception_filter.obj
 0002:00000e3c       ??_C@_1BI@BGOHAHKC@?$AAm?$AAs?$AAc?$AAo?$AAr?$AAe?$AAe?$AA?4?$AAd?$AAl?$AAl?$AA?$AA@ 10011e3c     libucrt:exit.obj
 0002:00000e54       ??_C@_0P@MIGLKIOC@CorExitProcess?$AA@ 10011e54     libucrt:exit.obj
 0002:00001048       ??_C@_03OEIAHPBN@INF?$AA@  10012048     libucrt:cvt.obj
 0002:0000104c       ??_C@_03OJHLLCGB@inf?$AA@  1001204c     libucrt:cvt.obj
 0002:00001050       ??_C@_03LKNCIKJB@NAN?$AA@  10012050     libucrt:cvt.obj
 0002:00001054       ??_C@_03LHCJEHON@nan?$AA@  10012054     libucrt:cvt.obj
 0002:00001058       ??_C@_09OFJJIMPC@NAN?$CISNAN?$CJ?$AA@ 10012058     libucrt:cvt.obj
 0002:00001064       ??_C@_09IPFBKMDL@nan?$CIsnan?$CJ?$AA@ 10012064     libucrt:cvt.obj
 0002:00001070       ??_C@_08IKHNHAJ@NAN?$CIIND?$CJ?$AA@ 10012070     libucrt:cvt.obj
 0002:0000107c       ??_C@_08OFCDMILK@nan?$CIind?$CJ?$AA@ 1001207c     libucrt:cvt.obj
 0002:00001088       ??_C@_05KLBDPFGC@e?$CL000?$AA@ 10012088     libucrt:cvt.obj
 0002:00001090       ??_C@_03KOEHGMDN@Sun?$AA@  10012090     libucrt:nlsdata.obj
 0002:00001094       ??_C@_03PDAGKDH@Mon?$AA@   10012094     libucrt:nlsdata.obj
 0002:00001098       ??_C@_03NAGEINEP@Tue?$AA@  10012098     libucrt:nlsdata.obj
 0002:0000109c       ??_C@_03MHOMLAJA@Wed?$AA@  1001209c     libucrt:nlsdata.obj
 0002:000010a0       ??_C@_03IOFIKPDN@Thu?$AA@  100120a0     libucrt:nlsdata.obj
 0002:000010a4       ??_C@_03IDIOELNC@Fri?$AA@  100120a4     libucrt:nlsdata.obj
 0002:000010a8       ??_C@_03FEFJNEK@Sat?$AA@   100120a8     libucrt:nlsdata.obj
 0002:000010ac       ??_C@_06OOPIFAJ@Sunday?$AA@ 100120ac     libucrt:nlsdata.obj
 0002:000010b4       ??_C@_06JLEDEDGH@Monday?$AA@ 100120b4     libucrt:nlsdata.obj
 0002:000010bc       ??_C@_07BAAGCFCM@Tuesday?$AA@ 100120bc     libucrt:nlsdata.obj
 0002:000010c4       ??_C@_09DLIGFAKA@Wednesday?$AA@ 100120c4     libucrt:nlsdata.obj
 0002:000010d0       ??_C@_08HACCIKIA@Thursday?$AA@ 100120d0     libucrt:nlsdata.obj
 0002:000010dc       ??_C@_06JECMNKMI@Friday?$AA@ 100120dc     libucrt:nlsdata.obj
 0002:000010e4       ??_C@_08INBOOONO@Saturday?$AA@ 100120e4     libucrt:nlsdata.obj
 0002:000010f0       ??_C@_03JIHJHPIE@Jan?$AA@  100120f0     libucrt:nlsdata.obj
 0002:000010f4       ??_C@_03HJBDCHOM@Feb?$AA@  100120f4     libucrt:nlsdata.obj
 0002:000010f8       ??_C@_03ODNJBKGA@Mar?$AA@  100120f8     libucrt:nlsdata.obj
 0002:000010fc       ??_C@_03LEOLGMJP@Apr?$AA@  100120fc     libucrt:nlsdata.obj
 0002:00001100       ??_C@_03CNMDKL@May?$AA@    10012100     libucrt:nlsdata.obj
 0002:00001104       ??_C@_03IDFGHECI@Jun?$AA@  10012104     libucrt:nlsdata.obj
 0002:00001108       ??_C@_03LBGABGKK@Jul?$AA@  10012108     libucrt:nlsdata.obj
 0002:0000110c       ??_C@_03IFJFEIGA@Aug?$AA@  1001210c     libucrt:nlsdata.obj
 0002:00001110       ??_C@_03GGCAPAJC@Sep?$AA@  10012110     libucrt:nlsdata.obj
 0002:00001114       ??_C@_03BMAOKBAD@Oct?$AA@  10012114     libucrt:nlsdata.obj
 0002:00001118       ??_C@_03JPJOFNIA@Nov?$AA@  10012118     libucrt:nlsdata.obj
 0002:0000111c       ??_C@_03MKABNOCG@Dec?$AA@  1001211c     libucrt:nlsdata.obj
 0002:00001120       ??_C@_07CGJPFGJA@January?$AA@ 10012120     libucrt:nlsdata.obj
 0002:00001128       ??_C@_08GNJGEPFN@February?$AA@ 10012128     libucrt:nlsdata.obj
 0002:00001134       ??_C@_05HPCKOFNC@March?$AA@ 10012134     libucrt:nlsdata.obj
 0002:0000113c       ??_C@_05DMJDNLEJ@April?$AA@ 1001213c     libucrt:nlsdata.obj
 0002:00001144       ??_C@_04CNLMGBGM@June?$AA@ 10012144     libucrt:nlsdata.obj
 0002:0000114c       ??_C@_04MIEPOIFP@July?$AA@ 1001214c     libucrt:nlsdata.obj
 0002:00001154       ??_C@_06LBBHFDDG@August?$AA@ 10012154     libucrt:nlsdata.obj
 0002:0000115c       ??_C@_09BHHEALKD@September?$AA@ 1001215c     libucrt:nlsdata.obj
 0002:00001168       ??_C@_07JJNFCEND@October?$AA@ 10012168     libucrt:nlsdata.obj
 0002:00001170       ??_C@_08HCHEGEOA@November?$AA@ 10012170     libucrt:nlsdata.obj
 0002:0000117c       ??_C@_08EDHMEBNP@December?$AA@ 1001217c     libucrt:nlsdata.obj
 0002:00001188       ??_C@_02DEDBPAFC@AM?$AA@   10012188     libucrt:nlsdata.obj
 0002:0000118c       ??_C@_02CJNFDJBF@PM?$AA@   1001218c     libucrt:nlsdata.obj
[...]
 0001:0000bd00       _common_flush_all          1000cd00 f   libucrt:fflush.obj
 0001:0000bfd3       ?free_crt_array_internal@@YAXQAPBXI@Z 1000cfd3 f   libucrt:inittime.obj
 0001:0000c498       ?GetTableIndexFromLocaleName@@YAHPB_W@Z 1000d498 f   libucrt:lcidtoname_downlevel.obj
 0001:0000c580       ?shortsort@@YAXPAD0IP6AHPBX1@Z@Z 1000d580 f   libucrt:qsort.obj
 0001:0000c620       ?swap@@YAXPAD0I@Z          1000d620 f   libucrt:qsort.obj
 0001:0000c9fa       ??$common_tcsncpy_s@D@@YAHQADIQBDI@Z 1000d9fa f   libucrt:strncpy_s.obj
 0001:0000cac0       $$000000                   1000dac0     libucrt:strpbrk.obj
 0001:0000cba4       ?initialize_multibyte@@YAHXZ 1000dba4 f   libucrt:multibyte_initializer.obj
 0001:0000cd20       $$000000                   1000dd20     libucrt:log10.obj
 0001:0000ce70       $$000000                   1000de70     libucrt:ceil_pentium4.obj
 0001:0000cf8d       ?write_double_translated_ansi_nolock@@YA?AUwrite_result@?A0x47fa6670@@HQBDI@Z 1000df8d f   libucrt:write.obj
 0001:0000d140       ?write_double_translated_unicode_nolock@@YA?AUwrite_result@?A0x47fa6670@@QBDI@Z 1000e140 f   libucrt:write.obj
 0001:0000d1ad       ?write_requires_double_translation_nolock@@YA_NH@Z 1000e1ad f   libucrt:write.obj
 0001:0000d223       ?write_text_ansi_nolock@@YA?AUwrite_result@?A0x47fa6670@@HQBDI@Z 1000e223 f   libucrt:write.obj
 0001:0000d302       ?write_text_utf16le_nolock@@YA?AUwrite_result@?A0x47fa6670@@HQBDI@Z 1000e302 f   libucrt:write.obj
 0001:0000d3f0       ?write_text_utf8_nolock@@YA?AUwrite_result@?A0x47fa6670@@HQBDI@Z 1000e3f0 f   libucrt:write.obj
 0001:0000d814       ??$common_lseek_nolock@_J@@YA_JH_JH@Z 1000e814 f   libucrt:lseek.obj
 0001:0000dad8       ___get_abstract_control_sse2 1000ead8 f   libucrt:_fenvutils.obj
 0001:0000db55       ___get_abstract_control_x87 1000eb55 f   libucrt:_fenvutils.obj
 0001:0000dbc8       ___get_machine_control     1000ebc8 f   libucrt:_fenvutils.obj
 0001:0000dc39       ___get_machine_control_sse2 1000ec39 f   libucrt:_fenvutils.obj
 0001:0000dcb9       ___get_machine_status_sse2 1000ecb9 f   libucrt:_fenvutils.obj
 0001:0000dd1a       ___get_machine_status_x87  1000ed1a f   libucrt:_fenvutils.obj
 0001:0000e060       $$000000                   1000f060     libucrt:log10_pentium4.obj
 0001:0000e2f0       $$000000                   1000f2f0     libucrt:87tran.obj
 0001:0000e4f0       $$000000                   1000f4f0     libucrt:87disp.obj
 0001:0000e6f0       $$000000                   1000f6f0     libucrt:common.obj
 0001:0000e880       $$000000                   1000f880     libucrt:genexcep.obj
 0001:0000edf0       $$000000                   1000fdf0     libucrt:_strnicm.obj
 0001:0000fc10       $$000000                   10010c10     LIBCMT:ulldvrm.obj
 0001:0000fcb0       $$000000                   10010cb0     LIBCMT:sehprolg4gs.obj
 0001:0000fd10       $$000000                   10010d10     LIBCMT:lldvrm.obj
 0001:0000fdf0       $$000000                   10010df0     LIBCMT:ullshr.obj
 0001:0000fe10       $$000000                   10010e10     LIBCMT:alloca16.obj
 0001:0000fe40       $$000000                   10010e40     LIBCMT:llshl.obj
 0001:0000fe60       $$000000                   10010e60     LIBCMT:ftol2.obj
 0001:0000ff20       $$000000                   10010f20     LIBCMT:chkstk.obj
 0002:00000454       _GS_ExceptionPointers      10011454     LIBCMT:gs_report.obj
 0002:00000460       ?tokenTable@@3QBQBDB       10011460     libvcruntime:undname.obj
 0002:000004a0       ?nameTable@@3QBQBDB        100114a0     libvcruntime:undname.obj
 0002:000005e8       ?rttiTable@@3QBQBDB        100115e8     libvcruntime:undname.obj
 0002:00000bf8       ?module_names@?A0x5d2a34d3@@3QBQB_WB 10011bf8     libvcruntime:winapi_downlevel.obj
 0002:00000cb0       ?candidate_modules@?1??try_get_FlsAlloc@@YAP6GKP6GXPAX@Z@ZXZ@4QBW4module_id@?A0x5d2a34d3@@B 10011cb0     libvcruntime:winapi_downlevel.obj
 0002:00000cc4       ?candidate_modules@?1??try_get_FlsFree@@YAP6GHK@ZXZ@4QBW4module_id@?A0x5d2a34d3@@B 10011cc4     libvcruntime:winapi_downlevel.obj
 0002:00000cd4       ?candidate_modules@?1??try_get_FlsGetValue@@YAP6GPAXK@ZXZ@4QBW4module_id@?A0x5d2a34d3@@B 10011cd4     libvcruntime:winapi_downlevel.obj
 0002:00000ce8       ?candidate_modules@?1??try_get_FlsSetValue@@YAP6GHKPAX@ZXZ@4QBW4module_id@?A0x5d2a34d3@@B 10011ce8     libvcruntime:winapi_downlevel.obj
 0002:00000cfc       ?candidate_modules@?1??try_get_InitializeCriticalSectionEx@@YAP6GHPAU_RTL_CRITICAL_SECTION@@KK@ZXZ@4QBW4module_id@?A0x5d2a34d3@@B 10011cfc     libvcruntime:winapi_downlevel.obj
 0002:00000e68       ___acrt_initializers       10011e68     libucrt:initialization.obj
 0002:00000ee0       _errtable                  10011ee0     libucrt:errno.obj
 0002:00001558       _module_names              10012558     libucrt:winapi_thunks.obj
 0002:00001aa0       ?candidate_modules@?1??try_get_FlsAlloc@@YAP6GKP6GXPAX@Z@ZXZ@4QBW4module_id@?A0x352e5c4b@@B 10012aa0     libucrt:winapi_thunks.obj
 0002:00001ab4       ?candidate_modules@?1??try_get_FlsFree@@YAP6GHK@ZXZ@4QBW4module_id@?A0x352e5c4b@@B 10012ab4     libucrt:winapi_thunks.obj
 0002:00001ac4       ?candidate_modules@?1??try_get_FlsGetValue@@YAP6GPAXK@ZXZ@4QBW4module_id@?A0x352e5c4b@@B 10012ac4     libucrt:winapi_thunks.obj
 0002:00001ad8       ?candidate_modules@?1??try_get_FlsSetValue@@YAP6GHKPAX@ZXZ@4QBW4module_id@?A0x352e5c4b@@B 10012ad8     libucrt:winapi_thunks.obj
 0002:00001aec       ?candidate_modules@?1??try_get_GetCurrentPackageId@@YAP6GJPAIPAE@ZXZ@4QBW4module_id@?A0x352e5c4b@@B 10012aec     libucrt:winapi_thunks.obj
 0002:00001b08       ?candidate_modules@?1??try_get_InitializeCriticalSectionEx@@YAP6GHPAU_RTL_CRITICAL_SECTION@@KK@ZXZ@4QBW4module_id@?A0x352e5c4b@@B 10012b08     libucrt:winapi_thunks.obj
 0002:00001b2c       ?candidate_modules@?1??try_get_LCMapStringEx@@YAP6GHPB_WK0HPA_WHPAU_nlsversioninfo@@PAXJ@ZXZ@4QBW4module_id@?A0x352e5c4b@@B 10012b2c     libucrt:winapi_thunks.obj
 0002:00001b44       ?candidate_modules@?1??try_get_LocaleNameToLCID@@YAP6GKPB_WK@ZXZ@4QBW4module_id@?A0x352e5c4b@@B 10012b44     libucrt:winapi_thunks.obj
 0002:00001b60       __mb_locale_names          10012b60     libucrt:mbctype.obj
 0002:00002b90       _LcidToLocaleNameTable     10013b90     libucrt:lcidtoname_downlevel.obj
 0002:00003cb0       _LocaleNameToIndexTable    10014cb0     libucrt:lcidtoname_downlevel.obj
 0002:00004c00       LOG_name                   10015c00     libucrt:log10.obj
 0002:00004c10       _One                       10015c10     libucrt:ceil_pentium4.obj
 0002:00004c20       _Bns                       10015c20     libucrt:ceil_pentium4.obj
 0002:00004c30       _Zero                      10015c30     libucrt:ceil_pentium4.obj
 0002:00004c40       _S                         10015c40     libucrt:ceil_pentium4.obj
 0002:00004c50       _NegZero                   10015c50     libucrt:ceil_pentium4.obj
 0002:00004c60       emask                      10015c60     libucrt:log10_pentium4.obj
 0002:00004c70       CC                         10015c70     libucrt:log10_pentium4.obj
 0002:00004c80       Magic                      10015c80     libucrt:log10_pentium4.obj
 0002:00004c90       hi_mask                    10015c90     libucrt:log10_pentium4.obj
 0002:00004ca0       LOG10_2                    10015ca0     libucrt:log10_pentium4.obj
 0002:00004cb0       place_L                    10015cb0     libucrt:log10_pentium4.obj
 0002:00004cd0       One                        10015cd0     libucrt:log10_pentium4.obj
 0002:00004ce0       Zero                       10015ce0     libucrt:log10_pentium4.obj
 0002:00004cf0       Two52                      10015cf0     libucrt:log10_pentium4.obj
 0002:00004d00       Infs                       10015d00     libucrt:log10_pentium4.obj
 0002:00004d10       NaN                        10015d10     libucrt:log10_pentium4.obj
 0002:00004d20       coeff                      10015d20     libucrt:log10_pentium4.obj
 0002:00004d7e       _log2max                   10015d7e     libucrt:87tran.obj
 0002:00004d88       _smallarg                  10015d88     libucrt:87tran.obj
 0002:00004d92       _half                      10015d92     libucrt:87tran.obj
 0002:00004dde       One                        10015dde     libucrt:87disp.obj
 0002:00004de6       Three                      10015de6     libucrt:87disp.obj
 0002:00004dee       XAMtoTagTab                10015dee     libucrt:87disp.obj
 0002:00004e00       One                        10015e00     libucrt:common.obj
 0002:00004e14       DblMax                     10015e14     libucrt:common.obj
 0002:00004e1c       DblMin                     10015e1c     libucrt:common.obj
 0002:00004e24       IeeeAdjO                   10015e24     libucrt:common.obj
 0002:00004e2c       IeeeAdjU                   10015e2c     libucrt:common.obj
 0002:00004e34       _infinity                  10015e34     libucrt:common.obj
 0002:00004e3c       _zero                      10015e3c     libucrt:common.obj
 0002:00004e78       _over                      10015e78     libucrt:fpctrl.obj
 0002:00004e84       _under                     10015e84     libucrt:fpctrl.obj
 0002:00005748       ?_names@?1??_get_fname@@9@9 10016748     libucrt:fpexcept.obj
 0002:00005c70       __sehtable$?SetThreadName@@YAXKPAD@Z 10016c70     common-kernel32:WThreads.obj
 0002:00005c90       __sehtable$?dllmain_crt_process_attach@@YAHQAUHINSTANCE__@@QAX@Z 10016c90     LIBCMT:dll_dllmain.obj
 0002:00005cb0       __sehtable$?dllmain_crt_process_detach@@YAH_N@Z 10016cb0     LIBCMT:dll_dllmain.obj
 0002:00005cd0       __sehtable$?dllmain_dispatch@@YAHQAUHINSTANCE__@@KQAX@Z 10016cd0     LIBCMT:dll_dllmain.obj
 0002:00005cf0       __sehtable$___scrt_is_nonwritable_in_current_image 10016cf0     LIBCMT:utility.obj
 0002:00005d10       __sehtable$___DestructExceptionObject 10016d10     libvcruntime:ehhelpers.obj
 0002:00005d30       __sehtable$?common_exit@@YAXHW4_crt_exit_cleanup_mode@@W4_crt_exit_return_mode@@@Z 10016d30     libucrt:exit.obj
 0002:00005d58       __sehtable$??$?RV<lambda_995298e7d72eb4c2aab26c0585b3abe5>@@AAV<lambda_275893d493268fdec8709772e3fcec0e>@@V<lambda_293819299cbf9a7022e18b56a874bb5c>@@@?$__crt_seh_guarded_call@H@@QAEH$$QAV<lambda_995298e7d72eb4c2aab26c0585b3abe5>@@AAV<lambda_275893d493268fdec8709772e3fcec0e>@@$$QAV<lambda_293819299cbf9a7022e18b56a874bb5c>@@@Z 10016d58     libucrt:onexit.obj
 0002:00005d78       __sehtable$_terminate      10016d78     libucrt:terminate.obj
 0002:00005d98       __sehtable$??$?RV<lambda_9df27f884b057bc3edfc946cb5b7cf47>@@AAV<lambda_e69574bed617af4e071282c136b37893>@@V<lambda_cc0d902bcbbeb830f749456577db4721>@@@?$__crt_seh_guarded_call@X@@QAEX$$QAV<lambda_9df27f884b057bc3edfc946cb5b7cf47>@@AAV<lambda_e69574bed617af4e071282c136b37893>@@$$QAV<lambda_cc0d902bcbbeb830f749456577db4721>@@@Z 10016d98     libucrt:per_thread_data.obj
 0002:00005db8       __sehtable$??$?RV<lambda_3518db117f0e7cdb002338c5d3c47b6c>@@AAV<lambda_b2ea41f6bbb362cd97d94c6828d90b61>@@V<lambda_abdedf541bb04549bc734292b4a045d4>@@@?$__crt_seh_guarded_call@X@@QAEX$$QAV<lambda_3518db117f0e7cdb002338c5d3c47b6c>@@AAV<lambda_b2ea41f6bbb362cd97d94c6828d90b61>@@$$QAV<lambda_abdedf541bb04549bc734292b4a045d4>@@@Z 10016db8     libucrt:per_thread_data.obj
 0002:00005dd8       __sehtable$??$?RV<lambda_51b6e8b1eb166f2a3faf91f424b38130>@@AAV<lambda_6250bd4b2a391816dd638c3bf72b0bcb>@@V<lambda_0b5a4a3e68152e1d9b943535f5f47bed>@@@?$__crt_seh_guarded_call@X@@QAEX$$QAV<lambda_51b6e8b1eb166f2a3faf91f424b38130>@@AAV<lambda_6250bd4b2a391816dd638c3bf72b0bcb>@@$$QAV<lambda_0b5a4a3e68152e1d9b943535f5f47bed>@@@Z 10016dd8     libucrt:per_thread_data.obj
 0002:00005df8       __sehtable$??$?RV<lambda_5b71d36f03204c0beab531769a5b5694>@@AAV<lambda_be2b3da3f62db62e9dad5dc70221a656>@@V<lambda_8f9ce462984622f9bf76b59e2aaaf805>@@@?$__crt_seh_guarded_call@X@@QAEX$$QAV<lambda_5b71d36f03204c0beab531769a5b5694>@@AAV<lambda_be2b3da3f62db62e9dad5dc70221a656>@@$$QAV<lambda_8f9ce462984622f9bf76b59e2aaaf805>@@@Z 10016df8     libucrt:per_thread_data.obj
 0002:00005e18       __sehtable$___acrt_uninitialize_locale 10016e18     libucrt:wsetlocale.obj
 0002:00005e38       __sehtable$___acrt_initialize_lowio 10016e38     libucrt:ioinit.obj
 0002:00005e58       __sehtable$___acrt_update_thread_multibyte_data 10016e58     libucrt:mbctype.obj
 0002:00005e78       __sehtable$??$?RV<lambda_978dc153c237d78434369da87b74ff60>@@AAV<lambda_ad1ced32f4ac17aa236e5ef05d6b3b7c>@@V<lambda_4a8533e2866a575feecb8298ce776b0d>@@@?$__crt_seh_guarded_call@X@@QAEX$$QAV<lambda_978dc153c237d78434369da87b74ff60>@@AAV<lambda_ad1ced32f4ac17aa236e5ef05d6b3b7c>@@$$QAV<lambda_4a8533e2866a575feecb8298ce776b0d>@@@Z 10016e78     libucrt:mbctype.obj
 0002:00005e98       __sehtable$__query_new_handler 10016e98     libucrt:new_handler.obj
 0002:00005eb8       __sehtable$_raise          10016eb8     libucrt:signal.obj
 0002:00005ed8       __sehtable$??$?RV<lambda_a048d3beccc847880fc8490e18b82769>@@AAV<lambda_ec61778202f4f5fc7e7711acc23c3bca>@@V<lambda_f7496a158712204296dd6628a163878e>@@@?$__crt_seh_guarded_call@P6AXH@Z@@QAEP6AXH@Z$$QAV<lambda_a048d3beccc847880fc8490e18b82769>@@AAV<lambda_ec61778202f4f5fc7e7711acc23c3bca>@@$$QAV<lambda_f7496a158712204296dd6628a163878e>@@@Z 10016ed8     libucrt:signal.obj
 0002:00005ef8       __sehtable$___acrt_update_thread_locale_data 10016ef8     libucrt:locale_refcounting.obj
 0002:00005f18       __sehtable$__fcloseall     10016f18     libucrt:closeall.obj
 0002:00005f38       __sehtable$_common_flush_all 10016f38     libucrt:fflush.obj
 0002:00005f60       __sehtable$___acrt_lowio_ensure_fh_exists 10016f60     libucrt:osfinfo.obj
 0002:00005f80       __sehtable$__write         10016f80     libucrt:write.obj
 0002:00005fa0       __sehtable$_fclose         10016fa0     libucrt:fclose.obj
 0002:00005fc0       __sehtable$??$?RV<lambda_61cee617f5178ae960314fd4d05640a0>@@AAV<lambda_6978c1fb23f02e42e1d9e99668cc68aa>@@V<lambda_9cd88cf8ad10232537feb2133f08c833>@@@?$__crt_seh_guarded_call@H@@QAEH$$QAV<lambda_61cee617f5178ae960314fd4d05640a0>@@AAV<lambda_6978c1fb23f02e42e1d9e99668cc68aa>@@$$QAV<lambda_9cd88cf8ad10232537feb2133f08c833>@@@Z 10016fc0     libucrt:commit.obj
 0002:00005fe0       __sehtable$??$?RV<lambda_123407a5e2ac06da108355a851863b7a>@@AAV<lambda_2fe9b910cf3cbf4a0ab98a02ba45b3ec>@@V<lambda_ae55bdf541ad94d75914d381c370e64d>@@@?$__crt_seh_guarded_call@H@@QAEH$$QAV<lambda_123407a5e2ac06da108355a851863b7a>@@AAV<lambda_2fe9b910cf3cbf4a0ab98a02ba45b3ec>@@$$QAV<lambda_ae55bdf541ad94d75914d381c370e64d>@@@Z 10016fe0     libucrt:close.obj
 0002:00006000       __sehtable$__IsNonwritableInCurrentImage 10017000     LIBCMT:pesect.obj
 0002:00006020       .edata                     10017020     gdi+.exp
 0002:00006048       rgpv                       10017048     gdi+.exp
 0002:0000605c       rgszName                   1001705c     gdi+.exp
 0002:00006070       rgwOrd                     10017070     gdi+.exp
 0002:0000607a       szName                     1001707a     gdi+.exp
 0002:00006083       $N00001                    10017083     gdi+.exp
 0002:0000608e       $N00002                    1001708e     gdi+.exp
 0002:00006097       $N00003                    10017097     gdi+.exp
 0002:000060a0       $N00004                    100170a0     gdi+.exp
 0002:000060a9       $N00005                    100170a9     gdi+.exp
 0002:000063a2       .idata$6                   100173a2     kernel32:KERNEL32.dll
 0002:000063da       .idata$6                   100173da     user32:USER32.dll
 0002:00006450       .idata$6                   10017450     gdi32:GDI32.dll
 0002:0000647c       .idata$6                   1001747c     ole32:ole32.dll
 0003:00000030       ?__vcrt_flsindex@@3KA      10018030     libvcruntime:per_thread_data.obj
 0003:00000054       _errno_no_memory           10018054     libucrt:errno.obj
 0003:00000058       _doserrno_no_memory        10018058     libucrt:errno.obj
 0003:0000005c       ___acrt_flsindex           1001805c     libucrt:per_thread_data.obj
 0003:000001cc       ___rgctypeflag             100181cc     libucrt:mbctype.obj
 0003:000001d0       ___rgcode_page_info        100181d0     libucrt:mbctype.obj
 0003:00000780       ?gHeapInit@?A0xf7fecf6f@@3U?$atomic@H@std@@A 10018780     common-kernel32:Memory.obj
 0003:00000784       ?gHeapCounter@?A0xf7fecf6f@@3U?$atomic@H@std@@A 10018784     common-kernel32:Memory.obj
 0003:0000078c       ?gh_UnknownTerminatedThread@@3PAXA 1001878c     common-kernel32:WThreads.obj
 0003:00000790       ?g_Threads@@3PAUConEmuThreadInfo@@A 10018790     common-kernel32:WThreads.obj
 0003:00007f98       _GS_ExceptionRecord        1001ff98     LIBCMT:gs_report.obj
 0003:00007fe8       _GS_ContextRecord          1001ffe8     LIBCMT:gs_report.obj
 0003:000082b4       ?__proc_attached@@3HA      100202b4     LIBCMT:dll_dllmain.obj
 0003:000082d0       ?is_initialized_as_dll@@3_NA 100202d0     LIBCMT:utility.obj
 0003:000082d1       ?module_local_atexit_table_initialized@@3_NA 100202d1     LIBCMT:utility.obj
 0003:000082d4       ?module_local_atexit_table@@3U_onexit_table_t@@A 100202d4     LIBCMT:utility.obj
 0003:000082e0       ?module_local_at_quick_exit_table@@3U_onexit_table_t@@A 100202e0     LIBCMT:utility.obj
 0003:00008320       ?heap@@3V_HeapManager@@A   10020320     libvcruntime:undname.obj
 0003:00008334       ?__vcrt_startup_thread_ptd@@3U__vcrt_ptd@@A 10020334     libvcruntime:per_thread_data.obj
 0003:0000835c       ___vcrt_lock_table         1002035c     libvcruntime:locks.obj
 0003:00008374       ___vcrt_locks_initialized  10020374     libvcruntime:locks.obj
 0003:00008378       ?module_handles@@3PAPAUHINSTANCE__@@A 10020378     libvcruntime:winapi_downlevel.obj
 0003:00008384       ?encoded_function_pointers@@3PAPAXA 10020384     libvcruntime:winapi_downlevel.obj
 0003:000083a0       _c_termination_complete    100203a0     libucrt:exit.obj
 0003:000083a4       _thread_local_exit_callback_func 100203a4     libucrt:exit.obj
 0003:000083a8       ?c_exit_complete@?5??common_exit@@YAXHW4_crt_exit_cleanup_mode@@W4_crt_exit_return_mode@@@Z@4_NA 100203a8     libucrt:exit.obj
 0003:000083b0       ?program_name@?5???$common_configure_argv@D@@YAHW4_crt_argv_mode@@@Z@4PADA 100203b0     libucrt:argv_parsing.obj
 0003:000084e0       ___acrt_invalid_parameter_handler 100204e0     libucrt:invalid_parameter.obj
 0003:000084ec       _enable_percent_n          100204ec     libucrt:printf_count_output.obj
 0003:00008708       ___acrt_lock_table         10020708     libucrt:locks.obj
 0003:00008840       ___acrt_locks_initialized  10020840     libucrt:locks.obj
 0003:00008848       _module_handles            10020848     libucrt:winapi_thunks.obj
 0003:00008898       _encoded_function_pointers 10020898     libucrt:winapi_thunks.obj
 0003:00008918       ?state_cache@?1??__acrt_is_packaged_app@@9@4JA 10020918     libucrt:winapi_thunks.obj
 0003:00008934       _fSystemSet                10020934     libucrt:mbctype.obj
 0003:00008938       ?initialized@?1??__acrt_initialize_multibyte@@9@4_NA 10020938     libucrt:mbctype.obj
 0003:00008958       ___acrt_new_handler        10020958     libucrt:new_handler.obj
 0003:0000895c       _ctrlc_action              1002095c     libucrt:signal.obj
 0003:00008960       _ctrlbreak_action          10020960     libucrt:signal.obj
 0003:00008964       _abort_action              10020964     libucrt:signal.obj
 0003:00008968       _term_action               10020968     libucrt:signal.obj
 0003:0000896c       _user_matherr              1002096c     libucrt:matherr.obj
 0003:00008970       ___acrt_global_new_mode    10020970     libucrt:new_mode.obj
 0003:0000897c       ___acrt_app_type           1002097c     libucrt:report_runtime_error.obj
 0003:00008984       __pmatherr_set             10020984     libucrt:libm_error.obj
 0004:000000a0       $R000000                   100210a0     gdip.res
 0004:000003b0       $R000310                   100213b0     gdip.res
