 ico

 Timestamp is 5da31ac1 (Sun Oct 13 15:38:25 2019)

 Preferred load address is 0000000180000000

 Start         Length     Name                   Class
 0001:00000000 00010230H .text$mn                CODE
 0001:00010230 00000020H .text$mn$00             CODE
 0001:00010250 00000270H .text$x                 CODE
 0002:00000000 000002a8H .idata$5                DATA
 0002:000002a8 00000010H .00cfg                  DATA
 0002:000002b8 00000008H .CRT$XCA                DATA
 0002:000002c0 00000008H .CRT$XCZ                DATA
 0002:000002c8 00000008H .CRT$XIA                DATA
 0002:000002d0 00000018H .CRT$XIC                DATA
 0002:000002e8 00000008H .CRT$XIZ                DATA
 0002:000002f0 00000008H .CRT$XPA                DATA
 0002:000002f8 00000010H .CRT$XPX                DATA
 0002:00000308 00000008H .CRT$XPXA               DATA
 0002:00000310 00000008H .CRT$XPZ                DATA
 0002:00000318 00000008H .CRT$XTA                DATA
 0002:00000320 00000010H .CRT$XTZ                DATA
 0002:00000328 00000000H .gfids$x                DATA
 0002:00000328 00000000H .gfids$y                DATA
 0002:00000330 00007fa0H .rdata                  DATA
 0002:000082d0 0000038cH .rdata$r                DATA
 0002:0000865c 0000031cH .rdata$zzzdbg           DATA
 0002:00008978 00000008H .rtc$IAA                DATA
 0002:00008980 00000008H .rtc$IZZ                DATA
 0002:00008988 00000008H .rtc$TAA                DATA
 0002:00008990 00000008H .rtc$TZZ                DATA
 0002:00008998 00000d08H .xdata                  DATA
 0002:00009698 00000000H .xdata$x                DATA
 0002:000096a0 00000094H .edata                  DATA
 0002:00009734 0000003cH .idata$2                DATA
 0002:00009770 00000018H .idata$3                DATA
 0002:00009788 000002a8H .idata$4                DATA
 0002:00009a30 00000626H .idata$6                DATA
 0003:00000000 000008f0H .data                   DATA
 0003:000008f0 00000130H .data$r                 DATA
 0003:00000a20 000011c8H .bss                    DATA
 0004:00000000 0000102cH .pdata                  DATA
 0005:00000000 000000a0H .rsrc$01                DATA
 0005:000000a0 00000488H .rsrc$02                DATA

  Address         Publics by Value              Rva+Base               Lib:Object

 0000:00000000       __hybrid_code_map_count    0000000000000000     <absolute>
 0000:00000000       __hybrid_code_map          0000000000000000     <absolute>
 0000:00000000       __guard_iat_count          0000000000000000     <absolute>
 0000:00000000       __volatile_metadata        0000000000000000     <absolute>
 0000:00000000       __guard_longjmp_count      0000000000000000     <absolute>
 0000:00000000       __guard_longjmp_table      0000000000000000     <absolute>
 0000:00000000       __guard_iat_table          0000000000000000     <absolute>
 0000:00000000       __guard_fids_count         0000000000000000     <absolute>
 0000:00000000       ___safe_se_handler_count   0000000000000000     <absolute>
 0000:00000000       __dynamic_value_reloc_table 0000000000000000     <absolute>
 0000:00000000       __enclave_config           0000000000000000     <absolute>
 0000:00000000       ___safe_se_handler_table   0000000000000000     <absolute>
 0000:00000000       __guard_fids_table         0000000000000000     <absolute>
 0000:00000000       __hybrid_auxiliary_iat     0000000000000000     <absolute>
 0000:00000100       __guard_flags              0000000000000100     <absolute>
 0000:00000000       __ImageBase                0000000180000000     <linker-defined>
 0001:00000000       ??$swprintf_c@$0IA@@@YAHAEAY0IA@_WPEB_WZZ 0000000180001000 f i ico.obj
 0001:0000002c       ??_EImage@Gdiplus@@UEAAPEAXI@Z 000000018000102c f i ico.obj
 0001:0000002c       ??_GImage@Gdiplus@@UEAAPEAXI@Z 000000018000102c f i ico.obj
 0001:0000002c       ??_GBitmap@Gdiplus@@UEAAPEAXI@Z 000000018000102c f i ico.obj
 0001:0000002c       ??_EBitmap@Gdiplus@@UEAAPEAXI@Z 000000018000102c f i ico.obj
 0001:0000007c       ??_GMStream@@UEAAPEAXI@Z   000000018000107c f i ico.obj
 0001:0000007c       ??_EMStream@@UEAAPEAXI@Z   000000018000107c f i ico.obj
 0001:000000f4       ?AddRef@MStream@@UEAAKXZ   00000001800010f4 f i ico.obj
 0001:00000108       ?CET_Cancel@@YAXPEAX@Z     0000000180001108 f   ico.obj
 0001:00000120       ?CET_Done@@YAXPEAUCET_Init@@@Z 0000000180001120 f   ico.obj
 0001:00000180       ?CET_Free@@YAXPEAUCET_LoadInfo@@@Z 0000000180001180 f   ico.obj
 0001:000001b4       ?CET_Init@@YAHPEAU0@@Z     00000001800011b4 f   ico.obj
 0001:00000278       ?CET_Load@@YAHPEAUCET_LoadInfo@@@Z 0000000180001278 f   ico.obj
 0001:000003d8       ?Clone@Image@Gdiplus@@UEAAPEAV12@XZ 00000001800013d8 f i ico.obj
 0001:0000042c       ?Revert@MStream@@UEAAJXZ   000000018000142c f i ico.obj
 0001:0000042c       ?UnlockRegion@MStream@@UEAAJT_ULARGE_INTEGER@@0K@Z 000000018000142c f i ico.obj
 0001:0000042c       ?LockRegion@MStream@@UEAAJT_ULARGE_INTEGER@@0K@Z 000000018000142c f i ico.obj
 0001:0000042c       ?Clone@MStream@@UEAAJPEAPEAUIStream@@@Z 000000018000142c f i ico.obj
 0001:0000042c       ?CopyTo@MStream@@UEAAJPEAUIStream@@T_ULARGE_INTEGER@@PEAT3@2@Z 000000018000142c f i ico.obj
 0001:00000434       ?Close@ICOImage@@QEAAXXZ   0000000180001434 f i ico.obj
 0001:000004b4       ?Commit@MStream@@UEAAJK@Z  00000001800014b4 f i ico.obj
 0001:000004c0       ?Decode1BPP@@YAPEAEIIPEAUtagRGBQUAD@@PEAE1AEAK@Z 00000001800014c0 f   ico.obj
 0001:000005cc       ?Decode24BPP@@YAPEAEAEAIIPEAE1AEAK@Z 00000001800015cc f   ico.obj
 0001:000007d0       ?Decode32BPP@@YAPEAEAEAIIPEAE1AEAK@Z 00000001800017d0 f   ico.obj
 0001:000008d8       ?Decode4BPP@@YAPEAEIIPEAUtagRGBQUAD@@PEAE1AEAK@Z 00000001800018d8 f   ico.obj
 0001:00000a04       ?Decode8BPP@@YAPEAEAEAIIPEAUtagRGBQUAD@@PEAE2AEAK@Z 0000000180001a04 f   ico.obj
 0001:00000b18       ?DecodeDummy@@YAPEAEIIAEAK@Z 0000000180001b18 f   ico.obj
 0001:00000b78       ?GetPageBits@ICOImage@@QEAAHPEAUCET_LoadInfo@@@Z 0000000180001b78 f i ico.obj
 0001:00000cb4       ?Init@ICODecoder@@QEAAHPEAUCET_Init@@@Z 0000000180001cb4 f i ico.obj
 0001:00000d28       ?LoadPageInfo@@YAKPEAUICONCONTEXT@@HAEAI111PEAPEB_W@Z 0000000180001d28 f   ico.obj
 0001:00000eb0       ?Open@ICOImage@@QEAAH_NPEB_WPEBEKU_COORD@@@Z 0000000180001eb0 f i ico.obj
 0001:000010c8       ?PageDecode@ICOImage@@QEAAHPEAUCET_LoadInfo@@@Z 00000001800020c8 f i ico.obj
 0001:000014f8       ?QueryInterface@MStream@@UEAAJAEBU_GUID@@PEAPEAX@Z 00000001800024f8 f i ico.obj
 0001:00001560       ?Read@MStream@@UEAAJPEAXKPEAK@Z 0000000180002560 f i ico.obj
 0001:000015d4       ?Release@MStream@@UEAAKXZ  00000001800025d4 f i ico.obj
 0001:00001604       ?Seek@MStream@@UEAAJT_LARGE_INTEGER@@KPEAT_ULARGE_INTEGER@@@Z 0000000180002604 f i ico.obj
 0001:00001668       ?SetSize@MStream@@UEAAJT_ULARGE_INTEGER@@@Z 0000000180002668 f i ico.obj
 0001:00001714       ?Stat@MStream@@UEAAJPEAUtagSTATSTG@@K@Z 0000000180002714 f i ico.obj
 0001:00001790       ?StringCchVPrintfW@@YAJPEA_W_KPEB_WPEAD@Z 0000000180002790 f i ico.obj
 0001:00001834       ?Write@MStream@@UEAAJPEBXKPEAK@Z 0000000180002834 f i ico.obj
 0001:00001904       _guard_check_icall_nop     0000000180002904 f i LIBCMT:guard_support.obj
 0001:00001904       ?__global_delete@@YAXPEAX_K@Z 0000000180002904 f i ico.obj
 0001:00001904       ?__empty_global_delete@@YAXPEAX_K@Z 0000000180002904 f i ico.obj
 0001:00001908       __local_stdio_printf_options 0000000180002908 f i ico.obj
 0001:00001910       ??3@YAXPEAX@Z              0000000180002910 f   common-kernel64:Memory.obj
 0001:00001918       ?HeapDeinitialize@@YAXXZ   0000000180002918 f   common-kernel64:Memory.obj
 0001:00001978       ?HeapInitialize@@YA_NXZ    0000000180002978 f   common-kernel64:Memory.obj
 0001:000019b8       ?xf_free@@YAXPEAX@Z        00000001800029b8 f   common-kernel64:Memory.obj
 0001:00001a2a       GdipAlloc                  0000000180002a2a f   gdiplus:gdiplus.dll
 0001:00001a30       GdipFree                   0000000180002a30 f   gdiplus:gdiplus.dll
 0001:00001a36       GdiplusStartup             0000000180002a36 f   gdiplus:gdiplus.dll
 0001:00001a3c       GdiplusShutdown            0000000180002a3c f   gdiplus:gdiplus.dll
 0001:00001a42       GdipCloneImage             0000000180002a42 f   gdiplus:gdiplus.dll
 0001:00001a48       GdipDisposeImage           0000000180002a48 f   gdiplus:gdiplus.dll
 0001:00001a4e       GdipGetImagePixelFormat    0000000180002a4e f   gdiplus:gdiplus.dll
 0001:00001a54       GdipCreateBitmapFromStream 0000000180002a54 f   gdiplus:gdiplus.dll
 0001:00001a5a       GdipBitmapLockBits         0000000180002a5a f   gdiplus:gdiplus.dll
 0001:00001a60       GdipBitmapUnlockBits       0000000180002a60 f   gdiplus:gdiplus.dll
 0001:00001a68       ??3@YAXPEAX_K@Z            0000000180002a68 f   LIBCMT:delete_scalar_size.obj
 0001:00001a70       __GSHandlerCheck           0000000180002a70 f   LIBCMT:gshandler.obj
 0001:00001a90       __GSHandlerCheckCommon     0000000180002a90 f   LIBCMT:gshandler.obj
 0001:00001b00       __security_check_cookie    0000000180002b00 f   LIBCMT:amdsecgs.obj
 0001:00001b24       ??_Gtype_info@@UEAAPEAXI@Z 0000000180002b24 f i LIBCMT:std_type_info_static.obj
 0001:00001b24       ??_Etype_info@@UEAAPEAXI@Z 0000000180002b24 f i LIBCMT:std_type_info_static.obj
 0001:00001e80       _DllMainCRTStartup         0000000180002e80 f   LIBCMT:dll_dllmain.obj
 0001:00001ec0       __raise_securityfailure    0000000180002ec0 f   LIBCMT:gs_report.obj
 0001:00001ef4       __report_gsfailure         0000000180002ef4 f   LIBCMT:gs_report.obj
 0001:00001fc8       __report_rangecheckfailure 0000000180002fc8 f   LIBCMT:gs_report.obj
 0001:00001fdc       __report_securityfailure   0000000180002fdc f   LIBCMT:gs_report.obj
 0001:0000215c       __security_init_cookie     000000018000315c f   LIBCMT:gs_support.obj
 0001:00002208       DllMain                    0000000180003208 f   LIBCMT:dll_dllmain_stub.obj
 0001:00002208       _get_startup_argv_mode     0000000180003208 f   LIBCMT:argv_mode.obj
 0001:00002210       ?__scrt_initialize_type_info@@YAXXZ 0000000180003210 f   LIBCMT:tncleanup.obj
 0001:00002220       ?__scrt_uninitialize_type_info@@YAXXZ 0000000180003220 f   LIBCMT:tncleanup.obj
 0001:0000222c       __local_stdio_scanf_options 000000018000322c f i LIBCMT:default_local_stdio_options.obj
 0001:00002234       __scrt_initialize_default_local_stdio_options 0000000180003234 f   LIBCMT:default_local_stdio_options.obj
 0001:00002250       __scrt_acquire_startup_lock 0000000180003250 f   LIBCMT:utility.obj
 0001:0000228c       __scrt_dllmain_after_initialize_c 000000018000328c f   LIBCMT:utility.obj
 0001:000022c0       __scrt_dllmain_before_initialize_c 00000001800032c0 f   LIBCMT:utility.obj
 0001:000022d8       __scrt_dllmain_crt_thread_attach 00000001800032d8 f   LIBCMT:utility.obj
 0001:00002300       __scrt_dllmain_crt_thread_detach 0000000180003300 f   LIBCMT:utility.obj
 0001:00002318       __scrt_dllmain_exception_filter 0000000180003318 f   LIBCMT:utility.obj
 0001:00002378       __scrt_dllmain_uninitialize_c 0000000180003378 f   LIBCMT:utility.obj
 0001:000023a8       __scrt_dllmain_uninitialize_critical 00000001800033a8 f   LIBCMT:utility.obj
 0001:000023bc       __scrt_initialize_crt      00000001800033bc f   LIBCMT:utility.obj
 0001:00002408       __scrt_initialize_onexit_tables 0000000180003408 f   LIBCMT:utility.obj
 0001:000024e0       __scrt_is_nonwritable_in_current_image 00000001800034e0 f   LIBCMT:utility.obj
 0001:0000257c       __scrt_release_startup_lock 000000018000357c f   LIBCMT:utility.obj
 0001:000025a0       __scrt_uninitialize_crt    00000001800035a0 f   LIBCMT:utility.obj
 0001:000025cc       __scrt_get_dyn_tls_init_callback 00000001800035cc f   LIBCMT:dyn_tls_init.obj
 0001:000025d4       __crt_debugger_hook        00000001800035d4 f   LIBCMT:utility_desktop.obj
 0001:000025dc       __scrt_fastfail            00000001800035dc f   LIBCMT:utility_desktop.obj
 0001:00002728       _RTC_Initialize            0000000180003728 f   LIBCMT:initsect.obj
 0001:00002764       _RTC_Terminate             0000000180003764 f   LIBCMT:initsect.obj
 0001:000027a0       __isa_available_init       00000001800037a0 f   LIBCMT:cpu_disp.obj
 0001:0000295c       __scrt_is_ucrt_dll_in_use  000000018000395c f   LIBCMT:ucrt_detection.obj
 0001:00002980       memcpy_repmovs             0000000180003980 f   libvcruntime:memcpy.obj
 0001:000029a0       memcpy                     00000001800039a0 f   libvcruntime:memcpy.obj
 0001:000029a0       memmove                    00000001800039a0 f   libvcruntime:memcpy.obj
 0001:00002df0       memset_repmovs             0000000180003df0 f   libvcruntime:memset.obj
 0001:00002e10       memset                     0000000180003e10 f   libvcruntime:memset.obj
 0001:00002fa0       __C_specific_handler       0000000180003fa0 f   libvcruntime:riscchandler.obj
 0001:000031ac       __std_type_info_destroy_list 00000001800041ac f   libvcruntime:std_type_info.obj
 0001:000031d8       __vcrt_initialize          00000001800041d8 f   libvcruntime:initialization.obj
 0001:0000320c       __vcrt_thread_attach       000000018000420c f   libvcruntime:initialization.obj
 0001:00003220       __vcrt_thread_detach       0000000180004220 f   libvcruntime:initialization.obj
 0001:00003234       __vcrt_uninitialize        0000000180004234 f   libvcruntime:initialization.obj
 0001:00003254       __vcrt_uninitialize_critical 0000000180004254 f   libvcruntime:initialization.obj
 0001:00003280       _NLG_Notify                0000000180004280 f   libvcruntime:notify.obj
 0001:000032a0       __NLG_Dispatch2            00000001800042a0 f   libvcruntime:notify.obj
 0001:000032b0       __NLG_Return2              00000001800042b0 f   libvcruntime:notify.obj
 0001:000032b4       __except_validate_context_record 00000001800042b4 f   libvcruntime:jbcxrval.obj
 0001:000032ec       __DestructExceptionObject  00000001800042ec f   libvcruntime:ehhelpers.obj
 0001:00003360       ?_CallMemberFunction0@@YAXQEAX0@Z 0000000180004360 f i libvcruntime:ehhelpers.obj
 0001:00003364       __vcrt_freefls             0000000180004364 f   libvcruntime:per_thread_data.obj
 0001:00003384       __vcrt_freeptd             0000000180004384 f   libvcruntime:per_thread_data.obj
 0001:000033d4       __vcrt_getptd_noexit       00000001800043d4 f   libvcruntime:per_thread_data.obj
 0001:000034a0       __vcrt_initialize_ptd      00000001800044a0 f   libvcruntime:per_thread_data.obj
 0001:000034f4       __vcrt_uninitialize_ptd    00000001800044f4 f   libvcruntime:per_thread_data.obj
 0001:00003518       __vcrt_initialize_locks    0000000180004518 f   libvcruntime:locks.obj
 0001:00003560       __vcrt_uninitialize_locks  0000000180004560 f   libvcruntime:locks.obj
 0001:00003770       __vcrt_FlsAlloc            0000000180004770 f   libvcruntime:winapi_downlevel.obj
 0001:000037b8       __vcrt_FlsFree             00000001800047b8 f   libvcruntime:winapi_downlevel.obj
 0001:00003800       __vcrt_FlsGetValue         0000000180004800 f   libvcruntime:winapi_downlevel.obj
 0001:00003848       __vcrt_FlsSetValue         0000000180004848 f   libvcruntime:winapi_downlevel.obj
 0001:0000389c       __vcrt_InitializeCriticalSectionEx 000000018000489c f   libvcruntime:winapi_downlevel.obj
 0001:00003900       __vcrt_initialize_winapi_thunks 0000000180004900 f   libvcruntime:winapi_downlevel.obj
 0001:00003930       __vcrt_uninitialize_winapi_thunks 0000000180004930 f   libvcruntime:winapi_downlevel.obj
 0001:00003970       __vcrt_initialize_pure_virtual_call_handler 0000000180004970 f   libvcruntime:purevirt_data.obj
 0001:00003990       _CallSettingFrame          0000000180004990 f   libvcruntime:handlers.obj
 0001:000039e0       _CallSettingFrameEncoded   00000001800049e0 f   libvcruntime:handlers.obj
 0001:00003a28       ??$ensure_buffer_is_big_enough@D@formatting_buffer@__crt_stdio_output@@QEAA_N_K@Z 0000000180004a28 f i libucrt:output.obj
 0001:00003ad4       ??$is_wide_character_specifier@_W@__crt_stdio_output@@YA_N_K_WW4length_modifier@0@@Z 0000000180004ad4 f i libucrt:output.obj
 0001:00003b18       ??$type_case_integer_parse_into_buffer@I@?$output_processor@_WV?$string_output_adapter@_W@__crt_stdio_output@@V?$standard_base@_WV?$string_output_adapter@_W@__crt_stdio_output@@@2@@__crt_stdio_output@@AEAAXII_N@Z 0000000180004b18 f i libucrt:output.obj
 0001:00003bb4       ??$type_case_integer_parse_into_buffer@_K@?$output_processor@_WV?$string_output_adapter@_W@__crt_stdio_output@@V?$standard_base@_WV?$string_output_adapter@_W@__crt_stdio_output@@@2@@__crt_stdio_output@@AEAAX_KI_N@Z 0000000180004bb4 f i libucrt:output.obj
 0001:00003c50       ??$write_multiple_characters@V?$string_output_adapter@_W@__crt_stdio_output@@D@__crt_stdio_output@@YAXAEBV?$string_output_adapter@_W@0@DHQEAH@Z 0000000180004c50 f i libucrt:output.obj
 0001:00003cc0       ??0?$output_processor@_WV?$string_output_adapter@_W@__crt_stdio_output@@V?$standard_base@_WV?$string_output_adapter@_W@__crt_stdio_output@@@2@@__crt_stdio_output@@QEAA@AEBV?$string_output_adapter@_W@1@_KQEB_WQEAU__crt_locale_pointers@@QEAD@Z 0000000180004cc0 f i libucrt:output.obj
 0001:00003d40       ??0_LocaleUpdate@@QEAA@QEAU__crt_locale_pointers@@@Z 0000000180004d40 f i libucrt:output.obj
 0001:00003dd0       ?force_decimal_point@__crt_stdio_output@@YAXPEADQEAU__crt_locale_pointers@@@Z 0000000180004dd0 f i libucrt:output.obj
 0001:00003e40       ?parse_int_from_format_string@?$output_processor@_WV?$string_output_adapter@_W@__crt_stdio_output@@V?$standard_base@_WV?$string_output_adapter@_W@__crt_stdio_output@@@2@@__crt_stdio_output@@AEAA_NQEAH@Z 0000000180004e40 f i libucrt:output.obj
 0001:00003ec0       ?process@?$output_processor@_WV?$string_output_adapter@_W@__crt_stdio_output@@V?$standard_base@_WV?$string_output_adapter@_W@__crt_stdio_output@@@2@@__crt_stdio_output@@QEAAHXZ 0000000180004ec0 f i libucrt:output.obj
 0001:0000413c       ?state_case_size@?$output_processor@_WV?$string_output_adapter@_W@__crt_stdio_output@@V?$standard_base@_WV?$string_output_adapter@_W@__crt_stdio_output@@@2@@__crt_stdio_output@@AEAA_NXZ 000000018000513c f i libucrt:output.obj
 0001:000042e0       ?state_case_type@?$output_processor@_WV?$string_output_adapter@_W@__crt_stdio_output@@V?$standard_base@_WV?$string_output_adapter@_W@__crt_stdio_output@@@2@@__crt_stdio_output@@AEAA_NXZ 00000001800052e0 f i libucrt:output.obj
 0001:000045ac       ?type_case_Z@?$output_processor@_WV?$string_output_adapter@_W@__crt_stdio_output@@V?$standard_base@_WV?$string_output_adapter@_W@__crt_stdio_output@@@2@@__crt_stdio_output@@AEAA_NXZ 00000001800055ac f i libucrt:output.obj
 0001:0000462c       ?type_case_a@?$output_processor@_WV?$string_output_adapter@_W@__crt_stdio_output@@V?$standard_base@_WV?$string_output_adapter@_W@__crt_stdio_output@@@2@@__crt_stdio_output@@AEAA_NXZ 000000018000562c f i libucrt:output.obj
 0001:00004870       ?type_case_c_tchar@?$output_processor@_WV?$string_output_adapter@_W@__crt_stdio_output@@V?$standard_base@_WV?$string_output_adapter@_W@__crt_stdio_output@@@2@@__crt_stdio_output@@AEAA_N_W@Z 0000000180005870 f i libucrt:output.obj
 0001:00004918       ?type_case_integer@?$output_processor@_WV?$string_output_adapter@_W@__crt_stdio_output@@V?$standard_base@_WV?$string_output_adapter@_W@__crt_stdio_output@@@2@@__crt_stdio_output@@AEAA_NI_N@Z 0000000180005918 f i libucrt:output.obj
 0001:00004ab8       ?type_case_n@?$output_processor@_WV?$string_output_adapter@_W@__crt_stdio_output@@V?$standard_base@_WV?$string_output_adapter@_W@__crt_stdio_output@@@2@@__crt_stdio_output@@AEAA_NXZ 0000000180005ab8 f i libucrt:output.obj
 0001:00004b94       ?type_case_s@?$output_processor@_WV?$string_output_adapter@_W@__crt_stdio_output@@V?$standard_base@_WV?$string_output_adapter@_W@__crt_stdio_output@@@2@@__crt_stdio_output@@AEAA_NXZ 0000000180005b94 f i libucrt:output.obj
 0001:00004c5c       ?write_stored_string_tchar@?$output_processor@_WV?$string_output_adapter@_W@__crt_stdio_output@@V?$standard_base@_WV?$string_output_adapter@_W@__crt_stdio_output@@@2@@__crt_stdio_output@@AEAA_N_W@Z 0000000180005c5c f i libucrt:output.obj
 0001:00004d4c       ?write_string@?$string_output_adapter@_W@__crt_stdio_output@@QEBAXQEB_WHQEAH1@Z 0000000180005d4c f i libucrt:output.obj
 0001:00004e0c       __stdio_common_vswprintf   0000000180005e0c f   libucrt:output.obj
 0001:00005044       _initterm                  0000000180006044 f   libucrt:initterm.obj
 0001:000050bc       _initterm_e                00000001800060bc f   libucrt:initterm.obj
 0001:00005108       _seh_filter_dll            0000000180006108 f   libucrt:exception_filter.obj
 0001:0000511c       _seh_filter_exe            000000018000611c f   libucrt:exception_filter.obj
 0001:000054dc       __acrt_initialize_thread_local_exit_callback 00000001800064dc f   libucrt:exit.obj
 0001:000054e4       _cexit                     00000001800064e4 f   libucrt:exit.obj
 0001:000054f4       _exit                      00000001800064f4 f   libucrt:exit.obj
 0001:00005500       _is_c_termination_complete 0000000180006500 f   libucrt:exit.obj
 0001:000056c4       __acrt_allocate_buffer_for_argv 00000001800066c4 f   libucrt:argv_parsing.obj
 0001:00005728       _configure_narrow_argv     0000000180006728 f   libucrt:argv_parsing.obj
 0001:00005a84       __dcrt_uninitialize_environments_nolock 0000000180006a84 f   libucrt:environment_initialization.obj
 0001:00005abc       _initialize_narrow_environment 0000000180006abc f   libucrt:environment_initialization.obj
 0001:00005ac4       ??$?RV<lambda_e24bbb7b643b32fcea6fa61b31d4c984>@@AEAV<lambda_275893d493268fdec8709772e3fcec0e>@@V<lambda_9d71df4d7cf3f480f8d633942495c3b0>@@@?$__crt_seh_guarded_call@H@@QEAAH$$QEAV<lambda_e24bbb7b643b32fcea6fa61b31d4c984>@@AEAV<lambda_275893d493268fdec8709772e3fcec0e>@@$$QEAV<lambda_9d71df4d7cf3f480f8d633942495c3b0>@@@Z 0000000180006ac4 f i libucrt:onexit.obj
 0001:00005c64       _execute_onexit_table      0000000180006c64 f   libucrt:onexit.obj
 0001:00005ca0       _initialize_onexit_table   0000000180006ca0 f   libucrt:onexit.obj
 0001:00005d18       __acrt_uninitialize_command_line 0000000180006d18 f   libucrt:argv_data.obj
 0001:00005e18       __acrt_initialize          0000000180006e18 f   libucrt:initialization.obj
 0001:00005e2c       __acrt_thread_attach       0000000180006e2c f   libucrt:initialization.obj
 0001:00005e40       __acrt_thread_detach       0000000180006e40 f   libucrt:initialization.obj
 0001:00005e50       __acrt_uninitialize        0000000180006e50 f   libucrt:initialization.obj
 0001:00005e64       __acrt_uninitialize_critical 0000000180006e64 f   libucrt:initialization.obj
 0001:00005e74       terminate                  0000000180006e74 f   libucrt:terminate.obj
 0001:00005e9c       free                       0000000180006e9c f   libucrt:free.obj
 0001:00005ea4       strcpy_s                   0000000180006ea4 f   libucrt:strcpy_s.obj
 0001:00005f04       ??$is_overflow_condition@K@__crt_strtox@@YA_NIK@Z 0000000180006f04 f i libucrt:atox.obj
 0001:00005f30       ??$parse_integer@KV?$c_string_character_source@_W@__crt_strtox@@@__crt_strtox@@YAKQEAU__crt_locale_pointers@@V?$c_string_character_source@_W@0@H_N@Z 0000000180006f30 f i libucrt:atox.obj
 0001:00006620       strncmp                    0000000180007620 f   libucrt:strncmp.obj
 0001:000066a0       abort                      00000001800076a0 f   libucrt:abort.obj
 0001:000066f8       calloc                     00000001800076f8 f   libucrt:calloc.obj
 0001:00006700       wcsncmp                    0000000180007700 f   libucrt:wcsncmp.obj
 0001:0000672c       __acrt_call_reportfault    000000018000772c f   libucrt:invalid_parameter.obj
 0001:00006888       __acrt_initialize_invalid_parameter_handler 0000000180007888 f   libucrt:invalid_parameter.obj
 0001:00006890       _invalid_parameter         0000000180007890 f   libucrt:invalid_parameter.obj
 0001:00006938       _invalid_parameter_noinfo  0000000180007938 f   libucrt:invalid_parameter.obj
 0001:00006958       _invoke_watson             0000000180007958 f   libucrt:invalid_parameter.obj
 0001:000069a0       isdigit                    00000001800079a0 f i libucrt:_ctype.obj
 0001:00006a64       _tolower_l                 0000000180007a64 f   libucrt:tolower_toupper.obj
 0001:00006ba4       tolower                    0000000180007ba4 f   libucrt:tolower_toupper.obj
 0001:00006bd0       __acrt_errno_from_os_error 0000000180007bd0 f   libucrt:errno.obj
 0001:00006c18       __acrt_errno_map_os_error  0000000180007c18 f   libucrt:errno.obj
 0001:00006c68       __doserrno                 0000000180007c68 f   libucrt:errno.obj
 0001:00006c88       _errno                     0000000180007c88 f   libucrt:errno.obj
 0001:00006ca8       _free_base                 0000000180007ca8 f   libucrt:free_base.obj
 0001:00006ce8       _malloc_base               0000000180007ce8 f   libucrt:malloc_base.obj
 0001:00006d48       ??$make_c_string_character_source@_WPEAPEA_W@__crt_strtox@@YA?AV?$c_string_character_source@_W@0@QEB_WQEAPEA_W@Z 0000000180007d48 f i libucrt:strtox.obj
 0001:00006d5c       wcstol                     0000000180007d5c f   libucrt:strtox.obj
 0001:00006d8c       _mbtowc_l                  0000000180007d8c f   libucrt:mbtowc.obj
 0001:00006ed4       mbtowc                     0000000180007ed4 f   libucrt:mbtowc.obj
 0001:00006edc       wcsnlen                    0000000180007edc f   libucrt:strnlen.obj
 0001:000070cc       ??$?RV<lambda_46352004c1216016012b18bd6f87e700>@@AEAV<lambda_3bd07e1a1191394380780325891bf33f>@@V<lambda_334532d3f185bcaa59b5be82d7d22bff>@@@?$__crt_seh_guarded_call@X@@QEAAX$$QEAV<lambda_46352004c1216016012b18bd6f87e700>@@AEAV<lambda_3bd07e1a1191394380780325891bf33f>@@$$QEAV<lambda_334532d3f185bcaa59b5be82d7d22bff>@@@Z 00000001800080cc f i libucrt:per_thread_data.obj
 0001:0000712c       ??$?RV<lambda_5e887d1dcbef67a5eb4283622ba103bf>@@AEAV<lambda_4466841279450cc726390878d4a41900>@@V<lambda_341c25c0346d94847f1f3c463c57e077>@@@?$__crt_seh_guarded_call@X@@QEAAX$$QEAV<lambda_5e887d1dcbef67a5eb4283622ba103bf>@@AEAV<lambda_4466841279450cc726390878d4a41900>@@$$QEAV<lambda_341c25c0346d94847f1f3c463c57e077>@@@Z 000000018000812c f i libucrt:per_thread_data.obj
 0001:00007174       ??$?RV<lambda_72d1df2b273a38828b1ce30cbf4cdab5>@@AEAV<lambda_876a65b173b8412d3a47c70a915b0cf4>@@V<lambda_41932305e351933ebe8f8be3ed8bb5dc>@@@?$__crt_seh_guarded_call@X@@QEAAX$$QEAV<lambda_72d1df2b273a38828b1ce30cbf4cdab5>@@AEAV<lambda_876a65b173b8412d3a47c70a915b0cf4>@@$$QEAV<lambda_41932305e351933ebe8f8be3ed8bb5dc>@@@Z 0000000180008174 f i libucrt:per_thread_data.obj
 0001:000071b4       ??$?RV<lambda_fb3a7dec4e47f37f22dae91bb15c9095>@@AEAV<lambda_698284760c8add0bfb0756c19673e34b>@@V<lambda_dfb8eca1e75fef3034a8fb18dd509707>@@@?$__crt_seh_guarded_call@X@@QEAAX$$QEAV<lambda_fb3a7dec4e47f37f22dae91bb15c9095>@@AEAV<lambda_698284760c8add0bfb0756c19673e34b>@@$$QEAV<lambda_dfb8eca1e75fef3034a8fb18dd509707>@@@Z 00000001800081b4 f i libucrt:per_thread_data.obj
 0001:00007444       __acrt_freeptd             0000000180008444 f   libucrt:per_thread_data.obj
 0001:00007488       __acrt_getptd              0000000180008488 f   libucrt:per_thread_data.obj
 0001:0000751c       __acrt_getptd_noexit       000000018000851c f   libucrt:per_thread_data.obj
 0001:000075bc       __acrt_initialize_ptd      00000001800085bc f   libucrt:per_thread_data.obj
 0001:000075f8       __acrt_uninitialize_ptd    00000001800085f8 f   libucrt:per_thread_data.obj
 0001:0000761c       __acrt_update_locale_info  000000018000861c f   libucrt:locale_update.obj
 0001:00007650       __acrt_update_multibyte_info 0000000180008650 f   libucrt:locale_update.obj
 0001:00007684       ?__acrt_fp_classify@@YA?AW4__acrt_fp_class@@AEBN@Z 0000000180008684 f i libucrt:cvt.obj
 0001:000080bc       __acrt_fp_format           00000001800090bc f   libucrt:cvt.obj
 0001:00008300       _fileno                    0000000180009300 f   libucrt:fileno.obj
 0001:00008328       __acrt_initialize_stdio    0000000180009328 f   libucrt:_file.obj
 0001:00008448       __acrt_uninitialize_stdio  0000000180009448 f   libucrt:_file.obj
 0001:000084a4       _lock_file                 00000001800094a4 f   libucrt:_file.obj
 0001:000084b0       _unlock_file               00000001800094b0 f   libucrt:_file.obj
 0001:000084bc       _get_printf_count_output   00000001800094bc f   libucrt:printf_count_output.obj
 0001:000084d4       __acrt_set_locale_changed  00000001800094d4 f   libucrt:wsetlocale.obj
 0001:000084e0       __acrt_uninitialize_locale 00000001800094e0 f   libucrt:wsetlocale.obj
 0001:00008710       __acrt_initialize_lowio    0000000180009710 f   libucrt:ioinit.obj
 0001:0000874c       __acrt_uninitialize_lowio  000000018000974c f   libucrt:ioinit.obj
 0001:0000878c       __acrt_initialize_locks    000000018000978c f   libucrt:locks.obj
 0001:000087d4       __acrt_lock                00000001800097d4 f   libucrt:locks.obj
 0001:000087f0       __acrt_uninitialize_locks  00000001800097f0 f   libucrt:locks.obj
 0001:00008828       __acrt_unlock              0000000180009828 f   libucrt:locks.obj
 0001:000089e4       __acrt_FlsAlloc            00000001800099e4 f   libucrt:winapi_thunks.obj
 0001:00008a3c       __acrt_FlsFree             0000000180009a3c f   libucrt:winapi_thunks.obj
 0001:00008a94       __acrt_FlsGetValue         0000000180009a94 f   libucrt:winapi_thunks.obj
 0001:00008aec       __acrt_FlsSetValue         0000000180009aec f   libucrt:winapi_thunks.obj
 0001:00008b54       __acrt_InitializeCriticalSectionEx 0000000180009b54 f   libucrt:winapi_thunks.obj
 0001:00008bcc       __acrt_LCMapStringEx       0000000180009bcc f   libucrt:winapi_thunks.obj
 0001:00008cbc       __acrt_LocaleNameToLCID    0000000180009cbc f   libucrt:winapi_thunks.obj
 0001:00008d24       __acrt_initialize_winapi_thunks 0000000180009d24 f   libucrt:winapi_thunks.obj
 0001:00008d5c       __acrt_is_packaged_app     0000000180009d5c f   libucrt:winapi_thunks.obj
 0001:00008de4       __acrt_uninitialize_winapi_thunks 0000000180009de4 f   libucrt:winapi_thunks.obj
 0001:00008e28       _calloc_base               0000000180009e28 f   libucrt:calloc_base.obj
 0001:0000937c       ?expand_if_necessary@?$argument_list@D@?A0xca0879c4@@AEAAHXZ 000000018000a37c f i libucrt:argv_wildcards.obj
 0001:00009444       __acrt_expand_narrow_argv_wildcards 000000018000a444 f   libucrt:argv_wildcards.obj
 0001:0000944c       ??$?RV<lambda_99476a1ad63dd22509b5d3e65b0ffc95>@@AEAV<lambda_ad1ced32f4ac17aa236e5ef05d6b3b7c>@@V<lambda_f7424dd8d45958661754dc4f2697e9c3>@@@?$__crt_seh_guarded_call@X@@QEAAX$$QEAV<lambda_99476a1ad63dd22509b5d3e65b0ffc95>@@AEAV<lambda_ad1ced32f4ac17aa236e5ef05d6b3b7c>@@$$QEAV<lambda_f7424dd8d45958661754dc4f2697e9c3>@@@Z 000000018000a44c f i libucrt:mbctype.obj
 0001:00009b48       __acrt_initialize_multibyte 000000018000ab48 f   libucrt:mbctype.obj
 0001:00009b70       __acrt_update_thread_multibyte_data 000000018000ab70 f   libucrt:mbctype.obj
 0001:00009c30       _setmbcp_nolock            000000018000ac30 f   libucrt:mbctype.obj
 0001:00009f50       _ismbblead                 000000018000af50 f   libucrt:ismbbyte.obj
 0001:00009f64       __acrt_initialize_command_line 000000018000af64 f   libucrt:argv_data.obj
 0001:00009f8c       __dcrt_get_narrow_environment_from_os 000000018000af8c f   libucrt:get_environment_from_os.obj
 0001:0000a090       _recalloc                  000000018000b090 f   libucrt:recalloc.obj
 0001:0000a098       _recalloc_base             000000018000b098 f   libucrt:recalloc.obj
 0001:0000a130       __acrt_initialize_heap     000000018000b130 f   libucrt:heap_handle.obj
 0001:0000a14c       __acrt_uninitialize_heap   000000018000b14c f   libucrt:heap_handle.obj
 0001:0000a158       __acrt_execute_initializers 000000018000b158 f   libucrt:shared_initialization.obj
 0001:0000a1ec       __acrt_execute_uninitializers 000000018000b1ec f   libucrt:shared_initialization.obj
 0001:0000a23c       __acrt_initialize_new_handler 000000018000b23c f   libucrt:new_handler.obj
 0001:0000a244       _callnewh                  000000018000b244 f   libucrt:new_handler.obj
 0001:0000a284       _query_new_handler         000000018000b284 f   libucrt:new_handler.obj
 0001:0000a2b8       ??$?RV<lambda_c36588078e9f5dfd39652860aa6b3aaf>@@AEAV<lambda_ec61778202f4f5fc7e7711acc23c3bca>@@V<lambda_dc9d2797ccde5d239b4a0efae8ebd7db>@@@?$__crt_seh_guarded_call@P6AXH@Z@@QEAAP6AXH@Z$$QEAV<lambda_c36588078e9f5dfd39652860aa6b3aaf>@@AEAV<lambda_ec61778202f4f5fc7e7711acc23c3bca>@@$$QEAV<lambda_dc9d2797ccde5d239b4a0efae8ebd7db>@@@Z 000000018000b2b8 f i libucrt:signal.obj
 0001:0000a300       __acrt_get_sigabrt_handler 000000018000b300 f   libucrt:signal.obj
 0001:0000a330       __acrt_initialize_signal_handlers 000000018000b330 f   libucrt:signal.obj
 0001:0000a350       raise                      000000018000b350 f   libucrt:signal.obj
 0001:0000a5ec       __acrt_has_user_matherr    000000018000b5ec f   libucrt:matherr.obj
 0001:0000a60c       __acrt_initialize_user_matherr 000000018000b60c f   libucrt:matherr.obj
 0001:0000a614       __acrt_invoke_user_matherr 000000018000b614 f   libucrt:matherr.obj
 0001:0000a65c       __pctype_func              000000018000b65c f   libucrt:ctype.obj
 0001:0000a68c       iswctype                   000000018000b68c f   libucrt:iswctype.obj
 0001:0000a6fc       _isctype_l                 000000018000b6fc f   libucrt:isctype.obj
 0001:0000a80c       _isleadbyte_l              000000018000b80c f i libucrt:_wctype.obj
 0001:0000aba8       __acrt_LCMapStringA        000000018000bba8 f   libucrt:lcmapstringa.obj
 0001:0000ac40       _query_new_mode            000000018000bc40 f   libucrt:new_mode.obj
 0001:0000ac48       __acrt_add_locale_ref      000000018000bc48 f   libucrt:locale_refcounting.obj
 0001:0000acd4       __acrt_free_locale         000000018000bcd4 f   libucrt:locale_refcounting.obj
 0001:0000ae4c       __acrt_locale_add_lc_time_reference 000000018000be4c f   libucrt:locale_refcounting.obj
 0001:0000ae74       __acrt_locale_free_lc_time_if_unreferenced 000000018000be74 f   libucrt:locale_refcounting.obj
 0001:0000aeac       __acrt_locale_release_lc_time_reference 000000018000beac f   libucrt:locale_refcounting.obj
 0001:0000aed4       __acrt_release_locale_ref  000000018000bed4 f   libucrt:locale_refcounting.obj
 0001:0000af7c       __acrt_update_thread_locale_data 000000018000bf7c f   libucrt:locale_refcounting.obj
 0001:0000afec       _updatetlocinfoEx_nolock   000000018000bfec f   libucrt:locale_refcounting.obj
 0001:0000b054       __acrt_fp_strflt_to_string 000000018000c054 f   libucrt:_fptostr.obj
 0001:0000b120       ?divide@__crt_strtox@@YA_KAEAUbig_integer@1@AEBU21@@Z 000000018000c120 f i libucrt:cfout.obj
 0001:0000b5f0       __acrt_fltout              000000018000c5f0 f   libucrt:cfout.obj
 0001:0000c9e4       _fcloseall                 000000018000d9e4 f   libucrt:closeall.obj
 0001:0000ca98       __acrt_stdio_flush_nolock  000000018000da98 f   libucrt:fflush.obj
 0001:0000cb10       _fflush_nolock             000000018000db10 f   libucrt:fflush.obj
 0001:0000cb5c       _flushall                  000000018000db5c f   libucrt:fflush.obj
 0001:0000cc4c       __acrt_stdio_free_buffer_nolock 000000018000dc4c f   libucrt:_freebuf.obj
 0001:0000cc8c       _isatty                    000000018000dc8c f   libucrt:isatty.obj
 0001:0000ccec       __acrt_locale_free_monetary 000000018000dcec f   libucrt:initmon.obj
 0001:0000cdf8       __acrt_locale_free_numeric 000000018000ddf8 f   libucrt:initnum.obj
 0001:0000cebc       __acrt_locale_free_time    000000018000debc f   libucrt:inittime.obj
 0001:0000cfc4       __acrt_GetStringTypeA      000000018000dfc4 f   libucrt:getstringtypea.obj
 0001:0000d178       __acrt_lowio_create_handle_array 000000018000e178 f   libucrt:osfinfo.obj
 0001:0000d210       __acrt_lowio_destroy_handle_array 000000018000e210 f   libucrt:osfinfo.obj
 0001:0000d260       __acrt_lowio_ensure_fh_exists 000000018000e260 f   libucrt:osfinfo.obj
 0001:0000d318       __acrt_lowio_lock_fh       000000018000e318 f   libucrt:osfinfo.obj
 0001:0000d33c       __acrt_lowio_unlock_fh     000000018000e33c f   libucrt:osfinfo.obj
 0001:0000d360       _free_osfhnd               000000018000e360 f   libucrt:osfinfo.obj
 0001:0000d41c       _get_osfhandle             000000018000e41c f   libucrt:osfinfo.obj
 0001:0000d55c       __acrt_DownlevelLocaleNameToLCID 000000018000e55c f   libucrt:lcidtoname_downlevel.obj
 0001:0000d660       qsort                      000000018000e660 f   libucrt:qsort.obj
 0001:0000d994       strncpy_s                  000000018000e994 f   libucrt:strncpy_s.obj
 0001:0000da68       strpbrk                    000000018000ea68 f   libucrt:strpbrk.obj
 0001:0000db08       _mbsdec                    000000018000eb08 f   libucrt:mbsdec.obj
 0001:0000db10       _mbsdec_l                  000000018000eb10 f   libucrt:mbsdec.obj
 0001:0000dbc0       _msize                     000000018000ebc0 f   libucrt:msize.obj
 0001:0000dbfc       _realloc_base              000000018000ebfc f   libucrt:realloc_base.obj
 0001:0000dc80       __strncnt                  000000018000ec80 f   libucrt:strncnt.obj
 0001:0000dc98       fegetenv                   000000018000ec98 f   libucrt:fegetenv.obj
 0001:0000dcb8       fesetenv                   000000018000ecb8 f   libucrt:fesetenv.obj
 0001:0000dd04       feholdexcept               000000018000ed04 f   libucrt:feholdexcept.obj
 0001:0000dd54       ceil                       000000018000ed54 f   libucrt:ceil.obj
 0001:0000de20       log10                      000000018000ee20 f   libucrt:log10.obj
 0001:0000e96c       _write                     000000018000f96c f   libucrt:write.obj
 0001:0000ea58       _write_nolock              000000018000fa58 f   libucrt:write.obj
 0001:0000edd8       _lseeki64_nolock           000000018000fdd8 f   libucrt:lseek.obj
 0001:0000ede0       _fclose_nolock             000000018000fde0 f   libucrt:fclose.obj
 0001:0000ee64       fclose                     000000018000fe64 f   libucrt:fclose.obj
 0001:0000eed0       ??$?RV<lambda_b521505b218e5242e90febf6bfebc422>@@AEAV<lambda_6978c1fb23f02e42e1d9e99668cc68aa>@@V<lambda_314360699dd331753a4119843814e9a7>@@@?$__crt_seh_guarded_call@H@@QEAAH$$QEAV<lambda_b521505b218e5242e90febf6bfebc422>@@AEAV<lambda_6978c1fb23f02e42e1d9e99668cc68aa>@@$$QEAV<lambda_314360699dd331753a4119843814e9a7>@@@Z 000000018000fed0 f i libucrt:commit.obj
 0001:0000ef5c       _commit                    000000018000ff5c f   libucrt:commit.obj
 0001:0000eff0       _query_app_type            000000018000fff0 f   libucrt:report_runtime_error.obj
 0001:0000eff8       _getfpcontrolword          000000018000fff8 f   libucrt:_fenvutils.obj
 0001:0000f010       _getfpstatusword           0000000180010010 f   libucrt:_fenvutils.obj
 0001:0000f024       _setfpcontrolword          0000000180010024 f   libucrt:_fenvutils.obj
 0001:0000f030       _setfpstatusword           0000000180010030 f   libucrt:_fenvutils.obj
 0001:0000f080       _clearfp                   0000000180010080 f   libucrt:ieee.obj
 0001:0000f0d4       _controlfp                 00000001800100d4 f   libucrt:ieee.obj
 0001:0000f0e0       _statusfp                  00000001800100e0 f   libucrt:ieee.obj
 0001:0000f4e4       _handle_error              00000001800104e4 f   libucrt:libm_error.obj
 0001:0000f60c       _handle_nan                000000018001060c f   libucrt:libm_error.obj
 0001:0000f630       __acrt_initialize_fma3     0000000180010630 f   libucrt:fma3_available.obj
 0001:0000f6a0       _log10_special             00000001800106a0 f   libucrt:log_special.obj
 0001:0000f758       _putwch_nolock             0000000180010758 f   libucrt:putwch.obj
 0001:0000f7b4       ??$?RV<lambda_bfedae4ebbf01fab1bb6dcc6a9e276e0>@@AEAV<lambda_2fe9b910cf3cbf4a0ab98a02ba45b3ec>@@V<lambda_237c231691f317818eb88cc1d5d642d6>@@@?$__crt_seh_guarded_call@H@@QEAAH$$QEAV<lambda_bfedae4ebbf01fab1bb6dcc6a9e276e0>@@AEAV<lambda_2fe9b910cf3cbf4a0ab98a02ba45b3ec>@@$$QEAV<lambda_237c231691f317818eb88cc1d5d642d6>@@@Z 00000001800107b4 f i libucrt:close.obj
 0001:0000f828       _close                     0000000180010828 f   libucrt:close.obj
 0001:0000f8cc       _close_nolock              00000001800108cc f   libucrt:close.obj
 0001:0000f988       ?__acrt_stdio_free_stream@@YAXV__crt_stdio_stream@@@Z 0000000180010988 f   libucrt:stream.obj
 0001:0000f9e0       _get_fpsr                  00000001800109e0 f   libucrt:fpsr.obj
 0001:0000f9f0       _set_fpsr                  00000001800109f0 f   libucrt:fpsr.obj
 0001:0000f9fa       _fclrf                     00000001800109fa f   libucrt:fpsr.obj
 0001:0000fa0e       _frnd                      0000000180010a0e f   libucrt:fpsr.obj
 0001:0000fa30       _raise_exc                 0000000180010a30 f   libucrt:fpexcept.obj
 0001:0000fa58       _raise_exc_ex              0000000180010a58 f   libucrt:fpexcept.obj
 0001:0000fd60       _set_errno_from_matherr    0000000180010d60 f   libucrt:fpexcept.obj
 0001:0000fd90       _clrfp                     0000000180010d90 f   libucrt:fpctrl.obj
 0001:0000fdb0       _ctrlfp                    0000000180010db0 f   libucrt:fpctrl.obj
 0001:0000fe2c       _set_statfp                0000000180010e2c f   libucrt:fpctrl.obj
 0001:0000fe4c       _statfp                    0000000180010e4c f   libucrt:fpctrl.obj
 0001:0000fe60       __dcrt_lowio_initialize_console_output 0000000180010e60 f   libucrt:initcon.obj
 0001:0000fe9c       __dcrt_terminate_console_output 0000000180010e9c f   libucrt:initcon.obj
 0001:0000febc       IsProcessorFeaturePresent  0000000180010ebc f   kernel32:KERNEL32.dll
 0001:0000fed0       _FindPESection             0000000180010ed0 f   LIBCMT:pesect.obj
 0001:0000ff20       _IsNonwritableInCurrentImage 0000000180010f20 f   LIBCMT:pesect.obj
 0001:0000ff70       _ValidateImageBase         0000000180010f70 f   LIBCMT:pesect.obj
 0001:0000ffb0       __chkstk                   0000000180010fb0 f   LIBCMT:chkstk.obj
 0001:0000ffb0       _alloca_probe              0000000180010fb0 f   LIBCMT:chkstk.obj
 0001:00010004       strrchr                    0000000180011004 f   libvcruntime:strrchr.obj
 0001:00010160       memcmp                     0000000180011160 f   libvcruntime:memcmp.obj
 0001:00010240       _guard_dispatch_icall_nop  0000000180011240 f   LIBCMT:guard_dispatch.obj
 0002:00000000       __imp_HeapAlloc            0000000180012000     kernel32:KERNEL32.dll
 0002:00000008       __imp_HeapReAlloc          0000000180012008     kernel32:KERNEL32.dll
 0002:00000010       __imp_HeapFree             0000000180012010     kernel32:KERNEL32.dll
 0002:00000018       __imp_GetProcessHeap       0000000180012018     kernel32:KERNEL32.dll
 0002:00000020       __imp_GetLocalTime         0000000180012020     kernel32:KERNEL32.dll
 0002:00000028       __imp_SystemTimeToFileTime 0000000180012028     kernel32:KERNEL32.dll
 0002:00000030       __imp_CreateFileW          0000000180012030     kernel32:KERNEL32.dll
 0002:00000038       __imp_CloseHandle          0000000180012038     kernel32:KERNEL32.dll
 0002:00000040       __imp_WriteConsoleW        0000000180012040     kernel32:KERNEL32.dll
 0002:00000048       __imp_FlushFileBuffers     0000000180012048     kernel32:KERNEL32.dll
 0002:00000050       __imp_SetFilePointerEx     0000000180012050     kernel32:KERNEL32.dll
 0002:00000058       __imp_GetConsoleMode       0000000180012058     kernel32:KERNEL32.dll
 0002:00000060       __imp_GetConsoleCP         0000000180012060     kernel32:KERNEL32.dll
 0002:00000068       __imp_WriteFile            0000000180012068     kernel32:KERNEL32.dll
 0002:00000070       __imp_HeapSize             0000000180012070     kernel32:KERNEL32.dll
 0002:00000078       __imp_SetStdHandle         0000000180012078     kernel32:KERNEL32.dll
 0002:00000080       __imp_GetStringTypeW       0000000180012080     kernel32:KERNEL32.dll
 0002:00000088       __imp_HeapCreate           0000000180012088     kernel32:KERNEL32.dll
 0002:00000090       __imp_HeapDestroy          0000000180012090     kernel32:KERNEL32.dll
 0002:00000098       __imp_RtlCaptureContext    0000000180012098     kernel32:KERNEL32.dll
 0002:000000a0       __imp_RtlLookupFunctionEntry 00000001800120a0     kernel32:KERNEL32.dll
 0002:000000a8       __imp_RtlVirtualUnwind     00000001800120a8     kernel32:KERNEL32.dll
 0002:000000b0       __imp_UnhandledExceptionFilter 00000001800120b0     kernel32:KERNEL32.dll
 0002:000000b8       __imp_SetUnhandledExceptionFilter 00000001800120b8     kernel32:KERNEL32.dll
 0002:000000c0       __imp_GetCurrentProcess    00000001800120c0     kernel32:KERNEL32.dll
 0002:000000c8       __imp_TerminateProcess     00000001800120c8     kernel32:KERNEL32.dll
 0002:000000d0       __imp_IsProcessorFeaturePresent 00000001800120d0     kernel32:KERNEL32.dll
 0002:000000d8       __imp_QueryPerformanceCounter 00000001800120d8     kernel32:KERNEL32.dll
 0002:000000e0       __imp_GetCurrentProcessId  00000001800120e0     kernel32:KERNEL32.dll
 0002:000000e8       __imp_GetCurrentThreadId   00000001800120e8     kernel32:KERNEL32.dll
 0002:000000f0       __imp_GetSystemTimeAsFileTime 00000001800120f0     kernel32:KERNEL32.dll
 0002:000000f8       __imp_InitializeSListHead  00000001800120f8     kernel32:KERNEL32.dll
 0002:00000100       __imp_IsDebuggerPresent    0000000180012100     kernel32:KERNEL32.dll
 0002:00000108       __imp_GetStartupInfoW      0000000180012108     kernel32:KERNEL32.dll
 0002:00000110       __imp_GetModuleHandleW     0000000180012110     kernel32:KERNEL32.dll
 0002:00000118       __imp_RtlUnwindEx          0000000180012118     kernel32:KERNEL32.dll
 0002:00000120       __imp_InterlockedFlushSList 0000000180012120     kernel32:KERNEL32.dll
 0002:00000128       __imp_GetLastError         0000000180012128     kernel32:KERNEL32.dll
 0002:00000130       __imp_SetLastError         0000000180012130     kernel32:KERNEL32.dll
 0002:00000138       __imp_EnterCriticalSection 0000000180012138     kernel32:KERNEL32.dll
 0002:00000140       __imp_LeaveCriticalSection 0000000180012140     kernel32:KERNEL32.dll
 0002:00000148       __imp_DeleteCriticalSection 0000000180012148     kernel32:KERNEL32.dll
 0002:00000150       __imp_InitializeCriticalSectionAndSpinCount 0000000180012150     kernel32:KERNEL32.dll
 0002:00000158       __imp_TlsAlloc             0000000180012158     kernel32:KERNEL32.dll
 0002:00000160       __imp_TlsGetValue          0000000180012160     kernel32:KERNEL32.dll
 0002:00000168       __imp_TlsSetValue          0000000180012168     kernel32:KERNEL32.dll
 0002:00000170       __imp_TlsFree              0000000180012170     kernel32:KERNEL32.dll
 0002:00000178       __imp_FreeLibrary          0000000180012178     kernel32:KERNEL32.dll
 0002:00000180       __imp_GetProcAddress       0000000180012180     kernel32:KERNEL32.dll
 0002:00000188       __imp_LoadLibraryExW       0000000180012188     kernel32:KERNEL32.dll
 0002:00000190       __imp_RaiseException       0000000180012190     kernel32:KERNEL32.dll
 0002:00000198       __imp_ExitProcess          0000000180012198     kernel32:KERNEL32.dll
 0002:000001a0       __imp_GetModuleHandleExW   00000001800121a0     kernel32:KERNEL32.dll
 0002:000001a8       __imp_GetModuleFileNameA   00000001800121a8     kernel32:KERNEL32.dll
 0002:000001b0       __imp_MultiByteToWideChar  00000001800121b0     kernel32:KERNEL32.dll
 0002:000001b8       __imp_WideCharToMultiByte  00000001800121b8     kernel32:KERNEL32.dll
 0002:000001c0       __imp_GetACP               00000001800121c0     kernel32:KERNEL32.dll
 0002:000001c8       __imp_GetStdHandle         00000001800121c8     kernel32:KERNEL32.dll
 0002:000001d0       __imp_GetFileType          00000001800121d0     kernel32:KERNEL32.dll
 0002:000001d8       __imp_LCMapStringW         00000001800121d8     kernel32:KERNEL32.dll
 0002:000001e0       __imp_FindClose            00000001800121e0     kernel32:KERNEL32.dll
 0002:000001e8       __imp_FindFirstFileExA     00000001800121e8     kernel32:KERNEL32.dll
 0002:000001f0       __imp_FindNextFileA        00000001800121f0     kernel32:KERNEL32.dll
 0002:000001f8       __imp_IsValidCodePage      00000001800121f8     kernel32:KERNEL32.dll
 0002:00000200       __imp_GetOEMCP             0000000180012200     kernel32:KERNEL32.dll
 0002:00000208       __imp_GetCPInfo            0000000180012208     kernel32:KERNEL32.dll
 0002:00000210       __imp_GetCommandLineA      0000000180012210     kernel32:KERNEL32.dll
 0002:00000218       __imp_GetCommandLineW      0000000180012218     kernel32:KERNEL32.dll
 0002:00000220       __imp_GetEnvironmentStringsW 0000000180012220     kernel32:KERNEL32.dll
 0002:00000228       __imp_FreeEnvironmentStringsW 0000000180012228     kernel32:KERNEL32.dll
 0002:00000230       \177KERNEL32_NULL_THUNK_DATA 0000000180012230     kernel32:KERNEL32.dll
 0002:00000238       __imp_GdipBitmapLockBits   0000000180012238     gdiplus:gdiplus.dll
 0002:00000240       __imp_GdipCreateBitmapFromStream 0000000180012240     gdiplus:gdiplus.dll
 0002:00000248       __imp_GdipGetImagePixelFormat 0000000180012248     gdiplus:gdiplus.dll
 0002:00000250       __imp_GdipBitmapUnlockBits 0000000180012250     gdiplus:gdiplus.dll
 0002:00000258       __imp_GdipCloneImage       0000000180012258     gdiplus:gdiplus.dll
 0002:00000260       __imp_GdiplusShutdown      0000000180012260     gdiplus:gdiplus.dll
 0002:00000268       __imp_GdiplusStartup       0000000180012268     gdiplus:gdiplus.dll
 0002:00000270       __imp_GdipFree             0000000180012270     gdiplus:gdiplus.dll
 0002:00000278       __imp_GdipAlloc            0000000180012278     gdiplus:gdiplus.dll
 0002:00000280       __imp_GdipDisposeImage     0000000180012280     gdiplus:gdiplus.dll
 0002:00000288       \177gdiplus_NULL_THUNK_DATA 0000000180012288     gdiplus:gdiplus.dll
 0002:00000290       __imp_CoInitialize         0000000180012290     ole32:ole32.dll
 0002:00000298       __imp_CoUninitialize       0000000180012298     ole32:ole32.dll
 0002:000002a0       \177ole32_NULL_THUNK_DATA  00000001800122a0     ole32:ole32.dll
 0002:000002a8       __guard_check_icall_fptr   00000001800122a8     LIBCMT:guard_support.obj
 0002:000002b0       __guard_dispatch_icall_fptr 00000001800122b0     LIBCMT:guard_support.obj
 0002:000002b8       __xc_a                     00000001800122b8     LIBCMT:initializers.obj
 0002:000002c0       __xc_z                     00000001800122c0     LIBCMT:initializers.obj
 0002:000002c8       __xi_a                     00000001800122c8     LIBCMT:initializers.obj
 0002:000002d0       __acrt_stdio_initializer   00000001800122d0     libucrt:stdio_initializer.obj
 0002:000002d8       __acrt_multibyte_initializer 00000001800122d8     libucrt:multibyte_initializer.obj
 0002:000002e0       __acrt_tran_fma3_initializer 00000001800122e0     libucrt:fma3_initializer.obj
 0002:000002e8       __xi_z                     00000001800122e8     LIBCMT:initializers.obj
 0002:000002f0       __xp_a                     00000001800122f0     LIBCMT:initializers.obj
 0002:000002f8       __acrt_locale_terminator   00000001800122f8     libucrt:locale_initializer.obj
 0002:00000300       __dcrt_console_output_terminator 0000000180012300     libucrt:console_output_initializer.obj
 0002:00000308       __acrt_stdio_terminator    0000000180012308     libucrt:stdio_initializer.obj
 0002:00000310       __xp_z                     0000000180012310     LIBCMT:initializers.obj
 0002:00000318       __xt_a                     0000000180012318     LIBCMT:initializers.obj
 0002:00000320       __xt_z                     0000000180012320     LIBCMT:initializers.obj
 0002:00000330       ??_C@_11LOCGONAA@@         0000000180012330     ico.obj
 0002:00000340       ??_7Image@Gdiplus@@6B@     0000000180012340     ico.obj
 0002:00000358       ??_7Bitmap@Gdiplus@@6B@    0000000180012358     ico.obj
 0002:00000370       ??_7MStream@@6B@           0000000180012370     ico.obj
 0002:000003e8       ??_C@_1BA@KIENHNBI@?$AAI?$AAC?$AAO?$AA?4?$AAP?$AAN?$AAG@ 00000001800123e8     ico.obj
 0002:000003f8       ??_C@_1BA@HKGHICED@?$AAI?$AAC?$AAO?$AA?4?$AAD?$AAI?$AAB@ 00000001800123f8     ico.obj
 0002:00000408       ??_C@_1O@PALLNO@?$AA?5?$AA?$FL?$AAP?$AAN?$AAG?$AA?$FN@ 0000000180012408     ico.obj
 0002:00000418       ??_C@_17OGLEMJPJ@?$AAI?$AAC?$AAO@ 0000000180012418     ico.obj
 0002:00000420       ??_C@_17IILLPF@?$AAC?$AAU?$AAR@ 0000000180012420     ico.obj
 0002:00000428       ??_C@_1DE@JEFKLGFF@?$AA?$CF?$AAi?$AA?5?$AAx?$AA?5?$AA?$CF?$AAi?$AA?5?$AAx?$AA?5?$AA?$CF?$AAi?$AAb?$AAp?$AAp@ 0000000180012428     ico.obj
 0002:00000460       IID_IUnknown               0000000180012460     uuid:unknwn_i.obj
 0002:00000470       IID_ISequentialStream      0000000180012470     uuid:objidl_i.obj
 0002:00000480       IID_IStream                0000000180012480     uuid:objidl_i.obj
 0002:00000498       ??_7type_info@@6B@         0000000180012498     LIBCMT:std_type_info_static.obj
 0002:000004a0       _pDefaultRawDllMain        00000001800124a0     LIBCMT:dll_dllmain.obj
 0002:000004a0       _pRawDllMain               00000001800124a0     LIBCMT:dll_dllmain.obj
 0002:000004b8       _pDestructExceptionObject  00000001800124b8     libvcruntime:ehhelpers.obj
 0002:000007f8       ??_C@_08EHJDFFNH@__based?$CI@ 00000001800127f8     libvcruntime:undname.obj
 0002:00000808       ??_C@_07KOLFKCDI@__cdecl@  0000000180012808     libvcruntime:undname.obj
 0002:00000810       ??_C@_08GHMPAG@__pascal@   0000000180012810     libvcruntime:undname.obj
 0002:00000820       ??_C@_09IFJBGAPI@__stdcall@ 0000000180012820     libvcruntime:undname.obj
 0002:00000830       ??_C@_0L@NPHFGOKO@__thiscall@ 0000000180012830     libvcruntime:undname.obj
 0002:00000840       ??_C@_0L@JMKHOMEK@__fastcall@ 0000000180012840     libvcruntime:undname.obj
 0002:00000850       ??_C@_0N@BCKKPABJ@__vectorcall@ 0000000180012850     libvcruntime:undname.obj
 0002:00000860       ??_C@_09HIJEGCPM@__clrcall@ 0000000180012860     libvcruntime:undname.obj
 0002:0000086c       ??_C@_06GHPCKEAG@__eabi@   000000018001286c     libvcruntime:undname.obj
 0002:00000878       ??_C@_09IOPIDJLG@__swift_1@ 0000000180012878     libvcruntime:undname.obj
 0002:00000888       ??_C@_09KFNFGKHF@__swift_2@ 0000000180012888     libvcruntime:undname.obj
 0002:00000898       ??_C@_07JOMMBBKO@__ptr64@  0000000180012898     libvcruntime:undname.obj
 0002:000008a0       ??_C@_0L@PILCLIHE@__restrict@ 00000001800128a0     libvcruntime:undname.obj
 0002:000008b0       ??_C@_0M@GFIIJFMG@__unaligned@ 00000001800128b0     libvcruntime:undname.obj
 0002:000008c0       ??_C@_09DHDLOLLB@restrict?$CI@ 00000001800128c0     libvcruntime:undname.obj
 0002:000008ca       ??_C@_00CNPNBAHC@@         00000001800128ca     libvcruntime:undname.obj
 0002:000008cc       ??_C@_04NIHEBCM@?5new@     00000001800128cc     libvcruntime:undname.obj
 0002:000008d8       ??_C@_07FPCDHGMM@?5delete@ 00000001800128d8     libvcruntime:undname.obj
 0002:000008e0       ??_C@_01NEMOKFLO@?$DN@     00000001800128e0     libvcruntime:undname.obj
 0002:000008e4       ??_C@_02GPIOPFAK@?$DO?$DO@ 00000001800128e4     libvcruntime:undname.obj
 0002:000008e8       ??_C@_02FODMEDOG@?$DM?$DM@ 00000001800128e8     libvcruntime:undname.obj
 0002:000008ec       ??_C@_01DCLJPIOD@?$CB@     00000001800128ec     libvcruntime:undname.obj
 0002:000008f0       ??_C@_02EGOFBIJA@?$DN?$DN@ 00000001800128f0     libvcruntime:undname.obj
 0002:000008f4       ??_C@_02FDNJECIE@?$CB?$DN@ 00000001800128f4     libvcruntime:undname.obj
 0002:000008f8       ??_C@_02GPECMEKF@?$FL?$FN@ 00000001800128f8     libvcruntime:undname.obj
 0002:00000900       ??_C@_08LHJFAFGD@operator@ 0000000180012900     libvcruntime:undname.obj
 0002:0000090c       ??_C@_02HBOOOICD@?9?$DO@   000000018001290c     libvcruntime:undname.obj
 0002:00000910       ??_C@_01NBENCBCI@?$CK@     0000000180012910     libvcruntime:undname.obj
 0002:00000914       ??_C@_02ECNGHCIF@?$CL?$CL@ 0000000180012914     libvcruntime:undname.obj
 0002:00000918       ??_C@_02BAABKJLB@?9?9@     0000000180012918     libvcruntime:undname.obj
 0002:0000091c       ??_C@_01JOAMLHOP@?9@       000000018001291c     libvcruntime:undname.obj
 0002:00000920       ??_C@_01MIFGBAGJ@?$CL@     0000000180012920     libvcruntime:undname.obj
 0002:00000924       ??_C@_01HNPIGOCE@?$CG@     0000000180012924     libvcruntime:undname.obj
 0002:00000928       ??_C@_03MNHNFDLC@?9?$DO?$CK@ 0000000180012928     libvcruntime:undname.obj
 0002:0000092c       ??_C@_01KMDKNFGN@?1@       000000018001292c     libvcruntime:undname.obj
 0002:00000930       ??_C@_01FGNFDNOH@?$CF@     0000000180012930     libvcruntime:undname.obj
 0002:00000934       ??_C@_01MNNFJEPP@?$DM@     0000000180012934     libvcruntime:undname.obj
 0002:00000938       ??_C@_02EHCHHCKH@?$DM?$DN@ 0000000180012938     libvcruntime:undname.obj
 0002:0000093c       ??_C@_01PPODPGHN@?$DO@     000000018001293c     libvcruntime:undname.obj
 0002:00000940       ??_C@_02EEKDKGMJ@?$DO?$DN@ 0000000180012940     libvcruntime:undname.obj
 0002:00000944       ??_C@_01IHBHIGKO@?0@       0000000180012944     libvcruntime:undname.obj
 0002:00000948       ??_C@_02HCKGKOFO@?$CI?$CJ@ 0000000180012948     libvcruntime:undname.obj
 0002:0000094c       ??_C@_01PJKLJHI@?$HO@      000000018001294c     libvcruntime:undname.obj
 0002:00000950       ??_C@_01JKBOJNNK@?$FO@     0000000180012950     libvcruntime:undname.obj
 0002:00000954       ??_C@_01DNKMNLPK@?$HM@     0000000180012954     libvcruntime:undname.obj
 0002:00000958       ??_C@_02PPKAJPJL@?$CG?$CG@ 0000000180012958     libvcruntime:undname.obj
 0002:0000095c       ??_C@_02NONPIBCD@?$HM?$HM@ 000000018001295c     libvcruntime:undname.obj
 0002:00000960       ??_C@_02FPIMKNGF@?$CK?$DN@ 0000000180012960     libvcruntime:undname.obj
 0002:00000964       ??_C@_02FOEOMHFC@?$CL?$DN@ 0000000180012964     libvcruntime:undname.obj
 0002:00000968       ??_C@_02FKMDLLOA@?9?$DN@   0000000180012968     libvcruntime:undname.obj
 0002:0000096c       ??_C@_02FJEHGPIO@?1?$DN@   000000018001296c     libvcruntime:undname.obj
 0002:00000970       ??_C@_02FENAOKFI@?$CF?$DN@ 0000000180012970     libvcruntime:undname.obj
 0002:00000974       ??_C@_03IKFCCPFF@?$DO?$DO?$DN@ 0000000180012974     libvcruntime:undname.obj
 0002:00000978       ??_C@_03CDNPDDLA@?$DM?$DM?$DN@ 0000000180012978     libvcruntime:undname.obj
 0002:0000097c       ??_C@_02FGJGFEAB@?$CG?$DN@ 000000018001297c     libvcruntime:undname.obj
 0002:00000980       ??_C@_02DHLNPPGH@?$HM?$DN@ 0000000180012980     libvcruntime:undname.obj
 0002:00000984       ??_C@_02MHEGNOJ@?$FO?$DN@  0000000180012984     libvcruntime:undname.obj
 0002:00000988       ??_C@_09IFPLHPGF@?$GAvftable?8@ 0000000180012988     libvcruntime:undname.obj
 0002:00000998       ??_C@_09BLBHBJP@?$GAvbtable?8@ 0000000180012998     libvcruntime:undname.obj
 0002:000009a8       ??_C@_07FEEIOKP@?$GAvcall?8@ 00000001800129a8     libvcruntime:undname.obj
 0002:000009b0       ??_C@_08LLFFHHDJ@?$GAtypeof?8@ 00000001800129b0     libvcruntime:undname.obj
 0002:000009c0       ??_C@_0BF@KDPPACIK@?$GAlocal?5static?5guard?8@ 00000001800129c0     libvcruntime:undname.obj
 0002:000009d8       ??_C@_08OBABFOLI@?$GAstring?8@ 00000001800129d8     libvcruntime:undname.obj
 0002:000009e8       ??_C@_0BD@JDLKDPAB@?$GAvbase?5destructor?8@ 00000001800129e8     libvcruntime:undname.obj
 0002:00000a00       ??_C@_0BN@DEGPLNFK@?$GAvector?5deleting?5destructor?8@ 0000000180012a00     libvcruntime:undname.obj
 0002:00000a20       ??_C@_0BO@OBMKPJIG@?$GAdefault?5constructor?5closure?8@ 0000000180012a20     libvcruntime:undname.obj
 0002:00000a40       ??_C@_0BN@IMDCHIKM@?$GAscalar?5deleting?5destructor?8@ 0000000180012a40     libvcruntime:undname.obj
 0002:00000a60       ??_C@_0BO@PFGOCPJJ@?$GAvector?5constructor?5iterator?8@ 0000000180012a60     libvcruntime:undname.obj
 0002:00000a80       ??_C@_0BN@LFPFMEDL@?$GAvector?5destructor?5iterator?8@ 0000000180012a80     libvcruntime:undname.obj
 0002:00000aa0       ??_C@_0CE@IKBNEHA@?$GAvector?5vbase?5constructor?5itera@ 0000000180012aa0     libvcruntime:undname.obj
 0002:00000ac8       ??_C@_0BL@NILFHHPC@?$GAvirtual?5displacement?5map?8@ 0000000180012ac8     libvcruntime:undname.obj
 0002:00000ae8       ??_C@_0CB@JONCMFFK@?$GAeh?5vector?5constructor?5iterator@ 0000000180012ae8     libvcruntime:undname.obj
 0002:00000b10       ??_C@_0CA@GCEOPDGL@?$GAeh?5vector?5destructor?5iterator?8@ 0000000180012b10     libvcruntime:undname.obj
 0002:00000b30       ??_C@_0CH@OOJPLCPH@?$GAeh?5vector?5vbase?5constructor?5it@ 0000000180012b30     libvcruntime:undname.obj
 0002:00000b58       ??_C@_0BL@LLKPOHJI@?$GAcopy?5constructor?5closure?8@ 0000000180012b58     libvcruntime:undname.obj
 0002:00000b78       ??_C@_0BA@KBCDOMBN@?$GAudt?5returning?8@ 0000000180012b78     libvcruntime:undname.obj
 0002:00000b88       ??_C@_03KLGMFNMG@?$GAEH@   0000000180012b88     libvcruntime:undname.obj
 0002:00000b8c       ??_C@_05KHLCHHI@?$GARTTI@  0000000180012b8c     libvcruntime:undname.obj
 0002:00000b98       ??_C@_0BA@KKLDJDLB@?$GAlocal?5vftable?8@ 0000000180012b98     libvcruntime:undname.obj
 0002:00000ba8       ??_C@_0CE@IIHCMGGL@?$GAlocal?5vftable?5constructor?5clos@ 0000000180012ba8     libvcruntime:undname.obj
 0002:00000bcc       ??_C@_06FHBGPFGH@?5new?$FL?$FN@ 0000000180012bcc     libvcruntime:undname.obj
 0002:00000bd8       ??_C@_09LBNFPBCA@?5delete?$FL?$FN@ 0000000180012bd8     libvcruntime:undname.obj
 0002:00000be8       ??_C@_0P@HJKNJFNN@?$GAomni?5callsig?8@ 0000000180012be8     libvcruntime:undname.obj
 0002:00000bf8       ??_C@_0BL@CNOONJFP@?$GAplacement?5delete?5closure?8@ 0000000180012bf8     libvcruntime:undname.obj
 0002:00000c18       ??_C@_0BN@CKNJLHMB@?$GAplacement?5delete?$FL?$FN?5closure?8@ 0000000180012c18     libvcruntime:undname.obj
 0002:00000c38       ??_C@_0CG@CFDHKGGD@?$GAmanaged?5vector?5constructor?5ite@ 0000000180012c38     libvcruntime:undname.obj
 0002:00000c60       ??_C@_0CF@IMGKMJNO@?$GAmanaged?5vector?5destructor?5iter@ 0000000180012c60     libvcruntime:undname.obj
 0002:00000c88       ??_C@_0CG@HLDDJMAG@?$GAeh?5vector?5copy?5constructor?5ite@ 0000000180012c88     libvcruntime:undname.obj
 0002:00000cb0       ??_C@_0CM@FCBBDIGB@?$GAeh?5vector?5vbase?5copy?5construct@ 0000000180012cb0     libvcruntime:undname.obj
 0002:00000ce0       ??_C@_0BL@CLIPGLGB@?$GAdynamic?5initializer?5for?5?8@ 0000000180012ce0     libvcruntime:undname.obj
 0002:00000d00       ??_C@_0CB@PDBIFEP@?$GAdynamic?5atexit?5destructor?5for?5@ 0000000180012d00     libvcruntime:undname.obj
 0002:00000d28       ??_C@_0CD@CGAJBKEJ@?$GAvector?5copy?5constructor?5iterat@ 0000000180012d28     libvcruntime:undname.obj
 0002:00000d50       ??_C@_0CJ@GJELGAMM@?$GAvector?5vbase?5copy?5constructor?5@ 0000000180012d50     libvcruntime:undname.obj
 0002:00000d80       ??_C@_0CL@FGIJHLCE@?$GAmanaged?5vector?5copy?5constructo@ 0000000180012d80     libvcruntime:undname.obj
 0002:00000db0       ??_C@_0BM@PMGGMLDN@?$GAlocal?5static?5thread?5guard?8@ 0000000180012db0     libvcruntime:undname.obj
 0002:00000dd0       ??_C@_0N@BDNMDMOL@operator?5?$CC?$CC?5@ 0000000180012dd0     libvcruntime:undname.obj
 0002:00000de0       ??_C@_0BC@GGEBGALA@operator?5co_await@ 0000000180012de0     libvcruntime:undname.obj
 0002:00000df8       ??_C@_0BC@DAFEJGAK@?5Type?5Descriptor?8@ 0000000180012df8     libvcruntime:undname.obj
 0002:00000e10       ??_C@_0BM@LDKODKLH@?5Base?5Class?5Descriptor?5at?5?$CI@ 0000000180012e10     libvcruntime:undname.obj
 0002:00000e30       ??_C@_0BD@LGICGFMM@?5Base?5Class?5Array?8@ 0000000180012e30     libvcruntime:undname.obj
 0002:00000e48       ??_C@_0BN@MECKDCOJ@?5Class?5Hierarchy?5Descriptor?8@ 0000000180012e48     libvcruntime:undname.obj
 0002:00000e68       ??_C@_0BK@CFCOFLF@?5Complete?5Object?5Locator?8@ 0000000180012e68     libvcruntime:undname.obj
 0002:00000ea0       ??_C@_1DM@KHCHBNEB@?$AAa?$AAp?$AAi?$AA?9?$AAm?$AAs?$AA?9?$AAw?$AAi?$AAn?$AA?9?$AAc?$AAo?$AAr?$AAe@ 0000000180012ea0     libvcruntime:winapi_downlevel.obj
 0002:00000ee0       ??_C@_1DK@LPPGFMPP@?$AAa?$AAp?$AAi?$AA?9?$AAm?$AAs?$AA?9?$AAw?$AAi?$AAn?$AA?9?$AAc?$AAo?$AAr?$AAe@ 0000000180012ee0     libvcruntime:winapi_downlevel.obj
 0002:00000f20       ??_C@_1BC@GDMECMAK@?$AAk?$AAe?$AAr?$AAn?$AAe?$AAl?$AA3?$AA2@ 0000000180012f20     libvcruntime:winapi_downlevel.obj
 0002:00000f38       ??_C@_1BA@PFFKHIOG@?$AAa?$AAp?$AAi?$AA?9?$AAm?$AAs?$AA?9@ 0000000180012f38     libvcruntime:winapi_downlevel.obj
 0002:00000f48       ??_C@_1BA@IAIFMGEF@?$AAe?$AAx?$AAt?$AA?9?$AAm?$AAs?$AA?9@ 0000000180012f48     libvcruntime:winapi_downlevel.obj
 0002:00000f60       ??_C@_08KNHFBNJ@FlsAlloc@  0000000180012f60     libvcruntime:winapi_downlevel.obj
 0002:00000f78       ??_C@_07PEJMOBNF@FlsFree@  0000000180012f78     libvcruntime:winapi_downlevel.obj
 0002:00000f88       ??_C@_0M@GDNOONDI@FlsGetValue@ 0000000180012f88     libvcruntime:winapi_downlevel.obj
 0002:00000fa0       ??_C@_0M@JCPCPOEF@FlsSetValue@ 0000000180012fa0     libvcruntime:winapi_downlevel.obj
 0002:00000fb8       ??_C@_0BM@HCFOFFN@InitializeCriticalSectionEx@ 0000000180012fb8     libvcruntime:winapi_downlevel.obj
 0002:00000fe0       standard_lookup_table      0000000180012fe0     libucrt:output.obj
 0002:0000103c       ??_C@_06OJHGLDPL@?$CInull?$CJ?$AA@ 000000018001303c     libucrt:output.obj
 0002:00001048       ??_C@_1O@CEDCILHN@?$AA?$CI?$AAn?$AAu?$AAl?$AAl?$AA?$CJ?$AA?$AA@ 0000000180013048     libucrt:output.obj
 0002:00001060       __acrt_exception_action_table 0000000180013060     libucrt:exception_filter.obj
 0002:00001120       __acrt_signal_action_table_count 0000000180013120     libucrt:exception_filter.obj
 0002:00001128       __acrt_signal_action_first_fpe_index 0000000180013128     libucrt:exception_filter.obj
 0002:00001130       __acrt_signal_action_fpe_count 0000000180013130     libucrt:exception_filter.obj
 0002:00001138       ??_C@_1BI@BGOHAHKC@?$AAm?$AAs?$AAc?$AAo?$AAr?$AAe?$AAe?$AA?4?$AAd?$AAl?$AAl?$AA?$AA@ 0000000180013138     libucrt:exit.obj
 0002:00001150       ??_C@_0P@MIGLKIOC@CorExitProcess?$AA@ 0000000180013150     libucrt:exit.obj
 0002:000013b8       ??_C@_03OEIAHPBN@INF?$AA@  00000001800133b8     libucrt:cvt.obj
 0002:000013bc       ??_C@_03OJHLLCGB@inf?$AA@  00000001800133bc     libucrt:cvt.obj
 0002:000013c0       ??_C@_03LKNCIKJB@NAN?$AA@  00000001800133c0     libucrt:cvt.obj
 0002:000013c4       ??_C@_03LHCJEHON@nan?$AA@  00000001800133c4     libucrt:cvt.obj
 0002:000013c8       ??_C@_09OFJJIMPC@NAN?$CISNAN?$CJ?$AA@ 00000001800133c8     libucrt:cvt.obj
 0002:000013d8       ??_C@_09IPFBKMDL@nan?$CIsnan?$CJ?$AA@ 00000001800133d8     libucrt:cvt.obj
 0002:000013e8       ??_C@_08IKHNHAJ@NAN?$CIIND?$CJ?$AA@ 00000001800133e8     libucrt:cvt.obj
 0002:000013f8       ??_C@_08OFCDMILK@nan?$CIind?$CJ?$AA@ 00000001800133f8     libucrt:cvt.obj
 0002:00001404       ??_C@_05KLBDPFGC@e?$CL000?$AA@ 0000000180013404     libucrt:cvt.obj
 0002:00001410       __lc_time_c                0000000180013410     libucrt:nlsdata.obj
 0002:000016d0       ??_C@_03KOEHGMDN@Sun?$AA@  00000001800136d0     libucrt:nlsdata.obj
 0002:000016d4       ??_C@_03PDAGKDH@Mon?$AA@   00000001800136d4     libucrt:nlsdata.obj
 0002:000016d8       ??_C@_03NAGEINEP@Tue?$AA@  00000001800136d8     libucrt:nlsdata.obj
 0002:000016dc       ??_C@_03MHOMLAJA@Wed?$AA@  00000001800136dc     libucrt:nlsdata.obj
 0002:000016e0       ??_C@_03IOFIKPDN@Thu?$AA@  00000001800136e0     libucrt:nlsdata.obj
 0002:000016e4       ??_C@_03IDIOELNC@Fri?$AA@  00000001800136e4     libucrt:nlsdata.obj
 0002:000016e8       ??_C@_03FEFJNEK@Sat?$AA@   00000001800136e8     libucrt:nlsdata.obj
 0002:000016ec       ??_C@_06OOPIFAJ@Sunday?$AA@ 00000001800136ec     libucrt:nlsdata.obj
 0002:000016f4       ??_C@_06JLEDEDGH@Monday?$AA@ 00000001800136f4     libucrt:nlsdata.obj
 0002:00001700       ??_C@_07BAAGCFCM@Tuesday?$AA@ 0000000180013700     libucrt:nlsdata.obj
 0002:00001708       ??_C@_09DLIGFAKA@Wednesday?$AA@ 0000000180013708     libucrt:nlsdata.obj
 0002:00001718       ??_C@_08HACCIKIA@Thursday?$AA@ 0000000180013718     libucrt:nlsdata.obj
 0002:00001724       ??_C@_06JECMNKMI@Friday?$AA@ 0000000180013724     libucrt:nlsdata.obj
 0002:00001730       ??_C@_08INBOOONO@Saturday?$AA@ 0000000180013730     libucrt:nlsdata.obj
 0002:0000173c       ??_C@_03JIHJHPIE@Jan?$AA@  000000018001373c     libucrt:nlsdata.obj
 0002:00001740       ??_C@_03HJBDCHOM@Feb?$AA@  0000000180013740     libucrt:nlsdata.obj
 0002:00001744       ??_C@_03ODNJBKGA@Mar?$AA@  0000000180013744     libucrt:nlsdata.obj
 0002:00001748       ??_C@_03LEOLGMJP@Apr?$AA@  0000000180013748     libucrt:nlsdata.obj
 0002:0000174c       ??_C@_03CNMDKL@May?$AA@    000000018001374c     libucrt:nlsdata.obj
 0002:00001750       ??_C@_03IDFGHECI@Jun?$AA@  0000000180013750     libucrt:nlsdata.obj
 0002:00001754       ??_C@_03LBGABGKK@Jul?$AA@  0000000180013754     libucrt:nlsdata.obj
 0002:00001758       ??_C@_03IFJFEIGA@Aug?$AA@  0000000180013758     libucrt:nlsdata.obj
 0002:0000175c       ??_C@_03GGCAPAJC@Sep?$AA@  000000018001375c     libucrt:nlsdata.obj
 0002:00001760       ??_C@_03BMAOKBAD@Oct?$AA@  0000000180013760     libucrt:nlsdata.obj
 0002:00001764       ??_C@_03JPJOFNIA@Nov?$AA@  0000000180013764     libucrt:nlsdata.obj
 0002:00001768       ??_C@_03MKABNOCG@Dec?$AA@  0000000180013768     libucrt:nlsdata.obj
 0002:00001770       ??_C@_07CGJPFGJA@January?$AA@ 0000000180013770     libucrt:nlsdata.obj
 0002:00001778       ??_C@_08GNJGEPFN@February?$AA@ 0000000180013778     libucrt:nlsdata.obj
 0002:00001784       ??_C@_05HPCKOFNC@March?$AA@ 0000000180013784     libucrt:nlsdata.obj
 0002:0000178c       ??_C@_05DMJDNLEJ@April?$AA@ 000000018001378c     libucrt:nlsdata.obj
 0002:00001794       ??_C@_04CNLMGBGM@June?$AA@ 0000000180013794     libucrt:nlsdata.obj
 0002:0000179c       ??_C@_04MIEPOIFP@July?$AA@ 000000018001379c     libucrt:nlsdata.obj
 0002:000017a4       ??_C@_06LBBHFDDG@August?$AA@ 00000001800137a4     libucrt:nlsdata.obj
 0002:000017b0       ??_C@_09BHHEALKD@September?$AA@ 00000001800137b0     libucrt:nlsdata.obj
 0002:000017c0       ??_C@_07JJNFCEND@October?$AA@ 00000001800137c0     libucrt:nlsdata.obj
 0002:000017c8       ??_C@_08HCHEGEOA@November?$AA@ 00000001800137c8     libucrt:nlsdata.obj
 0002:000017d8       ??_C@_08EDHMEBNP@December?$AA@ 00000001800137d8     libucrt:nlsdata.obj
 0002:000017e4       ??_C@_02DEDBPAFC@AM?$AA@   00000001800137e4     libucrt:nlsdata.obj
 0002:000017e8       ??_C@_02CJNFDJBF@PM?$AA@   00000001800137e8     libucrt:nlsdata.obj
 0002:000017f0       ??_C@_08BPBNCDIB@MM?1dd?1yy?$AA@ 00000001800137f0     libucrt:nlsdata.obj
 0002:00001800       ??_C@_0BE@CKGJFCPC@dddd?0?5MMMM?5dd?0?5yyyy?$AA@ 0000000180013800     libucrt:nlsdata.obj
 0002:00001818       ??_C@_08JCCMCCIL@HH?3mm?3ss?$AA@ 0000000180013818     libucrt:nlsdata.obj
 0002:00001828       ??_C@_17MBGCMIPB@?$AAS?$AAu?$AAn?$AA?$AA@ 0000000180013828     libucrt:nlsdata.obj
 0002:00001830       ??_C@_17KBOMKBF@?$AAM?$AAo?$AAn?$AA?$AA@ 0000000180013830     libucrt:nlsdata.obj
 0002:00001838       ??_C@_17BMKGEGOJ@?$AAT?$AAu?$AAe?$AA?$AA@ 0000000180013838     libucrt:nlsdata.obj
 0002:00001840       ??_C@_17CJEDCEPE@?$AAW?$AAe?$AAd?$AA?$AA@ 0000000180013840     libucrt:nlsdata.obj
 0002:00001848       ??_C@_17PDPHAADD@?$AAT?$AAh?$AAu?$AA?$AA@ 0000000180013848     libucrt:nlsdata.obj
 0002:00001850       ??_C@_17HFOLPPLP@?$AAF?$AAr?$AAi?$AA?$AA@ 0000000180013850     libucrt:nlsdata.obj
 0002:00001858       ??_C@_17GGIBDPIH@?$AAS?$AAa?$AAt?$AA?$AA@ 0000000180013858     libucrt:nlsdata.obj
 0002:00001860       ??_C@_1O@IHNHDHPB@?$AAS?$AAu?$AAn?$AAd?$AAa?$AAy?$AA?$AA@ 0000000180013860     libucrt:nlsdata.obj
 0002:00001870       ??_C@_1O@MMNBFLIA@?$AAM?$AAo?$AAn?$AAd?$AAa?$AAy?$AA?$AA@ 0000000180013870     libucrt:nlsdata.obj
 0002:00001880       ??_C@_1BA@ENFBFFEK@?$AAT?$AAu?$AAe?$AAs?$AAd?$AAa?$AAy?$AA?$AA@ 0000000180013880     libucrt:nlsdata.obj
 0002:00001890       ??_C@_1BE@EBOGMDOH@?$AAW?$AAe?$AAd?$AAn?$AAe?$AAs?$AAd?$AAa?$AAy?$AA?$AA@ 0000000180013890     libucrt:nlsdata.obj
 0002:000018a8       ??_C@_1BC@HHMNLIHE@?$AAT?$AAh?$AAu?$AAr?$AAs?$AAd?$AAa?$AAy?$AA?$AA@ 00000001800138a8     libucrt:nlsdata.obj
 0002:000018c0       ??_C@_1O@PDICJHAG@?$AAF?$AAr?$AAi?$AAd?$AAa?$AAy?$AA?$AA@ 00000001800138c0     libucrt:nlsdata.obj
 0002:000018d0       ??_C@_1BC@ENMNNPAJ@?$AAS?$AAa?$AAt?$AAu?$AAr?$AAd?$AAa?$AAy?$AA?$AA@ 00000001800138d0     libucrt:nlsdata.obj
 0002:000018e8       ??_C@_17DKNBKCHM@?$AAJ?$AAa?$AAn?$AA?$AA@ 00000001800138e8     libucrt:nlsdata.obj
 0002:000018f0       ??_C@_17LMDJEKJN@?$AAF?$AAe?$AAb?$AA?$AA@ 00000001800138f0     libucrt:nlsdata.obj
 0002:000018f8       ??_C@_17CKNLEDEC@?$AAM?$AAa?$AAr?$AA?$AA@ 00000001800138f8     libucrt:nlsdata.obj
 0002:00001900       ??_C@_17LFPOIHDD@?$AAA?$AAp?$AAr?$AA?$AA@ 0000000180013900     libucrt:nlsdata.obj
 0002:00001908       ??_C@_17PNNKMEED@?$AAM?$AAa?$AAy?$AA?$AA@ 0000000180013908     libucrt:nlsdata.obj
 0002:00001910       ??_C@_17KCJGOCPB@?$AAJ?$AAu?$AAn?$AA?$AA@ 0000000180013910     libucrt:nlsdata.obj
 0002:00001918       ??_C@_17IJPCKHK@?$AAJ?$AAu?$AAl?$AA?$AA@ 0000000180013918     libucrt:nlsdata.obj
 0002:00001920       ??_C@_17ICPELBCN@?$AAA?$AAu?$AAg?$AA?$AA@ 0000000180013920     libucrt:nlsdata.obj
 0002:00001928       ??_C@_17HCHCOKMG@?$AAS?$AAe?$AAp?$AA?$AA@ 0000000180013928     libucrt:nlsdata.obj
 0002:00001930       ??_C@_17FNLKOI@?$AAO?$AAc?$AAt?$AA?$AA@ 0000000180013930     libucrt:nlsdata.obj
 0002:00001938       ??_C@_17BBDMLCIG@?$AAN?$AAo?$AAv?$AA?$AA@ 0000000180013938     libucrt:nlsdata.obj
 0002:00001940       ??_C@_17EGKACKIF@?$AAD?$AAe?$AAc?$AA?$AA@ 0000000180013940     libucrt:nlsdata.obj
 0002:00001948       ??_C@_1BA@EFMEIEBA@?$AAJ?$AAa?$AAn?$AAu?$AAa?$AAr?$AAy?$AA?$AA@ 0000000180013948     libucrt:nlsdata.obj
 0002:00001958       ??_C@_1BC@JGDDFFAM@?$AAF?$AAe?$AAb?$AAr?$AAu?$AAa?$AAr?$AAy?$AA?$AA@ 0000000180013958     libucrt:nlsdata.obj
 0002:00001970       ??_C@_1M@IKEENEDF@?$AAM?$AAa?$AAr?$AAc?$AAh?$AA?$AA@ 0000000180013970     libucrt:nlsdata.obj
 0002:00001980       ??_C@_1M@GJNLMHFD@?$AAA?$AAp?$AAr?$AAi?$AAl?$AA?$AA@ 0000000180013980     libucrt:nlsdata.obj
 0002:00001990       ??_C@_19EPFLPGAP@?$AAJ?$AAu?$AAn?$AAe?$AA?$AA@ 0000000180013990     libucrt:nlsdata.obj
 0002:000019a0       ??_C@_19BIFMLPCD@?$AAJ?$AAu?$AAl?$AAy?$AA?$AA@ 00000001800139a0     libucrt:nlsdata.obj
 0002:000019b0       ??_C@_1O@PAHLKOAC@?$AAA?$AAu?$AAg?$AAu?$AAs?$AAt?$AA?$AA@ 00000001800139b0     libucrt:nlsdata.obj
 0002:000019c0       ??_C@_1BE@DKAAMBJL@?$AAS?$AAe?$AAp?$AAt?$AAe?$AAm?$AAb?$AAe?$AAr?$AA?$AA@ 00000001800139c0     libucrt:nlsdata.obj
 0002:000019d8       ??_C@_1BA@EPANDLNG@?$AAO?$AAc?$AAt?$AAo?$AAb?$AAe?$AAr?$AA?$AA@ 00000001800139d8     libucrt:nlsdata.obj
 0002:000019e8       ??_C@_1BC@BGLIFPF@?$AAN?$AAo?$AAv?$AAe?$AAm?$AAb?$AAe?$AAr?$AA?$AA@ 00000001800139e8     libucrt:nlsdata.obj
 0002:00001a00       ??_C@_1BC@FEMKIFH@?$AAD?$AAe?$AAc?$AAe?$AAm?$AAb?$AAe?$AAr?$AA?$AA@ 0000000180013a00     libucrt:nlsdata.obj
 0002:00001a14       ??_C@_15ODEHAHHF@?$AAA?$AAM?$AA?$AA@ 0000000180013a14     libucrt:nlsdata.obj
 0002:00001a1c       ??_C@_15CLMNNGEL@?$AAP?$AAM?$AA?$AA@ 0000000180013a1c     libucrt:nlsdata.obj
 0002:00001a28       ??_C@_1BC@IEBCMHCM@?$AAM?$AAM?$AA?1?$AAd?$AAd?$AA?1?$AAy?$AAy?$AA?$AA@ 0000000180013a28     libucrt:nlsdata.obj
 0002:00001a40       ??_C@_1CI@KNAKOEBC@?$AAd?$AAd?$AAd?$AAd?$AA?0?$AA?5?$AAM?$AAM?$AAM?$AAM?$AA?5?$AAd?$AAd?$AA?0?$AA?5?$AAy?$AAy?$AAy?$AAy?$AA?$AA@ 0000000180013a40     libucrt:nlsdata.obj
 0002:00001a68       ??_C@_1BC@GDGBMEMK@?$AAH?$AAH?$AA?3?$AAm?$AAm?$AA?3?$AAs?$AAs?$AA?$AA@ 0000000180013a68     libucrt:nlsdata.obj
 0002:00001a80       ??_C@_1M@BMHNFIME@?$AAe?$AAn?$AA?9?$AAU?$AAS?$AA?$AA@ 0000000180013a80     libucrt:nlsdata.obj
 0002:00001b30       ??_C@_1EG@CNNIPFIM@?$AAa?$AAp?$AAi?$AA?9?$AAm?$AAs?$AA?9?$AAw?$AAi?$AAn?$AA?9?$AAa?$AAp?$AAp?$AAm?$AAo?$AAd?$AAe?$AAl?$AA?9?$AAr?$AAu?$AAn?$AAt?$AAi?$AAm?$AAe?$AA?9?$AAl?$AA1?$AA?9?$AA1@ 0000000180013b30     libucrt:winapi_thunks.obj
 0002:00001b80       ??_C@_1EA@JGEFHKEI@?$AAa?$AAp?$AAi?$AA?9?$AAm?$AAs?$AA?9?$AAw?$AAi?$AAn?$AA?9?$AAc?$AAo?$AAr?$AAe?$AA?9?$AAd?$AAa?$AAt?$AAe?$AAt?$AAi?$AAm?$AAe?$AA?9?$AAl?$AA1?$AA?9?$AA1?$AA?9?$AA1?$AA?$AA@ 0000000180013b80     libucrt:winapi_thunks.obj
 0002:00001bc0       ??_C@_1DM@KHCHBNEB@?$AAa?$AAp?$AAi?$AA?9?$AAm?$AAs?$AA?9?$AAw?$AAi?$AAn?$AA?9?$AAc?$AAo?$AAr?$AAe?$AA?9?$AAf?$AAi?$AAb?$AAe?$AAr?$AAs?$AA?9?$AAl?$AA1?$AA?9?$AA1?$AA?9?$AA1?$AA?$AA@ 0000000180013bc0     libucrt:winapi_thunks.obj
 0002:00001c00       ??_C@_1DI@GCIAAENM@?$AAa?$AAp?$AAi?$AA?9?$AAm?$AAs?$AA?9?$AAw?$AAi?$AAn?$AA?9?$AAc?$AAo?$AAr?$AAe?$AA?9?$AAf?$AAi?$AAl?$AAe?$AA?9?$AAl?$AA2?$AA?9?$AA1?$AA?9?$AA1?$AA?$AA@ 0000000180013c00     libucrt:winapi_thunks.obj
 0002:00001c40       ??_C@_1EI@MPIAOHOC@?$AAa?$AAp?$AAi?$AA?9?$AAm?$AAs?$AA?9?$AAw?$AAi?$AAn?$AA?9?$AAc?$AAo?$AAr?$AAe?$AA?9?$AAl?$AAo?$AAc?$AAa?$AAl?$AAi?$AAz?$AAa?$AAt?$AAi?$AAo?$AAn?$AA?9?$AAl?$AA1?$AA?9@ 0000000180013c40     libucrt:winapi_thunks.obj
 0002:00001c90       ??_C@_1FK@FPHCKFIE@?$AAa?$AAp?$AAi?$AA?9?$AAm?$AAs?$AA?9?$AAw?$AAi?$AAn?$AA?9?$AAc?$AAo?$AAr?$AAe?$AA?9?$AAl?$AAo?$AAc?$AAa?$AAl?$AAi?$AAz?$AAa?$AAt?$AAi?$AAo?$AAn?$AA?9?$AAo?$AAb?$AAs@ 0000000180013c90     libucrt:winapi_thunks.obj
 0002:00001cf0       ??_C@_1EM@DILCGIIO@?$AAa?$AAp?$AAi?$AA?9?$AAm?$AAs?$AA?9?$AAw?$AAi?$AAn?$AA?9?$AAc?$AAo?$AAr?$AAe?$AA?9?$AAp?$AAr?$AAo?$AAc?$AAe?$AAs?$AAs?$AAt?$AAh?$AAr?$AAe?$AAa?$AAd?$AAs?$AA?9?$AAl@ 0000000180013cf0     libucrt:winapi_thunks.obj
 0002:00001d40       ??_C@_1DM@LNCGDDPN@?$AAa?$AAp?$AAi?$AA?9?$AAm?$AAs?$AA?9?$AAw?$AAi?$AAn?$AA?9?$AAc?$AAo?$AAr?$AAe?$AA?9?$AAs?$AAt?$AAr?$AAi?$AAn?$AAg?$AA?9?$AAl?$AA1?$AA?9?$AA1?$AA?9?$AA0?$AA?$AA@ 0000000180013d40     libucrt:winapi_thunks.obj
 0002:00001d80       ??_C@_1DK@LPPGFMPP@?$AAa?$AAp?$AAi?$AA?9?$AAm?$AAs?$AA?9?$AAw?$AAi?$AAn?$AA?9?$AAc?$AAo?$AAr?$AAe?$AA?9?$AAs?$AAy?$AAn?$AAc?$AAh?$AA?9?$AAl?$AA1?$AA?9?$AA2?$AA?9?$AA0?$AA?$AA@ 0000000180013d80     libucrt:winapi_thunks.obj
 0002:00001dc0       ??_C@_1DO@FPAPJEMD@?$AAa?$AAp?$AAi?$AA?9?$AAm?$AAs?$AA?9?$AAw?$AAi?$AAn?$AA?9?$AAc?$AAo?$AAr?$AAe?$AA?9?$AAs?$AAy?$AAs?$AAi?$AAn?$AAf?$AAo?$AA?9?$AAl?$AA1?$AA?9?$AA2?$AA?9?$AA1?$AA?$AA@ 0000000180013dc0     libucrt:winapi_thunks.obj
 0002:00001e00       ??_C@_1DK@NDHNAHIO@?$AAa?$AAp?$AAi?$AA?9?$AAm?$AAs?$AA?9?$AAw?$AAi?$AAn?$AA?9?$AAc?$AAo?$AAr?$AAe?$AA?9?$AAw?$AAi?$AAn?$AAr?$AAt?$AA?9?$AAl?$AA1?$AA?9?$AA1?$AA?9?$AA0?$AA?$AA@ 0000000180013e00     libucrt:winapi_thunks.obj
 0002:00001e40       ??_C@_1DM@KGHDGBCM@?$AAa?$AAp?$AAi?$AA?9?$AAm?$AAs?$AA?9?$AAw?$AAi?$AAn?$AA?9?$AAc?$AAo?$AAr?$AAe?$AA?9?$AAx?$AAs?$AAt?$AAa?$AAt?$AAe?$AA?9?$AAl?$AA2?$AA?9?$AA1?$AA?9?$AA0?$AA?$AA@ 0000000180013e40     libucrt:winapi_thunks.obj
 0002:00001e80       ??_C@_1EO@IJIOEFOH@?$AAa?$AAp?$AAi?$AA?9?$AAm?$AAs?$AA?9?$AAw?$AAi?$AAn?$AA?9?$AAr?$AAt?$AAc?$AAo?$AAr?$AAe?$AA?9?$AAn?$AAt?$AAu?$AAs?$AAe?$AAr?$AA?9?$AAw?$AAi?$AAn?$AAd?$AAo?$AAw?$AA?9@ 0000000180013e80     libucrt:winapi_thunks.obj
 0002:00001ed0       ??_C@_1FG@HHGEKANL@?$AAa?$AAp?$AAi?$AA?9?$AAm?$AAs?$AA?9?$AAw?$AAi?$AAn?$AA?9?$AAs?$AAe?$AAc?$AAu?$AAr?$AAi?$AAt?$AAy?$AA?9?$AAs?$AAy?$AAs?$AAt?$AAe?$AAm?$AAf?$AAu?$AAn?$AAc?$AAt?$AAi@ 0000000180013ed0     libucrt:winapi_thunks.obj
 0002:00001f30       ??_C@_1FG@NCKKOLKO@?$AAe?$AAx?$AAt?$AA?9?$AAm?$AAs?$AA?9?$AAw?$AAi?$AAn?$AA?9?$AAk?$AAe?$AAr?$AAn?$AAe?$AAl?$AA3?$AA2?$AA?9?$AAp?$AAa?$AAc?$AAk?$AAa?$AAg?$AAe?$AA?9?$AAc?$AAu?$AAr?$AAr@ 0000000180013f30     libucrt:winapi_thunks.obj
 0002:00001f90       ??_C@_1EG@DBIOJECG@?$AAe?$AAx?$AAt?$AA?9?$AAm?$AAs?$AA?9?$AAw?$AAi?$AAn?$AA?9?$AAn?$AAt?$AAu?$AAs?$AAe?$AAr?$AA?9?$AAd?$AAi?$AAa?$AAl?$AAo?$AAg?$AAb?$AAo?$AAx?$AA?9?$AAl?$AA1?$AA?9?$AA1@ 0000000180013f90     libucrt:winapi_thunks.obj
[...]
 0004:00000870       $pdata$?fin$0@?0???$?RV<lambda_46352004c1216016012b18bd6f87e700>@@AEAV<lambda_3bd07e1a1191394380780325891bf33f>@@V<lambda_334532d3f185bcaa59b5be82d7d22bff>@@@?$__crt_seh_guarded_call@X@@QEAAX$$QEAV<lambda_46352004c1216016012b18bd6f87e700>@@AEAV<lambda_3bd07e1a1191394380780325891bf33f>@@$$QEAV<lambda_334532d3f185bcaa59b5be82d7d22bff>@@@Z@4HA 000000018001f870     libucrt:per_thread_data.obj
 0004:0000087c       $pdata$??$?RV<lambda_5e887d1dcbef67a5eb4283622ba103bf>@@AEAV<lambda_4466841279450cc726390878d4a41900>@@V<lambda_341c25c0346d94847f1f3c463c57e077>@@@?$__crt_seh_guarded_call@X@@QEAAX$$QEAV<lambda_5e887d1dcbef67a5eb4283622ba103bf>@@AEAV<lambda_4466841279450cc726390878d4a41900>@@$$QEAV<lambda_341c25c0346d94847f1f3c463c57e077>@@@Z 000000018001f87c     libucrt:per_thread_data.obj
 0004:00000888       $pdata$??$?RV<lambda_46352004c1216016012b18bd6f87e700>@@AEAV<lambda_3bd07e1a1191394380780325891bf33f>@@V<lambda_334532d3f185bcaa59b5be82d7d22bff>@@@?$__crt_seh_guarded_call@X@@QEAAX$$QEAV<lambda_46352004c1216016012b18bd6f87e700>@@AEAV<lambda_3bd07e1a1191394380780325891bf33f>@@$$QEAV<lambda_334532d3f185bcaa59b5be82d7d22bff>@@@Z 000000018001f888     libucrt:per_thread_data.obj
 0004:00000894       $pdata$??$?RV<lambda_fb3a7dec4e47f37f22dae91bb15c9095>@@AEAV<lambda_698284760c8add0bfb0756c19673e34b>@@V<lambda_dfb8eca1e75fef3034a8fb18dd509707>@@@?$__crt_seh_guarded_call@X@@QEAAX$$QEAV<lambda_fb3a7dec4e47f37f22dae91bb15c9095>@@AEAV<lambda_698284760c8add0bfb0756c19673e34b>@@$$QEAV<lambda_dfb8eca1e75fef3034a8fb18dd509707>@@@Z 000000018001f894     libucrt:per_thread_data.obj
 0004:000008a0       $pdata$__acrt_update_locale_info 000000018001f8a0     libucrt:locale_update.obj
 0004:000008ac       $pdata$__acrt_update_multibyte_info 000000018001f8ac     libucrt:locale_update.obj
 0004:000008b8       $pdata$__acrt_fp_format    000000018001f8b8     libucrt:cvt.obj
 0004:000008c4       $pdata$?fp_format_nan_or_infinity@@YAHW4__acrt_fp_class@@_NPEAD_K1@Z 000000018001f8c4     libucrt:cvt.obj
 0004:000008d0       $pdata$?fp_format_e_internal@@YAHQEAD_KH_NIQEAU_strflt@@2QEAU__crt_locale_pointers@@@Z 000000018001f8d0     libucrt:cvt.obj
 0004:000008dc       $pdata$?fp_format_e@@YAHQEBNQEAD_K12H_NIQEAU__crt_locale_pointers@@@Z 000000018001f8dc     libucrt:cvt.obj
 0004:000008e8       $pdata$?fp_format_a@@YAHQEBNPEAD_KQEAD2H_NIQEAU__crt_locale_pointers@@@Z 000000018001f8e8     libucrt:cvt.obj
 0004:000008f4       $pdata$?fp_format_f_internal@@YAHQEAD_KHQEAU_strflt@@_NQEAU__crt_locale_pointers@@@Z 000000018001f8f4     libucrt:cvt.obj
 0004:00000900       $pdata$?fp_format_g@@YAHQEBNQEAD_K12H_NIQEAU__crt_locale_pointers@@@Z 000000018001f900     libucrt:cvt.obj
 0004:0000090c       $pdata$_fileno             000000018001f90c     libucrt:fileno.obj
 0004:00000918       $pdata$__acrt_initialize_stdio 000000018001f918     libucrt:_file.obj
 0004:00000924       $pdata$__acrt_uninitialize_stdio 000000018001f924     libucrt:_file.obj
 0004:00000930       $pdata$__acrt_uninitialize_locale 000000018001f930     libucrt:wsetlocale.obj
 0004:0000093c       $pdata$__acrt_update_thread_locale_data$fin$0 000000018001f93c     libucrt:locale_refcounting.obj
 0004:0000093c       $pdata$__acrt_uninitialize_locale$fin$0 000000018001f93c     libucrt:wsetlocale.obj
 0004:00000948       $pdata$__acrt_initialize_lowio 000000018001f948     libucrt:ioinit.obj
 0004:00000954       $pdata$__acrt_lowio_ensure_fh_exists$fin$0 000000018001f954     libucrt:osfinfo.obj
 0004:00000954       $pdata$__acrt_initialize_lowio$fin$0 000000018001f954     libucrt:ioinit.obj
 0004:00000960       $pdata$__acrt_uninitialize_lowio 000000018001f960     libucrt:ioinit.obj
 0004:0000096c       $pdata$?initialize_inherited_file_handles_nolock@@YAXXZ 000000018001f96c     libucrt:ioinit.obj
 0004:00000978       $pdata$?initialize_stdio_handles_nolock@@YAXXZ 000000018001f978     libucrt:ioinit.obj
 0004:00000984       $pdata$__acrt_initialize_locks 000000018001f984     libucrt:locks.obj
 0004:00000990       $pdata$__acrt_uninitialize_locks 000000018001f990     libucrt:locks.obj
 0004:0000099c       $pdata$__acrt_FlsAlloc     000000018001f99c     libucrt:winapi_thunks.obj
 0004:000009a8       $pdata$__acrt_FlsFree      000000018001f9a8     libucrt:winapi_thunks.obj
 0004:000009b4       $pdata$__acrt_FlsGetValue  000000018001f9b4     libucrt:winapi_thunks.obj
 0004:000009c0       $pdata$__acrt_FlsSetValue  000000018001f9c0     libucrt:winapi_thunks.obj
 0004:000009cc       $pdata$__acrt_initialize_winapi_thunks 000000018001f9cc     libucrt:winapi_thunks.obj
 0004:000009d8       $pdata$__acrt_uninitialize_winapi_thunks 000000018001f9d8     libucrt:winapi_thunks.obj
 0004:000009e4       $pdata$__acrt_InitializeCriticalSectionEx 000000018001f9e4     libucrt:winapi_thunks.obj
 0004:000009f0       $pdata$__acrt_LCMapStringEx 000000018001f9f0     libucrt:winapi_thunks.obj
 0004:000009fc       $pdata$__acrt_LocaleNameToLCID 000000018001f9fc     libucrt:winapi_thunks.obj
 0004:00000a08       $pdata$__acrt_is_packaged_app 000000018001fa08     libucrt:winapi_thunks.obj
 0004:00000a14       $pdata$?try_get_function@@YAPEAXW4function_id@?A0x63058377@@QEBDQEBW4module_id@2@2@Z 000000018001fa14     libucrt:winapi_thunks.obj
 0004:00000a20       $pdata$_calloc_base        000000018001fa20     libucrt:calloc_base.obj
 0004:00000a2c       $pdata$??$common_expand_argv_wildcards@D@@YAHQEAPEADQEAPEAPEAD@Z 000000018001fa2c     libucrt:argv_wildcards.obj
 0004:00000a38       $pdata$?expand_if_necessary@?$argument_list@D@?A0xca0879c4@@AEAAHXZ 000000018001fa38     libucrt:argv_wildcards.obj
 0004:00000a44       $pdata$??$copy_and_add_argument_to_buffer@D@@YAHQEBD0_KAEAV?$argument_list@D@?A0xca0879c4@@@Z 000000018001fa44     libucrt:argv_wildcards.obj
 0004:00000a50       $pdata$??$expand_argument_wildcards@D@@YAHQEAD0AEAV?$argument_list@D@?A0xca0879c4@@@Z 000000018001fa50     libucrt:argv_wildcards.obj
 0004:00000a5c       $pdata$__acrt_update_thread_multibyte_data 000000018001fa5c     libucrt:mbctype.obj
 0004:00000a68       $pdata$__acrt_update_thread_multibyte_data$fin$0 000000018001fa68     libucrt:mbctype.obj
 0004:00000a74       $pdata$__acrt_initialize_multibyte 000000018001fa74     libucrt:mbctype.obj
 0004:00000a80       $pdata$_setmbcp_nolock     000000018001fa80     libucrt:mbctype.obj
 0004:00000a8c       $pdata$?getSystemCP@@YAHH@Z 000000018001fa8c     libucrt:mbctype.obj
 0004:00000a98       $pdata$?setSBCS@@YAXPEAU__crt_multibyte_data@@@Z 000000018001fa98     libucrt:mbctype.obj
 0004:00000aa4       $pdata$?setSBUpLow@@YAXPEAU__crt_multibyte_data@@@Z 000000018001faa4     libucrt:mbctype.obj
 0004:00000ab0       $pdata$?setmbcp_internal@@YAHH_N@Z 000000018001fab0     libucrt:mbctype.obj
 0004:00000abc       $pdata$??R<lambda_ad1ced32f4ac17aa236e5ef05d6b3b7c>@@QEBAXXZ 000000018001fabc     libucrt:mbctype.obj
 0004:00000ac8       $pdata$??$?RV<lambda_99476a1ad63dd22509b5d3e65b0ffc95>@@AEAV<lambda_ad1ced32f4ac17aa236e5ef05d6b3b7c>@@V<lambda_f7424dd8d45958661754dc4f2697e9c3>@@@?$__crt_seh_guarded_call@X@@QEAAX$$QEAV<lambda_99476a1ad63dd22509b5d3e65b0ffc95>@@AEAV<lambda_ad1ced32f4ac17aa236e5ef05d6b3b7c>@@$$QEAV<lambda_f7424dd8d45958661754dc4f2697e9c3>@@@Z 000000018001fac8     libucrt:mbctype.obj
 0004:00000ad4       $pdata$?x_ismbbtype_l@@YAHPEAU__crt_locale_pointers@@IHH@Z 000000018001fad4     libucrt:ismbbyte.obj
 0004:00000ae0       $pdata$__acrt_initialize_command_line 000000018001fae0     libucrt:argv_data.obj
 0004:00000aec       $pdata$__dcrt_get_narrow_environment_from_os 000000018001faec     libucrt:get_environment_from_os.obj
 0004:00000af8       $pdata$_recalloc_base      000000018001faf8     libucrt:recalloc.obj
 0004:00000b04       $pdata$__acrt_initialize_heap 000000018001fb04     libucrt:heap_handle.obj
 0004:00000b10       $pdata$__acrt_execute_initializers 000000018001fb10     libucrt:shared_initialization.obj
 0004:00000b1c       $pdata$__acrt_execute_uninitializers 000000018001fb1c     libucrt:shared_initialization.obj
 0004:00000b28       $pdata$_callnewh           000000018001fb28     libucrt:new_handler.obj
 0004:00000b34       $pdata$_query_new_handler  000000018001fb34     libucrt:new_handler.obj
 0004:00000b40       $pdata$_query_new_handler$fin$0 000000018001fb40     libucrt:new_handler.obj
 0004:00000b4c       $pdata$__acrt_get_sigabrt_handler 000000018001fb4c     libucrt:signal.obj
 0004:00000b58       $pdata$raise               000000018001fb58     libucrt:signal.obj
 0004:00000b64       $pdata$raise$fin$0         000000018001fb64     libucrt:signal.obj
 0004:00000b70       $pdata$??$?RV<lambda_c36588078e9f5dfd39652860aa6b3aaf>@@AEAV<lambda_ec61778202f4f5fc7e7711acc23c3bca>@@V<lambda_dc9d2797ccde5d239b4a0efae8ebd7db>@@@?$__crt_seh_guarded_call@P6AXH@Z@@QEAAP6AXH@Z$$QEAV<lambda_c36588078e9f5dfd39652860aa6b3aaf>@@AEAV<lambda_ec61778202f4f5fc7e7711acc23c3bca>@@$$QEAV<lambda_dc9d2797ccde5d239b4a0efae8ebd7db>@@@Z 000000018001fb70     libucrt:signal.obj
 0004:00000b7c       $pdata$__acrt_invoke_user_matherr 000000018001fb7c     libucrt:matherr.obj
 0004:00000b88       $pdata$__pctype_func       000000018001fb88     libucrt:ctype.obj
 0004:00000b94       $pdata$iswctype            000000018001fb94     libucrt:iswctype.obj
 0004:00000ba0       $pdata$_isctype_l          000000018001fba0     libucrt:isctype.obj
 0004:00000bac       $pdata$_isleadbyte_l       000000018001fbac     libucrt:_wctype.obj
 0004:00000bb8       $pdata$__acrt_LCMapStringA 000000018001fbb8     libucrt:lcmapstringa.obj
 0004:00000bc4       $pdata$?__acrt_LCMapStringA_stat@@YAHPEAU__crt_locale_pointers@@PEB_WKPEBDHPEADHHH@Z 000000018001fbc4     libucrt:lcmapstringa.obj
 0004:00000bd0       $pdata$__acrt_release_locale_ref 000000018001fbd0     libucrt:locale_refcounting.obj
 0004:00000bdc       $pdata$__acrt_free_locale  000000018001fbdc     libucrt:locale_refcounting.obj
 0004:00000be8       $pdata$__acrt_locale_free_lc_time_if_unreferenced 000000018001fbe8     libucrt:locale_refcounting.obj
 0004:00000bf4       $pdata$__acrt_update_thread_locale_data 000000018001fbf4     libucrt:locale_refcounting.obj
 0004:00000c00       $pdata$_updatetlocinfoEx_nolock 000000018001fc00     libucrt:locale_refcounting.obj
 0004:00000c0c       $pdata$__acrt_fp_strflt_to_string 000000018001fc0c     libucrt:_fptostr.obj
 0004:00000c18       $pdata$memcpy_s            000000018001fc18     libucrt:cfout.obj
 0004:00000c24       $pdata$__acrt_fltout       000000018001fc24     libucrt:cfout.obj
 0004:00000c30       $pdata$?divide@__crt_strtox@@YA_KAEAUbig_integer@1@AEBU21@@Z 000000018001fc30     libucrt:cfout.obj
 0004:00000c3c       $pdata$5$?divide@__crt_strtox@@YA_KAEAUbig_integer@1@AEBU21@@Z 000000018001fc3c     libucrt:cfout.obj
 0004:00000c48       $pdata$6$?divide@__crt_strtox@@YA_KAEAUbig_integer@1@AEBU21@@Z 000000018001fc48     libucrt:cfout.obj
 0004:00000c54       $pdata$_fcloseall          000000018001fc54     libucrt:closeall.obj
 0004:00000c60       $pdata$_fcloseall$fin$0    000000018001fc60     libucrt:closeall.obj
 0004:00000c6c       $pdata$_fflush_nolock      000000018001fc6c     libucrt:fflush.obj
 0004:00000c78       $pdata$__acrt_stdio_flush_nolock 000000018001fc78     libucrt:fflush.obj
 0004:00000c84       $pdata$common_flush_all    000000018001fc84     libucrt:fflush.obj
 0004:00000c90       $pdata$common_flush_all$fin$0 000000018001fc90     libucrt:fflush.obj
 0004:00000c9c       $pdata$common_flush_all$fin$1 000000018001fc9c     libucrt:fflush.obj
 0004:00000ca8       $pdata$__acrt_stdio_free_buffer_nolock 000000018001fca8     libucrt:_freebuf.obj
 0004:00000cb4       $pdata$_isatty             000000018001fcb4     libucrt:isatty.obj
 0004:00000cc0       $pdata$__acrt_locale_free_monetary 000000018001fcc0     libucrt:initmon.obj
 0004:00000ccc       $pdata$__acrt_locale_free_numeric 000000018001fccc     libucrt:initnum.obj
 0004:00000cd8       $pdata$__acrt_locale_free_time 000000018001fcd8     libucrt:inittime.obj
 0004:00000ce4       $pdata$?free_crt_array_internal@@YAXQEAPEBX_K@Z 000000018001fce4     libucrt:inittime.obj
 0004:00000cf0       $pdata$__acrt_GetStringTypeA 000000018001fcf0     libucrt:getstringtypea.obj
 0004:00000cfc       $pdata$_get_osfhandle      000000018001fcfc     libucrt:osfinfo.obj
 0004:00000d08       $pdata$_free_osfhnd        000000018001fd08     libucrt:osfinfo.obj
 0004:00000d14       $pdata$__acrt_lowio_create_handle_array 000000018001fd14     libucrt:osfinfo.obj
 0004:00000d20       $pdata$__acrt_lowio_destroy_handle_array 000000018001fd20     libucrt:osfinfo.obj
 0004:00000d2c       $pdata$__acrt_lowio_ensure_fh_exists 000000018001fd2c     libucrt:osfinfo.obj
 0004:00000d38       $pdata$__acrt_DownlevelLocaleNameToLCID 000000018001fd38     libucrt:lcidtoname_downlevel.obj
 0004:00000d44       $pdata$?GetTableIndexFromLocaleName@@YAHPEB_W@Z 000000018001fd44     libucrt:lcidtoname_downlevel.obj
 0004:00000d50       $pdata$qsort               000000018001fd50     libucrt:qsort.obj
 0004:00000d5c       $pdata$4$qsort             000000018001fd5c     libucrt:qsort.obj
 0004:00000d68       $pdata$5$qsort             000000018001fd68     libucrt:qsort.obj
 0004:00000d74       $pdata$?shortsort@@YAXPEAD0_KP6AHPEBX2@Z@Z 000000018001fd74     libucrt:qsort.obj
 0004:00000d80       $pdata$2$?shortsort@@YAXPEAD0_KP6AHPEBX2@Z@Z 000000018001fd80     libucrt:qsort.obj
 0004:00000d8c       $pdata$3$?shortsort@@YAXPEAD0_KP6AHPEBX2@Z@Z 000000018001fd8c     libucrt:qsort.obj
 0004:00000d98       $pdata$strncpy_s           000000018001fd98     libucrt:strncpy_s.obj
 0004:00000da4       $pdata$strpbrk             000000018001fda4     libucrt:strpbrk.obj
 0004:00000db0       $pdata$_mbsdec_l           000000018001fdb0     libucrt:mbsdec.obj
 0004:00000dbc       $pdata$?initialize_multibyte@@YAHXZ 000000018001fdbc     libucrt:multibyte_initializer.obj
 0004:00000dc8       $pdata$_msize              000000018001fdc8     libucrt:msize.obj
 0004:00000dd4       $pdata$_realloc_base       000000018001fdd4     libucrt:realloc_base.obj
 0004:00000de0       $pdata$fegetenv            000000018001fde0     libucrt:fegetenv.obj
 0004:00000dec       $pdata$fesetenv            000000018001fdec     libucrt:fesetenv.obj
 0004:00000df8       $pdata$feholdexcept        000000018001fdf8     libucrt:feholdexcept.obj
 0004:00000e10       $pdata$_write              000000018001fe10     libucrt:write.obj
 0004:00000e1c       $pdata$_write$fin$0        000000018001fe1c     libucrt:write.obj
 0004:00000e28       $pdata$_write_nolock       000000018001fe28     libucrt:write.obj
 0004:00000e34       $pdata$?write_double_translated_ansi_nolock@@YA?AUwrite_result@?A0x9c548279@@HQEBDI@Z 000000018001fe34     libucrt:write.obj
 0004:00000e40       $pdata$?write_text_ansi_nolock@@YA?AUwrite_result@?A0x9c548279@@HQEBDI@Z 000000018001fe40     libucrt:write.obj
 0004:00000e4c       $pdata$?write_text_utf16le_nolock@@YA?AUwrite_result@?A0x9c548279@@HQEBDI@Z 000000018001fe4c     libucrt:write.obj
 0004:00000e58       $pdata$?write_text_utf8_nolock@@YA?AUwrite_result@?A0x9c548279@@HQEBDI@Z 000000018001fe58     libucrt:write.obj
 0004:00000e64       $pdata$??$common_lseek_nolock@_J@@YA_JH_JH@Z 000000018001fe64     libucrt:lseek.obj
 0004:00000e70       $pdata$fclose              000000018001fe70     libucrt:fclose.obj
 0004:00000e7c       $pdata$fclose$fin$0        000000018001fe7c     libucrt:fclose.obj
 0004:00000e88       $pdata$_fclose_nolock      000000018001fe88     libucrt:fclose.obj
 0004:00000e94       $pdata$_commit             000000018001fe94     libucrt:commit.obj
 0004:00000ea0       $pdata$??$?RV<lambda_b521505b218e5242e90febf6bfebc422>@@AEAV<lambda_6978c1fb23f02e42e1d9e99668cc68aa>@@V<lambda_314360699dd331753a4119843814e9a7>@@@?$__crt_seh_guarded_call@H@@QEAAH$$QEAV<lambda_b521505b218e5242e90febf6bfebc422>@@AEAV<lambda_6978c1fb23f02e42e1d9e99668cc68aa>@@$$QEAV<lambda_314360699dd331753a4119843814e9a7>@@@Z 000000018001fea0     libucrt:commit.obj
 0004:00000eac       $pdata$?fin$0@?0???$?RV<lambda_b521505b218e5242e90febf6bfebc422>@@AEAV<lambda_6978c1fb23f02e42e1d9e99668cc68aa>@@V<lambda_314360699dd331753a4119843814e9a7>@@@?$__crt_seh_guarded_call@H@@QEAAH$$QEAV<lambda_b521505b218e5242e90febf6bfebc422>@@AEAV<lambda_6978c1fb23f02e42e1d9e99668cc68aa>@@$$QEAV<lambda_314360699dd331753a4119843814e9a7>@@@Z@4HA 000000018001feac     libucrt:commit.obj
 0004:00000eac       $pdata$?fin$0@?0???$?RV<lambda_bfedae4ebbf01fab1bb6dcc6a9e276e0>@@AEAV<lambda_2fe9b910cf3cbf4a0ab98a02ba45b3ec>@@V<lambda_237c231691f317818eb88cc1d5d642d6>@@@?$__crt_seh_guarded_call@H@@QEAAH$$QEAV<lambda_bfedae4ebbf01fab1bb6dcc6a9e276e0>@@AEAV<lambda_2fe9b910cf3cbf4a0ab98a02ba45b3ec>@@$$QEAV<lambda_237c231691f317818eb88cc1d5d642d6>@@@Z@4HA 000000018001feac     libucrt:close.obj
 0004:00000eb8       $pdata$_setfpstatusword    000000018001feb8     libucrt:_fenvutils.obj
 0004:00000ec4       $pdata$_getfpcontrolword   000000018001fec4     libucrt:_fenvutils.obj
 0004:00000ed0       $pdata$_getfpstatusword    000000018001fed0     libucrt:_fenvutils.obj
 0004:00000edc       $pdata$_clearfp            000000018001fedc     libucrt:ieee.obj
 0004:00000ee8       $pdata$common_control87    000000018001fee8     libucrt:ieee.obj
 0004:00000ef4       $pdata$_ctrlfp$filt$0      000000018001fef4     libucrt:fpctrl.obj
 0004:00000ef4       $pdata$common_control87$filt$0 000000018001fef4     libucrt:ieee.obj
 0004:00000f00       $pdata$_call_matherr       000000018001ff00     libucrt:libm_error.obj
 0004:00000f0c       $pdata$_exception_enabled  000000018001ff0c     libucrt:libm_error.obj
 0004:00000f18       $pdata$_handle_error       000000018001ff18     libucrt:libm_error.obj
 0004:00000f24       $pdata$__acrt_initialize_fma3 000000018001ff24     libucrt:fma3_available.obj
 0004:00000f30       $pdata$_log_special_common 000000018001ff30     libucrt:log_special.obj
 0004:00000f3c       $pdata$_log10_special      000000018001ff3c     libucrt:log_special.obj
 0004:00000f48       $pdata$_putwch_nolock      000000018001ff48     libucrt:putwch.obj
 0004:00000f54       $pdata$_close              000000018001ff54     libucrt:close.obj
 0004:00000f60       $pdata$_close_nolock       000000018001ff60     libucrt:close.obj
 0004:00000f6c       $pdata$??$?RV<lambda_bfedae4ebbf01fab1bb6dcc6a9e276e0>@@AEAV<lambda_2fe9b910cf3cbf4a0ab98a02ba45b3ec>@@V<lambda_237c231691f317818eb88cc1d5d642d6>@@@?$__crt_seh_guarded_call@H@@QEAAH$$QEAV<lambda_bfedae4ebbf01fab1bb6dcc6a9e276e0>@@AEAV<lambda_2fe9b910cf3cbf4a0ab98a02ba45b3ec>@@$$QEAV<lambda_237c231691f317818eb88cc1d5d642d6>@@@Z 000000018001ff6c     libucrt:close.obj
 0004:00000f84       $pdata$_set_errno_from_matherr 000000018001ff84     libucrt:fpexcept.obj
 0004:00000f90       $pdata$_raise_exc          000000018001ff90     libucrt:fpexcept.obj
 0004:00000f9c       $pdata$_raise_exc_ex       000000018001ff9c     libucrt:fpexcept.obj
 0004:00000fa8       $pdata$_clrfp              000000018001ffa8     libucrt:fpctrl.obj
 0004:00000fb4       $pdata$_ctrlfp             000000018001ffb4     libucrt:fpctrl.obj
 0004:00000fc0       $pdata$_statfp             000000018001ffc0     libucrt:fpctrl.obj
 0004:00000fcc       $pdata$_set_statfp         000000018001ffcc     libucrt:fpctrl.obj
 0004:00000fd8       $pdata$__dcrt_lowio_initialize_console_output 000000018001ffd8     libucrt:initcon.obj
 0004:00000fe4       $pdata$__dcrt_terminate_console_output 000000018001ffe4     libucrt:initcon.obj
 0004:00000ff0       $pdata$_IsNonwritableInCurrentImage 000000018001fff0     LIBCMT:pesect.obj
 0004:00000ffc       $pdata$_IsNonwritableInCurrentImage$filt$0 000000018001fffc     LIBCMT:pesect.obj
 0004:00001014       $pdata$strrchr             0000000180020014     libvcruntime:strrchr.obj
 0005:000000a0       $R000000                   00000001800210a0     ico.res
 0005:000003a8       $R000308                   00000001800213a8     ico.res
