 ConEmu.x64

 Timestamp is 5da31afe (Sun Oct 13 15:39:26 2019)

 Preferred load address is 0000000180000000

 Start         Length     Name                   Class
 0001:00000000 00000010H .text$di                CODE
 0001:00000010 0002e350H .text$mn                CODE
 0001:0002e360 00000020H .text$mn$00             CODE
 0001:0002e380 000005c0H .text$x                 CODE
 0001:0002e940 0000003dH .text$yd                CODE
 0002:00000000 00000670H .idata$5                DATA
 0002:00000670 00000010H .00cfg                  DATA
 0002:00000680 00000008H .CRT$XCA                DATA
 0002:00000688 00000008H .CRT$XCU                DATA
 0002:00000690 00000008H .CRT$XCZ                DATA
 0002:00000698 00000008H .CRT$XIA                DATA
 0002:000006a0 00000020H .CRT$XIC                DATA
 0002:000006c0 00000008H .CRT$XIZ                DATA
 0002:000006c8 00000008H .CRT$XLA                DATA
 0002:000006d0 00000008H .CRT$XLZ                DATA
 0002:000006d8 00000008H .CRT$XPA                DATA
 0002:000006e0 00000010H .CRT$XPX                DATA
 0002:000006f0 00000008H .CRT$XPXA               DATA
 0002:000006f8 00000008H .CRT$XPZ                DATA
 0002:00000700 00000008H .CRT$XTA                DATA
 0002:00000708 00000008H .CRT$XTZ                DATA
 0002:00000710 00000000H .gfids$x                DATA
 0002:00000710 00000000H .gfids$y                DATA
 0002:00000710 0000c590H .rdata                  DATA
 0002:0000cca0 00000028H .rdata$T                DATA
 0002:0000ccc8 0000075cH .rdata$r                DATA
 0002:0000d424 000003ccH .rdata$zzzdbg           DATA
 0002:0000d7f0 00000008H .rtc$IAA                DATA
 0002:0000d7f8 00000008H .rtc$IZZ                DATA
 0002:0000d800 00000008H .rtc$TAA                DATA
 0002:0000d808 00000008H .rtc$TZZ                DATA
 0002:0000d810 00000004H .tls                    DATA
 0002:0000d814 00000004H .tls$                   DATA
 0002:0000d818 00000008H .tls$ZZZ                DATA
 0002:0000d820 00002628H .xdata                  DATA
 0002:0000fe48 00000208H .xdata$x                DATA
 0002:00010050 000002e4H .edata                  DATA
 0002:00010334 00000064H .idata$2                DATA
 0002:00010398 00000018H .idata$3                DATA
 0002:000103b0 00000670H .idata$4                DATA
 0002:00010a20 00000ea8H .idata$6                DATA
 0003:00000000 00000ba0H .data                   DATA
 0003:00000ba0 000002a0H .data$r                 DATA
 0003:00000e40 0000bbc0H .bss                    DATA
 0004:00000000 000027ccH .pdata                  DATA
 0005:00000000 000000a0H .rsrc$01                DATA
 0005:000000a0 00000490H .rsrc$02                DATA

  Address         Publics by Value              Rva+Base               Lib:Object

 0000:00000000       __guard_longjmp_count      0000000000000000     <absolute>
 0000:00000000       __hybrid_code_map_count    0000000000000000     <absolute>
 0000:00000000       __guard_longjmp_table      0000000000000000     <absolute>
 0000:00000000       __guard_iat_table          0000000000000000     <absolute>
 0000:00000000       __hybrid_code_map          0000000000000000     <absolute>
 0000:00000000       __guard_iat_count          0000000000000000     <absolute>
 0000:00000000       __volatile_metadata        0000000000000000     <absolute>
 0000:00000000       __guard_fids_count         0000000000000000     <absolute>
 0000:00000000       __enclave_config           0000000000000000     <absolute>
 0000:00000000       ___safe_se_handler_count   0000000000000000     <absolute>
 0000:00000000       ___safe_se_handler_table   0000000000000000     <absolute>
 0000:00000000       __guard_fids_table         0000000000000000     <absolute>
 0000:00000000       __hybrid_auxiliary_iat     0000000000000000     <absolute>
 0000:00000000       __dynamic_value_reloc_table 0000000000000000     <absolute>
 0000:00000100       __guard_flags              0000000000000100     <absolute>
 0000:00000000       __ImageBase                0000000180000000     <linker-defined>
 0001:00000010       ??$swprintf_c@$0EA@@@YAHAEAY0EA@_WPEB_WZZ 0000000180001010 f i ConEmuInjects.obj
 0001:0000003c       ??$swprintf_c@$0IA@@@YAHAEAY0IA@_WPEB_WZZ 000000018000103c f i ConEmuInjects.obj
 0001:00000068       ??$swprintf_c@$0PP@@@YAHAEAY0PP@_WPEB_WZZ 0000000180001068 f i ConEmuInjects.obj
 0001:00000094       ?ShutdownHooks@@YAXXZ      0000000180001094 f   ConEmuInjects.obj
 0001:00000284       ?StartupConsoleHooks@@YAXXZ 0000000180001284 f   ConEmuInjects.obj
 0001:00000310       ?StartupHooks@@YA_NPEAUHINSTANCE__@@@Z 0000000180001310 f   ConEmuInjects.obj
 0001:00000710       ?StringCchCopyW@@YAJPEA_W_KPEB_W@Z 0000000180001710 f i ConEmuInjects.obj
 0001:00000788       ?StringCchVPrintfW@@YAJPEA_W_KPEB_WPEAD@Z 0000000180001788 f i ConEmuInjects.obj
 0001:0000082c       __local_stdio_printf_options 000000018000182c f i ConEmuInjects.obj
 0001:00000834       ?ProcessSynchroEventW3@@YA_JPEAX@Z 0000000180001834 f   ConEmuPlugin.obj
 0001:0000085c       ?ProcessEditorEventW3@@YA_JPEAX@Z 000000018000185c f   ConEmuPlugin.obj
 0001:00000884       ?ProcessViewerEventW3@@YA_JPEAX@Z 0000000180001884 f   ConEmuPlugin.obj
 0001:000008ac       ?ExitFARW3@@YAXPEAX@Z      00000001800018ac f   ConEmuPlugin.obj
 0001:00000904       ExitFARW                   0000000180001904 f   ConEmuPlugin.obj
 0001:0000095c       ?ProcessEditorEvent@@YAHHPEAX@Z 000000018000195c f   ConEmuPlugin.obj
 0001:0000095c       ProcessEditorEventW        000000018000195c f   ConEmuPlugin.obj
 0001:0000097c       ProcessSynchroEventW       000000018000197c f   ConEmuPlugin.obj
 0001:000009a8       ?ProcessViewerEvent@@YAHHPEAX@Z 00000001800019a8 f   ConEmuPlugin.obj
 0001:000009a8       ProcessViewerEventW        00000001800019a8 f   ConEmuPlugin.obj
 0001:000009c8       ?ActivateConsole@@YAHXZ    00000001800019c8 f   ConEmuPlugin.obj
 0001:00000a58       ?ExitFAR@@YAXXZ            0000000180001a58 f   ConEmuPlugin.obj
 0001:00000ab0       ?GetFarHWND2@@YAPEAUHWND__@@H@Z 0000000180001ab0 f   ConEmuPlugin.obj
 0001:00000b1c       ?GetFarHWND@@YAPEAUHWND__@@XZ 0000000180001b1c f   ConEmuPlugin.obj
 0001:00000b24       ?GetFarVersion@@YAXPEAUFarVersion@@@Z 0000000180001b24 f   ConEmuPlugin.obj
 0001:00000b40       ?GetMinFarVersion@@YAHXZ   0000000180001b40 f   ConEmuPlugin.obj
 0001:00000b70       ?GetPluginInfo@@YAXPEAX@Z  0000000180001b70 f   ConEmuPlugin.obj
 0001:00000bc4       ?GetPluginInfoW@@YAXPEAX@Z 0000000180001bc4 f   ConEmuPlugin.obj
 0001:00000be4       ?IsConsoleActive@@YAHXZ    0000000180001be4 f   ConEmuPlugin.obj
 0001:00000c3c       ?IsTerminalMode@@YAHXZ     0000000180001c3c f   ConEmuPlugin.obj
 0001:00000c44       ?OpenPlugin@@YAPEAXH_J@Z   0000000180001c44 f   ConEmuPlugin.obj
 0001:00000c74       ?OpenW@@YAPEAXPEBX@Z       0000000180001c74 f   ConEmuPlugin.obj
 0001:00000c98       ?ProcessEditorInput@@YAHPEBU_INPUT_RECORD@@@Z 0000000180001c98 f   ConEmuPlugin.obj
 0001:00000cbc       ?RegisterBackground@@YAHPEAURegisterBackgroundArg@@@Z 0000000180001cbc f   ConEmuPlugin.obj
 0001:00000d40       ?RegisterPanelView@@YAHPEAUPanelViewInit@@@Z 0000000180001d40 f   ConEmuPlugin.obj
 0001:00000ea8       ?SetStartupInfo@@YAXPEAX@Z 0000000180001ea8 f   ConEmuPlugin.obj
 0001:00000f0c       ?SetupExportsFar3@@YAXXZ   0000000180001f0c f   ConEmuPlugin.obj
 0001:0000107c       ?SyncExecute@@YAHPEAUHINSTANCE__@@P6AX_J@Z1@Z 000000018000207c f   ConEmuPlugin.obj
 0001:000010c8       DllMain                    00000001800020c8 f   ConEmuPlugin.obj
 0001:000010ec       GetMinFarVersionW          00000001800020ec f   ConEmuPlugin.obj
 0001:000010f4       OpenPluginW                00000001800020f4 f   ConEmuPlugin.obj
 0001:00001134       ProcessEditorInputW        0000000180002134 f   ConEmuPlugin.obj
 0001:00001158       SetStartupInfoW            0000000180002158 f   ConEmuPlugin.obj
 0001:00001188       ??0CPluginW1900@@QEAA@XZ   0000000180002188 f   ConEmuPlugin1900.obj
 0001:0000132c       ??_GCPluginW1900@@UEAAPEAXI@Z 000000018000232c f i ConEmuPlugin1900.obj
 0001:0000132c       ??_ECPluginW1900@@UEAAPEAXI@Z 000000018000232c f i ConEmuPlugin1900.obj
 0001:00001834       ?CheckPanelExist@CPluginW1900@@UEAA_NXZ 0000000180002834 f   ConEmuPlugin1900.obj
 0001:00001870       ?Color2BgIndex@Far3Color@@SAXKHAEAGPEBK@Z 0000000180002870 f i ConEmuPlugin1900.obj
 0001:00001980       ?Color2FgIndex@Far3Color@@SAXKAEAGPEBK@Z 0000000180002980 f i ConEmuPlugin1900.obj
 0001:00001a6c       ?ExecuteSynchroApi@CPluginW1900@@UEAA_NXZ 0000000180002a6c f   ConEmuPlugin1900.obj
 0001:00001aa0       ?ExitFar@CPluginW1900@@UEAAXXZ 0000000180002aa0 f   ConEmuPlugin1900.obj
 0001:00001b28       ?FarColor_3_2@@YAEAEBUFarColor@@_N@Z 0000000180002b28 f i ConEmuPlugin1900.obj
 0001:00001be8       ?GetActiveWindowType@CPluginW1900@@UEAAHXZ 0000000180002be8 f   ConEmuPlugin1900.obj
 0001:00001c9c       ?GetEditorModifiedState@CPluginW1900@@UEAAKXZ 0000000180002c9c f   ConEmuPlugin1900.obj
 0001:00001cf8       ?GetFarRect@CPluginW1900@@UEAA_NAEAU_SMALL_RECT@@@Z 0000000180002cf8 f   ConEmuPlugin1900.obj
 0001:00001da4       ?GetMacroArea@CPluginW1900@@UEAAHXZ 0000000180002da4 f   ConEmuPlugin1900.obj
 0001:00001dc4       ?GetMsg@CPluginW1900@@UEAAPEB_WHPEA_W_K@Z 0000000180002dc4 f   ConEmuPlugin1900.obj
 0001:00001e34       ?GetPanelDir@CPluginW1900@@UEAAPEA_WKPEA_WH@Z 0000000180002e34 f   ConEmuPlugin1900.obj
 0001:00001f90       ?GetPanelInfo@CPluginW1900@@UEAA_NKPEAUCEPanelInfo@@@Z 0000000180002f90 f   ConEmuPlugin1900.obj
 0001:0000222c       ?GetPanelItemInfo@CPluginW1900@@UEAA_NAEBUCEPanelInfo@@_N_JAEAU_WIN32_FIND_DATAW@@PEAPEA_W@Z 000000018000322c f   ConEmuPlugin1900.obj
 0001:000023dc       ?GetPluginInfoPtr@CPluginW1900@@UEAAXPEAX@Z 00000001800033dc f   ConEmuPlugin1900.obj
 0001:00002438       ?GetWindowCount@CPluginW1900@@UEAAHXZ 0000000180003438 f   ConEmuPlugin1900.obj
 0001:00002468       ?GetWindowTypeName@CPluginAnsi@@UEAAPEB_WH@Z 0000000180003468 f   ConEmuPluginA.obj
 0001:00002468       ?GetWindowTypeName@CPluginW1900@@UEAAPEB_WH@Z 0000000180003468 f   ConEmuPlugin1900.obj
 0001:00002468       ?GetWindowTypeName@CPluginW2800@@UEAAPEB_WH@Z 0000000180003468 f   ConEmuPlugin2800.obj
 0001:00002468       ?GetWindowTypeName@CPluginW995@@UEAAPEB_WH@Z 0000000180003468 f   ConEmuPlugin995.obj
 0001:000024c0       ?GuiMacroDlg@CPluginW1900@@UEAAXXZ 00000001800034c0 f   ConEmuPlugin1900.obj
 0001:000024c8       ?InputBox@CPluginW1900@@UEAA_NPEB_W000AEAPEA_W@Z 00000001800034c8 f   ConEmuPlugin1900.obj
 0001:00002578       ?IsMacroActive@CPluginW1900@@UEAA_NXZ 0000000180003578 f   ConEmuPlugin1900.obj
 0001:000025bc       ?LoadFarColors@CPluginW1900@@UEAAXAEAY0BAA@E@Z 00000001800035bc f   ConEmuPlugin1900.obj
 0001:00002750       ?LoadFarSettings@CPluginW1900@@UEAAXPEAUCEFarInterfaceSettings@@PEAUCEFarPanelSettings@@@Z 0000000180003750 f   ConEmuPlugin1900.obj
 0001:0000289c       ?Open@CPluginW1900@@UEAAPEAXPEBX@Z 000000018000389c f   ConEmuPlugin1900.obj
 0001:00002978       ?OpenEditor@CPluginW1900@@UEAA_NPEB_W_N11HH@Z 0000000180003978 f   ConEmuPlugin1900.obj
 0001:00002a8c       ?PanelControlApi@CPluginW1900@@UEAA_JPEAXH_J0@Z 0000000180003a8c f   ConEmuPlugin1900.obj
 0001:00002ac4       ?PostMacroApi@CPluginW1900@@UEAAXPEB_WPEAU_INPUT_RECORD@@_N@Z 0000000180003ac4 f   ConEmuPlugin1900.obj
 0001:00003070       ?ProcessEditorEventPtr@CPluginW2800@@UEAAHPEAX@Z 0000000180004070 f   ConEmuPlugin2800.obj
 0001:00003070       ?ProcessEditorEventPtr@CPluginW1900@@UEAAHPEAX@Z 0000000180004070 f   ConEmuPlugin1900.obj
 0001:0000307c       ?ProcessEditorInputPtr@CPluginW1900@@UEAAHPEBX@Z 000000018000407c f   ConEmuPlugin1900.obj
 0001:0000309c       ?ProcessSynchroEventPtr@CPluginW1900@@UEAAHPEAX@Z 000000018000409c f   ConEmuPlugin1900.obj
 0001:0000309c       ?ProcessSynchroEventPtr@CPluginW2800@@UEAAHPEAX@Z 000000018000409c f   ConEmuPlugin2800.obj
 0001:000030c0       ?ProcessViewerEventPtr@CPluginW2800@@UEAAHPEAX@Z 00000001800040c0 f   ConEmuPlugin2800.obj
 0001:000030c0       ?ProcessViewerEventPtr@CPluginW1900@@UEAAHPEAX@Z 00000001800040c0 f   ConEmuPlugin1900.obj
 0001:000030cc       ?RedrawAll@CPluginW1900@@UEAAXXZ 00000001800040cc f   ConEmuPlugin1900.obj
 0001:00003104       ?SetStartupInfoPtr@CPluginW1900@@UEAAXPEAX@Z 0000000180004104 f   ConEmuPlugin1900.obj
 0001:00003258       ?SetWindow@CPluginW1900@@UEAAXH@Z 0000000180004258 f   ConEmuPlugin1900.obj
 0001:000032b0       ?ShowMessage@CPluginW1900@@UEAAHPEB_WH_N@Z 00000001800042b0 f   ConEmuPlugin1900.obj
 0001:00003318       ?ShowPluginMenu@CPluginW1900@@UEAAHPEAUConEmuPluginMenuItem@@HH@Z 0000000180004318 f   ConEmuPlugin1900.obj
 0001:00003468       ?ShowUserScreen@CPluginW1900@@UEAAX_N@Z 0000000180004468 f   ConEmuPlugin1900.obj
 0001:00003494       ?StopWaitEndSynchro@CPluginW2800@@UEAAXXZ 0000000180004494 f   ConEmuPlugin2800.obj
 0001:00003494       ?WaitEndSynchro@CPluginW2800@@UEAAXXZ 0000000180004494 f   ConEmuPlugin2800.obj
 0001:00003494       ?ShutdownPluginStep@CPluginBase@@SAXPEB_WHHHH@Z 0000000180004494 f   ConEmuPluginBase.obj
 0001:00003494       ?_Doraise@exception@stdext@@MEBAXXZ 0000000180004494 f   common-kernel64:CEStr.obj
 0001:00003494       ?StopWaitEndSynchro@CPluginAnsi@@UEAAXXZ 0000000180004494 f   ConEmuPluginA.obj
 0001:00003494       ?StopWaitEndSynchro@CPluginW1900@@UEAAXXZ 0000000180004494 f   ConEmuPlugin1900.obj
 0001:00003494       ?WaitEndSynchro@CPluginW1900@@UEAAXXZ 0000000180004494 f   ConEmuPlugin1900.obj
 0001:00003494       _guard_check_icall_nop     0000000180004494 f   LIBCMT:guard_support.obj
 0001:00003494       ?PlugServerInit@@YAXXZ     0000000180004494 f   PluginSrv.obj
 0001:00003494       ?WaitEndSynchro@CPluginAnsi@@UEAAXXZ 0000000180004494 f   ConEmuPluginA.obj
 0001:00003498       ?UpdateConEmuTabsApi@CPluginW1900@@UEAA_NH@Z 0000000180004498 f   ConEmuPlugin1900.obj
 0001:0000395c       ??$_Emplace_reallocate@AEBUWindowInfo@@@?$vector@UWindowInfo@@V?$MArrayAllocator@UWindowInfo@@@@@std@@QEAAPEAUWindowInfo@@QEAU2@AEBU2@@Z 000000018000495c f i ConEmuPlugin2800.obj
 0001:00003b10       ??0CPluginW2800@@QEAA@XZ   0000000180004b10 f   ConEmuPlugin2800.obj
 0001:00003cb4       ??0bad_alloc@std@@QEAA@AEBV01@@Z 0000000180004cb4 f i ConEmuPlugin2800.obj
 0001:00003cf4       ??0bad_alloc@std@@QEAA@XZ  0000000180004cf4 f i ConEmuPlugin2800.obj
 0001:00003d14       ??0exception@std@@QEAA@AEBV01@@Z 0000000180004d14 f i ConEmuPlugin2800.obj
 0001:00003d4c       ??1?$MArray@UWindowInfo@@@@QEAA@XZ 0000000180004d4c f i ConEmuPlugin2800.obj
 0001:00003d80       ??1bad_alloc@std@@UEAA@XZ  0000000180004d80 f i ConEmuPlugin2800.obj
 0001:00003d80       ??1length_error@std@@UEAA@XZ 0000000180004d80 f i libcpmt:xthrow.obj
 0001:00003d80       ??1bad_exception@std@@UEAA@XZ 0000000180004d80 f i libvcruntime:frame.obj
 0001:00003d94       ??_ECPluginW2800@@UEAAPEAXI@Z 0000000180004d94 f i ConEmuPlugin2800.obj
 0001:00003d94       ??_GCPluginW2800@@UEAAPEAXI@Z 0000000180004d94 f i ConEmuPlugin2800.obj
 0001:00003dd4       ??_Glength_error@std@@UEAAPEAXI@Z 0000000180004dd4 f i libcpmt:xthrow.obj
 0001:00003dd4       ??_Ebad_alloc@std@@UEAAPEAXI@Z 0000000180004dd4 f i ConEmuPlugin2800.obj
 0001:00003dd4       ??_Glogic_error@std@@UEAAPEAXI@Z 0000000180004dd4 f i libcpmt:xthrow.obj
 0001:00003dd4       ??_Gbad_alloc@std@@UEAAPEAXI@Z 0000000180004dd4 f i ConEmuPlugin2800.obj
 0001:00003dd4       ??_Ebad_exception@std@@UEAAPEAXI@Z 0000000180004dd4 f i libvcruntime:frame.obj
 0001:00003dd4       ??_Elogic_error@std@@UEAAPEAXI@Z 0000000180004dd4 f i libcpmt:xthrow.obj
 0001:00003dd4       ??_Gexception@std@@UEAAPEAXI@Z 0000000180004dd4 f i ConEmuPlugin2800.obj
 0001:00003dd4       ??_Gbad_exception@std@@UEAAPEAXI@Z 0000000180004dd4 f i libvcruntime:frame.obj
 0001:00003dd4       ??_Elength_error@std@@UEAAPEAXI@Z 0000000180004dd4 f i libcpmt:xthrow.obj
 0001:00003dd4       ??_Eexception@std@@UEAAPEAXI@Z 0000000180004dd4 f i ConEmuPlugin2800.obj
 0001:0000435c       ?CheckPanelExist@CPluginW2800@@UEAA_NXZ 000000018000535c f   ConEmuPlugin2800.obj
 0001:00004398       ?ExecuteSynchroApi@CPluginW2800@@UEAA_NXZ 0000000180005398 f   ConEmuPlugin2800.obj
 0001:000043cc       ?ExitFar@CPluginW2800@@UEAAXXZ 00000001800053cc f   ConEmuPlugin2800.obj
 0001:00004460       ?GetActiveWindowType@CPluginW2800@@UEAAHXZ 0000000180005460 f   ConEmuPlugin2800.obj
 0001:00004518       ?GetEditorModifiedState@CPluginW2800@@UEAAKXZ 0000000180005518 f   ConEmuPlugin2800.obj
 0001:00004578       ?GetFarRect@CPluginW2800@@UEAA_NAEAU_SMALL_RECT@@@Z 0000000180005578 f   ConEmuPlugin2800.obj
 0001:0000462c       ?GetMacroArea@CPluginW2800@@UEAAHXZ 000000018000562c f   ConEmuPlugin2800.obj
 0001:0000464c       ?GetMsg@CPluginW2800@@UEAAPEB_WHPEA_W_K@Z 000000018000564c f   ConEmuPlugin2800.obj
 0001:000046bc       ?GetPanelDir@CPluginW2800@@UEAAPEA_WKPEA_WH@Z 00000001800056bc f   ConEmuPlugin2800.obj
 0001:00004818       ?GetPanelInfo@CPluginW2800@@UEAA_NKPEAUCEPanelInfo@@@Z 0000000180005818 f   ConEmuPlugin2800.obj
 0001:00004ab8       ?GetPanelItemInfo@CPluginW2800@@UEAA_NAEBUCEPanelInfo@@_N_JAEAU_WIN32_FIND_DATAW@@PEAPEA_W@Z 0000000180005ab8 f   ConEmuPlugin2800.obj
 0001:00004c80       ?GetPluginInfoPtr@CPluginW2800@@UEAAXPEAX@Z 0000000180005c80 f   ConEmuPlugin2800.obj
 0001:00004cdc       ?GetWindowCount@CPluginW2800@@UEAAHXZ 0000000180005cdc f   ConEmuPlugin2800.obj
 0001:00004d0c       ?GuiMacroDlg@CPluginW2800@@UEAAXXZ 0000000180005d0c f   ConEmuPlugin2800.obj
 0001:00004d14       ?InputBox@CPluginW2800@@UEAA_NPEB_W000AEAPEA_W@Z 0000000180005d14 f   ConEmuPlugin2800.obj
 0001:00004dc4       ?IsMacroActive@CPluginW2800@@UEAA_NXZ 0000000180005dc4 f   ConEmuPlugin2800.obj
 0001:00004e08       ?LoadFarColors@CPluginW2800@@UEAAXAEAY0BAA@E@Z 0000000180005e08 f   ConEmuPlugin2800.obj
 0001:00004f9c       ?LoadFarSettings@CPluginW2800@@UEAAXPEAUCEFarInterfaceSettings@@PEAUCEFarPanelSettings@@@Z 0000000180005f9c f   ConEmuPlugin2800.obj
 0001:000050e8       ?Open@CPluginW2800@@UEAAPEAXPEBX@Z 00000001800060e8 f   ConEmuPlugin2800.obj
 0001:00005238       ?OpenEditor@CPluginW2800@@UEAA_NPEB_W_N11HH@Z 0000000180006238 f   ConEmuPlugin2800.obj
 0001:0000535c       ?PanelControlApi@CPluginW2800@@UEAA_JPEAXH_J0@Z 000000018000635c f   ConEmuPlugin2800.obj
 0001:00005394       ?PostMacroApi@CPluginW2800@@UEAAXPEB_WPEAU_INPUT_RECORD@@_N@Z 0000000180006394 f   ConEmuPlugin2800.obj
 0001:00005710       ?ProcessEditorInputPtr@CPluginW2800@@UEAAHPEBX@Z 0000000180006710 f   ConEmuPlugin2800.obj
 0001:00005730       ?RedrawAll@CPluginW2800@@UEAAXXZ 0000000180006730 f   ConEmuPlugin2800.obj
 0001:00005768       ?SetStartupInfoPtr@CPluginW2800@@UEAAXPEAX@Z 0000000180006768 f   ConEmuPlugin2800.obj
 0001:000058bc       ?SetWindow@CPluginW2800@@UEAAXH@Z 00000001800068bc f   ConEmuPlugin2800.obj
 0001:000059fc       ?ShowMessage@CPluginW2800@@UEAAHPEB_WH_N@Z 00000001800069fc f   ConEmuPlugin2800.obj
 0001:00005a64       ?ShowPluginMenu@CPluginW2800@@UEAAHPEAUConEmuPluginMenuItem@@HH@Z 0000000180006a64 f   ConEmuPlugin2800.obj
 0001:00005bb8       ?ShowUserScreen@CPluginW2800@@UEAAX_N@Z 0000000180006bb8 f   ConEmuPlugin2800.obj
 0001:00005be4       ?UpdateConEmuTabsApi@CPluginW2800@@UEAA_NH@Z 0000000180006be4 f   ConEmuPlugin2800.obj
 0001:000064f8       ?_Getal@?$_Vector_alloc@U?$_Vec_base_types@UWindowInfo@@V?$MArrayAllocator@UWindowInfo@@@@@std@@@std@@QEAAAEAV?$MArrayAllocator@UWindowInfo@@@@XZ 00000001800074f8 f i ConEmuPlugin2800.obj
 0001:000064fc       ?_Xlength@?$vector@UWindowInfo@@V?$MArrayAllocator@UWindowInfo@@@@@std@@CAXXZ 00000001800074fc f i ConEmuPlugin2800.obj
 0001:000064fc       ?_Xlength@?$vector@UtagPROCESSENTRY32W@@V?$MArrayAllocator@UtagPROCESSENTRY32W@@@@@std@@CAXXZ 00000001800074fc f i common-kernel64:MProcess.obj
 0001:00006510       ?deallocate@?$MArrayAllocator@UWindowInfo@@@@QEAAXPEAUWindowInfo@@_K@Z 0000000180007510 f i ConEmuPlugin2800.obj
 0001:00006528       ?erase@?$MArray@UWindowInfo@@@@QEAAX_J0@Z 0000000180007528 f i ConEmuPlugin2800.obj
 0001:000065b8       ?insert@?$MArray@UWindowInfo@@@@QEAA_J_JAEBUWindowInfo@@0@Z 00000001800075b8 f i ConEmuPlugin2800.obj
 0001:00006654       ?insert@?$vector@UWindowInfo@@V?$MArrayAllocator@UWindowInfo@@@@@std@@QEAA?AV?$_Vector_iterator@V?$_Vector_val@U?$_Simple_types@UWindowInfo@@@std@@@std@@@2@V?$_Vector_const_iterator@V?$_Vector_val@U?$_Simple_types@UWindowInfo@@@std@@@std@@@2@_KAEBUWindowInfo@@@Z 0000000180007654 f i ConEmuPlugin2800.obj
 0001:00006a58       ?push_back@?$MArray@UWindowInfo@@@@QEAA_JAEBUWindowInfo@@@Z 0000000180007a58 f i ConEmuPlugin2800.obj
 0001:00006adc       ?what@exception@std@@UEBAPEBDXZ 0000000180007adc f i ConEmuPlugin2800.obj
 0001:00006af0       GetGlobalInfoW             0000000180007af0 f   ConEmuPlugin2800.obj
 0001:00006b88       ??0CPluginW995@@QEAA@XZ    0000000180007b88 f   ConEmuPlugin995.obj
 0001:00006d28       ??_GCPluginW995@@UEAAPEAXI@Z 0000000180007d28 f i ConEmuPlugin995.obj
 0001:00006d28       ??_ECPluginW995@@UEAAPEAXI@Z 0000000180007d28 f i ConEmuPlugin995.obj
 0001:000071e0       ?CheckPanelExist@CPluginW995@@UEAA_NXZ 00000001800081e0 f   ConEmuPlugin995.obj
 0001:00007218       ?ExecuteSynchroApi@CPluginW995@@UEAA_NXZ 0000000180008218 f   ConEmuPlugin995.obj
 0001:00007248       ?ExitFar@CPluginW995@@UEAAXXZ 0000000180008248 f   ConEmuPlugin995.obj
 0001:000072d0       ?GetActiveWindowType@CPluginW995@@UEAAHXZ 00000001800082d0 f   ConEmuPlugin995.obj
 0001:000073b0       ?GetEditorModifiedState@CPluginW995@@UEAAKXZ 00000001800083b0 f   ConEmuPlugin995.obj
 0001:00007408       ?GetFarRect@CPluginW995@@UEAA_NAEAU_SMALL_RECT@@@Z 0000000180008408 f   ConEmuPlugin995.obj
 0001:00007460       ?GetMacroArea@CPluginW995@@UEAAHXZ 0000000180008460 f   ConEmuPlugin995.obj
 0001:000074b8       ?GetMsg@CPluginW995@@UEAAPEB_WHPEA_W_K@Z 00000001800084b8 f   ConEmuPlugin995.obj
 0001:00007524       ?GetPanelDir@CPluginW995@@UEAAPEA_WKPEA_WH@Z 0000000180008524 f   ConEmuPlugin995.obj
 0001:0000764c       ?GetPanelInfo@CPluginW995@@UEAA_NKPEAUCEPanelInfo@@@Z 000000018000864c f   ConEmuPlugin995.obj
 0001:0000788c       ?GetPanelItemInfo@CPluginW995@@UEAA_NAEBUCEPanelInfo@@_N_JAEAU_WIN32_FIND_DATAW@@PEAPEA_W@Z 000000018000888c f   ConEmuPlugin995.obj
 0001:00007a24       ?GetPluginInfoPtr@CPluginW995@@UEAAXPEAX@Z 0000000180008a24 f   ConEmuPlugin995.obj
 0001:00007a90       ?GetWindowCount@CPluginW995@@UEAAHXZ 0000000180008a90 f   ConEmuPlugin995.obj
 0001:00007abc       ?GuiMacroDlg@CPluginW995@@UEAAXXZ 0000000180008abc f   ConEmuPlugin995.obj
 0001:00007ac4       ?InputBox@CPluginW995@@UEAA_NPEB_W000AEAPEA_W@Z 0000000180008ac4 f   ConEmuPlugin995.obj
 0001:00007b74       ?IsMacroActive@CPluginW995@@UEAA_NXZ 0000000180008b74 f   ConEmuPlugin995.obj
 0001:00007be4       ?LoadFarColors@CPluginW995@@UEAAXAEAY0BAA@E@Z 0000000180008be4 f   ConEmuPlugin995.obj
 0001:00007ca0       ?LoadFarSettings@CPluginW995@@UEAAXPEAUCEFarInterfaceSettings@@PEAUCEFarPanelSettings@@@Z 0000000180008ca0 f   ConEmuPlugin995.obj
 0001:00007cfc       ?Open@CPluginW995@@UEAAPEAXPEBX@Z 0000000180008cfc f i ConEmuPlugin995.obj
 0001:00007cfc       ?Open@CPluginAnsi@@UEAAPEAXPEBX@Z 0000000180008cfc f i ConEmuPluginA.obj
 0001:00007d04       ?OpenEditor@CPluginW995@@UEAA_NPEB_W_N11HH@Z 0000000180008d04 f   ConEmuPlugin995.obj
 0001:00007e0c       ?PanelControlApi@CPluginW995@@UEAA_JPEAXH_J0@Z 0000000180008e0c f   ConEmuPlugin995.obj
 0001:00007e50       ?PostMacroApi@CPluginW995@@UEAAXPEB_WPEAU_INPUT_RECORD@@_N@Z 0000000180008e50 f   ConEmuPlugin995.obj
 0001:00007ef4       ?ProcessEditorInputPtr@CPluginAnsi@@UEAAHPEBX@Z 0000000180008ef4 f i ConEmuPluginA.obj
 0001:00007ef4       ?ProcessViewerEventPtr@CPluginW995@@UEAAHPEAX@Z 0000000180008ef4 f i ConEmuPlugin995.obj
 0001:00007ef4       ?ProcessEditorEventPtr@CPluginW995@@UEAAHPEAX@Z 0000000180008ef4 f i ConEmuPlugin995.obj
 0001:00007ef4       ?ProcessSynchroEventPtr@CPluginAnsi@@UEAAHPEAX@Z 0000000180008ef4 f i ConEmuPluginA.obj
 0001:00007ef4       ?ProcessViewerEventPtr@CPluginAnsi@@UEAAHPEAX@Z 0000000180008ef4 f i ConEmuPluginA.obj
 0001:00007ef4       ?ProcessEditorEventPtr@CPluginAnsi@@UEAAHPEAX@Z 0000000180008ef4 f i ConEmuPluginA.obj
 0001:00007ef4       ?ProcessSynchroEventPtr@CPluginW995@@UEAAHPEAX@Z 0000000180008ef4 f i ConEmuPlugin995.obj
 0001:00007ef8       ?ProcessEditorInputPtr@CPluginW995@@UEAAHPEBX@Z 0000000180008ef8 f   ConEmuPlugin995.obj
 0001:00007f14       ?RedrawAll@CPluginW995@@UEAAXXZ 0000000180008f14 f   ConEmuPlugin995.obj
 0001:00007f44       ?SetStartupInfoPtr@CPluginW995@@UEAAXPEAX@Z 0000000180008f44 f   ConEmuPlugin995.obj
 0001:00008084       ?SetWindow@CPluginW995@@UEAAXH@Z 0000000180009084 f   ConEmuPlugin995.obj
 0001:000080d0       ?ShowMessage@CPluginW995@@UEAAHPEB_WH_N@Z 00000001800090d0 f   ConEmuPlugin995.obj
 0001:00008130       ?ShowPluginMenu@CPluginW995@@UEAAHPEAUConEmuPluginMenuItem@@HH@Z 0000000180009130 f   ConEmuPlugin995.obj
 0001:0000826c       ?ShowUserScreen@CPluginW995@@UEAAX_N@Z 000000018000926c f   ConEmuPlugin995.obj
 0001:00008298       ?StopWaitEndSynchro@CPluginW995@@UEAAXXZ 0000000180009298 f   ConEmuPlugin995.obj
 0001:000082c8       ?UpdateConEmuTabsApi@CPluginW995@@UEAA_NH@Z 00000001800092c8 f   ConEmuPlugin995.obj
 0001:00008544       ?WaitEndSynchro@CPluginW995@@UEAAXXZ 0000000180009544 f   ConEmuPlugin995.obj
 0001:000086d8       ??0CPluginAnsi@@QEAA@XZ    00000001800096d8 f   ConEmuPluginA.obj
 0001:00008844       ??_GCPluginAnsi@@UEAAPEAXI@Z 0000000180009844 f i ConEmuPluginA.obj
 0001:00008844       ??_ECPluginAnsi@@UEAAPEAXI@Z 0000000180009844 f i ConEmuPluginA.obj
 0001:00008dfc       ?CheckPanelExist@CPluginAnsi@@UEAA_NXZ 0000000180009dfc f   ConEmuPluginA.obj
 0001:00008e34       ?ExecuteSynchroApi@CPluginAnsi@@UEAA_NXZ 0000000180009e34 f i ConEmuPluginA.obj
 0001:00008e34       ?GetFarRect@CPluginAnsi@@UEAA_NAEAU_SMALL_RECT@@@Z 0000000180009e34 f i ConEmuPluginA.obj
 0001:00008e38       ?ExitFar@CPluginAnsi@@UEAAXXZ 0000000180009e38 f   ConEmuPluginA.obj
 0001:00008e7c       ?GetActiveWindowType@CPluginAnsi@@UEAAHXZ 0000000180009e7c f   ConEmuPluginA.obj
 0001:00008f00       ?GetEditorModifiedState@CPluginAnsi@@UEAAKXZ 0000000180009f00 f   ConEmuPluginA.obj
 0001:00008f58       _get_startup_argv_mode     0000000180009f58 f   LIBCMT:argv_mode.obj
 0001:00008f58       ?GetMacroArea@CPluginAnsi@@UEAAHXZ 0000000180009f58 f   ConEmuPluginA.obj
 0001:00008f60       ?GetMsg@CPluginAnsi@@UEAAPEB_WHPEA_W_K@Z 0000000180009f60 f   ConEmuPluginA.obj
 0001:00009008       ?GetPanelDir@CPluginAnsi@@UEAAPEA_WKPEA_WH@Z 000000018000a008 f   ConEmuPluginA.obj
 0001:00009100       ?GetPanelInfo@CPluginAnsi@@UEAA_NKPEAUCEPanelInfo@@@Z 000000018000a100 f   ConEmuPluginA.obj
 0001:00009354       ?GetPanelItemInfo@CPluginAnsi@@UEAA_NAEBUCEPanelInfo@@_N_JAEAU_WIN32_FIND_DATAW@@PEAPEA_W@Z 000000018000a354 f   ConEmuPluginA.obj
 0001:0000947c       ?GetPluginInfoPtr@CPluginAnsi@@UEAAXPEAX@Z 000000018000a47c f   ConEmuPluginA.obj
 0001:00009508       ?GetWindowCount@CPluginAnsi@@UEAAHXZ 000000018000a508 f   ConEmuPluginA.obj
 0001:00009534       ?GuiMacroDlg@CPluginAnsi@@UEAAXXZ 000000018000a534 f   ConEmuPluginA.obj
 0001:0000953c       ?InputBox@CPluginAnsi@@UEAA_NPEB_W000AEAPEA_W@Z 000000018000a53c f   ConEmuPluginA.obj
 0001:0000969c       ?IsMacroActive@CPluginAnsi@@UEAA_NXZ 000000018000a69c f   ConEmuPluginA.obj
 0001:00009710       ?LoadFarColors@CPluginAnsi@@UEAAXAEAY0BAA@E@Z 000000018000a710 f   ConEmuPluginA.obj
 0001:000097d0       ?LoadFarSettings@CPluginAnsi@@UEAAXPEAUCEFarInterfaceSettings@@PEAUCEFarPanelSettings@@@Z 000000018000a7d0 f   ConEmuPluginA.obj
 0001:00009830       ?OpenEditor@CPluginAnsi@@UEAA_NPEB_W_N11HH@Z 000000018000a830 f   ConEmuPluginA.obj
 0001:0000996c       ?PanelControlApi@CPluginAnsi@@UEAA_JPEAXH_J0@Z 000000018000a96c f   ConEmuPluginA.obj
 0001:000099a8       ?PostMacroApi@CPluginAnsi@@UEAAXPEB_WPEAU_INPUT_RECORD@@_N@Z 000000018000a9a8 f   ConEmuPluginA.obj
 0001:00009a6c       ?RedrawAll@CPluginAnsi@@UEAAXXZ 000000018000aa6c f   ConEmuPluginA.obj
 0001:00009aa0       ?SetStartupInfoPtr@CPluginAnsi@@UEAAXPEAX@Z 000000018000aaa0 f   ConEmuPluginA.obj
 0001:00009be4       ?SetWindow@CPluginAnsi@@UEAAXH@Z 000000018000abe4 f   ConEmuPluginA.obj
 0001:00009c38       ?ShowMessage@CPluginAnsi@@UEAAHPEB_WH_N@Z 000000018000ac38 f   ConEmuPluginA.obj
 0001:00009d18       ?ShowPluginMenu@CPluginAnsi@@UEAAHPEAUConEmuPluginMenuItem@@HH@Z 000000018000ad18 f   ConEmuPluginA.obj
 0001:00009eb4       ?ShowUserScreen@CPluginAnsi@@UEAAX_N@Z 000000018000aeb4 f   ConEmuPluginA.obj
 0001:00009ee0       ?UpdateConEmuTabsApi@CPluginAnsi@@UEAA_NH@Z 000000018000aee0 f   ConEmuPluginA.obj
 0001:0000a19c       ??$swprintf_c@$0BAE@@@YAHAEAY0BAE@_WPEB_WZZ 000000018000b19c f i ConEmuPluginBase.obj
 0001:0000a1c8       ??$swprintf_c@$0DAM@@@YAHAEAY0DAM@_WPEB_WZZ 000000018000b1c8 f i ConEmuPluginBase.obj
 0001:0000a1f4       ??$swprintf_c@$0EAA@@@YAHAEAY0EAA@_WPEB_WZZ 000000018000b1f4 f i ConEmuPluginBase.obj
 0001:0000a220       ??$swprintf_c@$0MI@@@YAHAEAY0MI@_WPEB_WZZ 000000018000b220 f i ConEmuPluginBase.obj
 0001:0000a24c       ??0CPluginBase@@QEAA@XZ    000000018000b24c f   ConEmuPluginBase.obj
 0001:0000a374       ??0MWow64Disable@@QEAA@XZ  000000018000b374 f i ConEmuPluginBase.obj
 0001:0000a3e8       ??1?$MFileMapping@UConEmuGuiMapping@@@@QEAA@XZ 000000018000b3e8 f i common-user64:ConEmuCheckEx.obj
 0001:0000a3e8       ??1?$MFileMapping@UPanelViewSetMapping@@@@QEAA@XZ 000000018000b3e8 f i PluginBackground.obj
 0001:0000a3e8       ??1?$MFileMapping@UCESERVER_CONSOLE_MAPPING_HDR@@@@QEAA@XZ 000000018000b3e8 f i ConEmuPluginBase.obj
 0001:0000a43c       ??1CPluginBase@@UEAA@XZ    000000018000b43c f   ConEmuPluginBase.obj
 0001:0000a448       ??1MWow64Disable@@QEAA@XZ  000000018000b448 f i ConEmuPluginBase.obj
 0001:0000a474       ??_G?$MFileMapping@UCESERVER_CONSOLE_MAPPING_HDR@@@@QEAAPEAXI@Z 000000018000b474 f i ConEmuPluginBase.obj
 0001:0000a4e8       ??_ECPluginBase@@UEAAPEAXI@Z 000000018000b4e8 f i ConEmuPluginBase.obj
 0001:0000a4e8       ??_GCPluginBase@@UEAAPEAXI@Z 000000018000b4e8 f i ConEmuPluginBase.obj
 0001:0000a514       ?ActivatePlugin@CPluginBase@@QEAA_NKPEAXK@Z 000000018000b514 f   ConEmuPluginBase.obj
 0001:0000a6e0       ?AddTab@CPluginBase@@QEAA_NAEAHH_N1HPEB_W2HHHH@Z 000000018000b6e0 f   ConEmuPluginBase.obj
 0001:0000aa58       ?AddTabFinish@CPluginBase@@QEAAXH@Z 000000018000ba58 f   ConEmuPluginBase.obj
 0001:0000aa64       ?Attach2Gui@CPluginBase@@QEAA_N_N@Z 000000018000ba64 f   ConEmuPluginBase.obj
 0001:0000ae94       ?BackgroundMacroError@CPluginBase@@SAKPEAX@Z 000000018000be94 f   ConEmuPluginBase.obj
 0001:0000aebc       ?CheckBufferEnabled@CPluginBase@@QEAA_NXZ 000000018000bebc f   ConEmuPluginBase.obj
 0001:0000af20       ?CheckConEmuDetached@CPluginBase@@SAXXZ 000000018000bf20 f   ConEmuPluginBase.obj
 0001:0000b05c       ?CheckResources@CPluginBase@@QEAAX_N@Z 000000018000c05c f   ConEmuPluginBase.obj
 0001:0000b23c       ?CloseMapHeader@CPluginBase@@SAXXZ 000000018000c23c f   ConEmuPluginBase.obj
 0001:0000b298       ?CloseTabs@CPluginBase@@SAXXZ 000000018000c298 f   ConEmuPluginBase.obj
 0001:0000b338       ?CommonPluginStartup@CPluginBase@@QEAAXXZ 000000018000c338 f   ConEmuPluginBase.obj
 0001:0000b444       ?CreateTabs@CPluginBase@@SA_NH@Z 000000018000c444 f   ConEmuPluginBase.obj
 0001:0000b50c       ?DllCheckUnique@CPluginBase@@KA_N_N@Z 000000018000c50c f   ConEmuPluginBase.obj
 0001:0000b750       ?DllMain_ProcessAttach@CPluginBase@@KAXPEAUHINSTANCE__@@@Z 000000018000c750 f   ConEmuPluginBase.obj
 0001:0000b844       ?DllMain_ProcessDetach@CPluginBase@@KAXXZ 000000018000c844 f   ConEmuPluginBase.obj
 0001:0000b92c       ?EditViewConsoleOutput@CPluginBase@@QEAAX_N@Z 000000018000c92c f   ConEmuPluginBase.obj
 0001:0000ba04       ?EmergencyShow@CPluginBase@@KAXXZ 000000018000ca04 f   ConEmuPluginBase.obj
 0001:0000ba60       ?ExecuteSynchro@CPluginBase@@QEAAXXZ 000000018000ca60 f   ConEmuPluginBase.obj
 0001:0000bae4       ?ExitFarCommon@CPluginBase@@QEAAX_N@Z 000000018000cae4 f   ConEmuPluginBase.obj
 0001:0000bb10       ?FarSetConsoleSize@CPluginBase@@SA_NFF@Z 000000018000cb10 f   ConEmuPluginBase.obj
 0001:0000bc1c       ?FillLoadedParm@CPluginBase@@SAXPEAUConEmuLoadedArg@@PEAUHINSTANCE__@@H@Z 000000018000cc1c f   ConEmuPluginBase.obj
 0001:0000bcf4       ?FillUpdateBackground@CPluginBase@@QEAAXPEAUPaintBackgroundArg@@@Z 000000018000ccf4 f   ConEmuPluginBase.obj
 0001:0000be70       ?FindServerCmd@CPluginBase@@QEAA_NKAEAK_N@Z 000000018000ce70 f   ConEmuPluginBase.obj
 0001:0000bf6c       ?GetMainThreadId@CPluginBase@@SAKXZ 000000018000cf6c f   ConEmuPluginBase.obj
 0001:0000c020       ?GetPanelInfo@CPluginBase@@QEAA_NKPEAUBkPanelInfo@@@Z 000000018000d020 f   ConEmuPluginBase.obj
 0001:0000c0c4       ?InitHWND@CPluginBase@@SAXXZ 000000018000d0c4 f   ConEmuPluginBase.obj
 0001:0000c364       ?InitName@?$MFileMapping@UConEmuGuiMapping@@@@QEAAPEB_WPEB_WKK@Z 000000018000d364 f i common-kernel64:ConEmuCheck.obj
 0001:0000c364       ?InitName@?$MFileMapping@UPanelViewSetMapping@@@@QEAAPEB_WPEB_WKK@Z 000000018000d364 f i PluginBackground.obj
 0001:0000c364       ?InitName@?$MFileMapping@UCESERVER_CONSOLE_MAPPING_HDR@@@@QEAAPEB_WPEB_WKK@Z 000000018000d364 f i ConEmuPluginBase.obj
 0001:0000c3fc       ?InitResources@CPluginBase@@QEAAXXZ 000000018000d3fc f   ConEmuPluginBase.obj
 0001:0000c620       ?InitRootRegKey@CPluginBase@@IEAAXXZ 000000018000d620 f   ConEmuPluginBase.obj
 0001:0000c71c       ?InternalOpenCreate@?$MFileMapping@UCESERVER_CONSOLE_MAPPING_HDR@@@@IEAAPEAUCESERVER_CONSOLE_MAPPING_HDR@@HHH@Z 000000018000d71c f i ConEmuPluginBase.obj
 0001:0000c8c4       ?IsCurrentTabModal@CPluginBase@@QEAA_NXZ 000000018000d8c4 f   ConEmuPluginBase.obj
 0001:0000ca80       ?LoadFarVersion@CPluginBase@@SA_NXZ 000000018000da80 f   ConEmuPluginBase.obj
 0001:0000cd20       ?LoadPanelTabsFromRegistry@CPluginBase@@IEAAXXZ 000000018000dd20 f   ConEmuPluginBase.obj
 0001:0000ce4c       ?MonitorThreadProcW@CPluginBase@@SAKPEAX@Z 000000018000de4c f   ConEmuPluginBase.obj
 0001:0000d260       ?NotifyConEmuUnloaded@CPluginBase@@SAXXZ 000000018000e260 f   ConEmuPluginBase.obj
 0001:0000d384       ?OnConsoleDetaching@CPluginBase@@SAHPEAUHookCallbackArg@@@Z 000000018000e384 f   ConEmuPluginBase.obj
 0001:0000d4b0       ?OnConsolePeekInput@CPluginBase@@SAHPEAUHookCallbackArg@@@Z 000000018000e4b0 f   ConEmuPluginBase.obj
 0001:0000d518       ?OnConsolePeekInputPost@CPluginBase@@SAHPEAUHookCallbackArg@@@Z 000000018000e518 f   ConEmuPluginBase.obj
 0001:0000d548       ?OnConsolePeekReadInput@CPluginBase@@SAX_N@Z 000000018000e548 f   ConEmuPluginBase.obj
 0001:0000d740       ?OnConsoleReadInput@CPluginBase@@SAHPEAUHookCallbackArg@@@Z 000000018000e740 f   ConEmuPluginBase.obj
 0001:0000d748       ?OnConsoleReadInputPost@CPluginBase@@SAHPEAUHookCallbackArg@@@Z 000000018000e748 f   ConEmuPluginBase.obj
 0001:0000d8f8       ?OnConsoleReadInputWork@CPluginBase@@SAHPEAUHookCallbackArg@@@Z 000000018000e8f8 f   ConEmuPluginBase.obj
 0001:0000d96c       ?OnConsoleWasAttached@CPluginBase@@SAHPEAUHookCallbackArg@@@Z 000000018000e96c f   ConEmuPluginBase.obj
 0001:0000d9d4       ?OnCurDirChanged@CPluginBase@@SAXXZ 000000018000e9d4 f   ConEmuPluginBase.obj
 0001:0000da38       ?OnGetNumberOfConsoleInputEventsPost@CPluginBase@@SAHPEAUHookCallbackArg@@@Z 000000018000ea38 f   ConEmuPluginBase.obj
 0001:0000da6c       ?OnLibraryLoaded@CPluginBase@@SAXPEAUHINSTANCE__@@@Z 000000018000ea6c f   ConEmuPluginBase.obj
 0001:0000db0c       ?OnMainThreadActivated@CPluginBase@@QEAAXXZ 000000018000eb0c f   ConEmuPluginBase.obj
 0001:0000dcb0       ?OnPanelViewCallbacks@CPluginBase@@SA_NPEAUHookCallbackArg@@P6AHPEAXPEAU_INPUT_RECORD@@KPEAKPEAH@Z5@Z 000000018000ecb0 f   ConEmuPluginBase.obj
 0001:0000dd88       ?OnPostWriteConsoleOutput@CPluginBase@@SAHPEAUHookCallbackArg@@@Z 000000018000ed88 f   ConEmuPluginBase.obj
 0001:0000dd94       ?OnShellExecuteExW_Except@CPluginBase@@SAHPEAUHookCallbackArg@@@Z 000000018000ed94 f   ConEmuPluginBase.obj
 0001:0000ddd4       ?OnWriteConsoleOutput@CPluginBase@@SAHPEAUHookCallbackArg@@@Z 000000018000edd4 f   ConEmuPluginBase.obj
 0001:0000dea8       ?OpenMapHeader@CPluginBase@@SAHXZ 000000018000eea8 f   ConEmuPluginBase.obj
 0001:0000dfa8       ?OpenPluginCommon@CPluginBase@@QEAAPEAXH_J_N@Z 000000018000efa8 f   ConEmuPluginBase.obj
 0001:0000e2a4       ?OutDataAlloc@CPluginBase@@SA_NK@Z 000000018000f2a4 f   ConEmuPluginBase.obj
 0001:0000e304       ?OutDataRealloc@CPluginBase@@SA_NK@Z 000000018000f304 f   ConEmuPluginBase.obj
 0001:0000e3cc       ?OutDataWrite@CPluginBase@@SA_NPEAXK@Z 000000018000f3cc f   ConEmuPluginBase.obj
 0001:0000e470       ?PanelControl@CPluginBase@@QEAA_JPEAXH_J0@Z 000000018000f470 f   ConEmuPluginBase.obj
 0001:0000e508       ?Plugin@@YAPEAVCPluginBase@@XZ 000000018000f508 f   ConEmuPluginBase.obj
 0001:0000e5dc       ?PrintText@CPluginBase@@QEAA_NPEB_W@Z 000000018000f5dc f   ConEmuPluginBase.obj
 0001:0000e708       ?ProcessCommand@CPluginBase@@QEAA_NKHPEAXPEAPEAUCESERVER_REQ@@_N@Z 000000018000f708 f   ConEmuPluginBase.obj
 0001:0000eb90       ?ProcessCommandLine@CPluginBase@@QEAA_NPEA_W@Z 000000018000fb90 f   ConEmuPluginBase.obj
 0001:0000ebdc       ?ProcessDragFrom@CPluginBase@@QEAAXXZ 000000018000fbdc f   ConEmuPluginBase.obj
 0001:0000f064       ?ProcessDragTo@CPluginBase@@QEAAXXZ 0000000180010064 f   ConEmuPluginBase.obj
 0001:0000f374       ?ProcessEditorInputInternal@CPluginBase@@QEAAXAEBU_INPUT_RECORD@@@Z 0000000180010374 f   ConEmuPluginBase.obj
 0001:0000f3a0       ?ProcessEditorViewerEvent@CPluginBase@@QEAAHHH@Z 00000001800103a0 f   ConEmuPluginBase.obj
 0001:0000f454       ?ProcessSetWindowCommand@CPluginBase@@QEAAXXZ 0000000180010454 f   ConEmuPluginBase.obj
 0001:0000f578       ?ProcessSynchroEvent@CPluginBase@@QEAAHHPEAX@Z 0000000180010578 f   ConEmuPluginBase.obj
 0001:0000f5fc       ?ReloadFarInfo@CPluginBase@@QEAA_N_N@Z 00000001800105fc f   ConEmuPluginBase.obj
 0001:0000f87c       ?ReloadFarInfoApi@CPluginBase@@IEAA_NXZ 000000018001087c f   ConEmuPluginBase.obj
 0001:0000fa50       ?RunExternalProgram@CPluginBase@@QEAA_NPEA_W@Z 0000000180010a50 f   ConEmuPluginBase.obj
 0001:0000fbd4       ?RunExternalProgramW@CPluginBase@@SA_NPEA_W0_N@Z 0000000180010bd4 f   ConEmuPluginBase.obj
 0001:0000fe58       ?SendTabs@CPluginBase@@SAXH_N@Z 0000000180010e58 f   ConEmuPluginBase.obj
 0001:00010020       ?SetRootRegKey@CPluginBase@@IEAAXPEA_W@Z 0000000180011020 f   ConEmuPluginBase.obj
 0001:000100c0       ?ShowConsoleInfo@CPluginBase@@QEAAXXZ 00000001800110c0 f   ConEmuPluginBase.obj
 0001:000102c4       ?ShowMessage@CPluginBase@@QEAAHHH@Z 00000001800112c4 f   ConEmuPluginBase.obj
 0001:00010340       ?ShowMessageBox@CPluginBase@@KAHPEB_WI@Z 0000000180011340 f   ConEmuPluginBase.obj
 0001:00010424       ?ShowMessageGui@CPluginBase@@QEAAHHH@Z 0000000180011424 f   ConEmuPluginBase.obj
 0001:000104ac       ?ShowPanelsList@CPluginBase@@QEAAXXZ 00000001800114ac f   ConEmuPluginBase.obj
 0001:000105f8       ?ShowPluginMenu@CPluginBase@@QEAAXW4PluginCallCommands@@@Z 00000001800115f8 f   ConEmuPluginBase.obj
 0001:000107f0       ?ShowProtocolWarning@CPluginBase@@KAXXZ 00000001800117f0 f   ConEmuPluginBase.obj
 0001:00010974       ?ShowTabsList@CPluginBase@@QEAAXXZ 0000000180011974 f   ConEmuPluginBase.obj
 0001:00010c0c       ?StartDebugger@CPluginBase@@QEAA_NXZ 0000000180011c0c f   ConEmuPluginBase.obj
 0001:00010ec4       ?StopThread@CPluginBase@@QEAAX_N@Z 0000000180011ec4 f   ConEmuPluginBase.obj
 0001:00011148       ?StorePanelDirs@CPluginBase@@QEAA_NPEB_W0@Z 0000000180012148 f   ConEmuPluginBase.obj
 0001:000112bc       ?StringCchCatW@@YAJPEA_W_KPEB_W@Z 00000001800122bc f i ConEmuPluginBase.obj
 0001:0001138c       ?SwitchTabCommand@CPluginBase@@QEAAXW4PluginMenuCommands@@@Z 000000018001238c f   ConEmuPluginBase.obj
 0001:00011410       ?ToOem@CPluginBase@@SAPEADPEB_W@Z 0000000180012410 f   ConEmuPluginBase.obj
 0001:0001146c       ?ToOem@CPluginBase@@SAXPEB_WPEAD_J@Z 000000018001246c f   ConEmuPluginBase.obj
 0001:000114ac       ?ToUnicode@CPluginBase@@SAPEA_WPEBD@Z 00000001800124ac f   ConEmuPluginBase.obj
 0001:0001152c       ?TouchReadPeekConsoleInputs@CPluginBase@@SAXH@Z 000000018001252c f   ConEmuPluginBase.obj
 0001:00011578       ?UngetDummyMouseEvent@CPluginBase@@SA_N_NPEAUHookCallbackArg@@@Z 0000000180012578 f   ConEmuPluginBase.obj
 0001:00011724       ?UpdateConEmuTabs@CPluginBase@@QEAA_N_N@Z 0000000180012724 f   ConEmuPluginBase.obj
 0001:000119b0       ?UpdatePanelDirs@CPluginBase@@QEAAXXZ 00000001800129b0 f   ConEmuPluginBase.obj
 0001:00011b74       ?WaitPluginActivation@CPluginBase@@SAKKPEAPEAXHK@Z 0000000180012b74 f   ConEmuPluginBase.obj
 0001:00011c84       ?cmd_CloseQSearch@CPluginBase@@QEAAXXZ 0000000180012c84 f   ConEmuPluginBase.obj
 0001:00011cc0       ?cmd_ConSetFont@CPluginBase@@QEAAXPEAX@Z 0000000180012cc0 f   ConEmuPluginBase.obj
 0001:00011d14       ?cmd_EMenu@CPluginBase@@QEAAXPEAX@Z 0000000180012d14 f   ConEmuPluginBase.obj
 0001:00011e34       ?cmd_ExternalCallback@CPluginBase@@QEAA_NPEAX@Z 0000000180012e34 f   ConEmuPluginBase.obj
 0001:00011e98       ?cmd_GuiChanged@CPluginBase@@QEAAXPEAX@Z 0000000180012e98 f   ConEmuPluginBase.obj
 0001:00011f24       ?cmd_LeftClickSync@CPluginBase@@QEAAXPEAX@Z 0000000180012f24 f   ConEmuPluginBase.obj
 0001:00012018       ?cmd_OpenEditorLine@CPluginBase@@QEAA_NPEAUCESERVER_REQ_FAREDITOR@@@Z 0000000180013018 f   ConEmuPluginBase.obj
 0001:000120ec       ?cmd_RedrawFarCall@CPluginBase@@QEAA_NAEAPEAUCESERVER_REQ@@PEAPEAU2@@Z 00000001800130ec f   ConEmuPluginBase.obj
 0001:000121c0       ?cmd_SetWindow@CPluginBase@@QEAA_NPEAX_N@Z 00000001800131c0 f   ConEmuPluginBase.obj
 0001:0001224c       ?isMacroActive@CPluginBase@@QEAA_NAEAH@Z 000000018001324c f   ConEmuPluginBase.obj
 0001:00012288       ?isModalEditorViewer@CPluginBase@@QEAA_NXZ 0000000180013288 f   ConEmuPluginBase.obj
 0001:000122b4       ?pcc_Disabled@CPluginBase@@SA_NW4PluginMenuCommands@@@Z 00000001800132b4 f   ConEmuPluginBase.obj
 0001:00012328       ?pcc_Selected@CPluginBase@@SA_NW4PluginMenuCommands@@@Z 0000000180013328 f   ConEmuPluginBase.obj
 0001:00012384       ??0CPluginBackground@@QEAA@XZ 0000000180013384 f   PluginBackground.obj
 0001:00012544       ??1CPluginBackground@@QEAA@XZ 0000000180013544 f   PluginBackground.obj
 0001:000126c4       ?CheckPanelFolders@CPluginBackground@@IEAAXH@Z 00000001800136c4 f   PluginBackground.obj
 0001:00012794       ?InternalOpenCreate@?$MFileMapping@UPanelViewSetMapping@@@@IEAAPEAUPanelViewSetMapping@@HHH@Z 0000000180013794 f i PluginBackground.obj
 0001:0001293c       ?IsParmChanged@CPluginBackground@@IEAA_NPEAUPaintBackgroundArg@@0@Z 000000018001393c f   PluginBackground.obj
 0001:00012bb4       ?LoadThSet@CPluginBackground@@IEAAHH@Z 0000000180013bb4 f   PluginBackground.obj
 0001:00012e6c       ?MonitorBackground@CPluginBackground@@QEAAXXZ 0000000180013e6c f   PluginBackground.obj
 0001:00012ed4       ?OnMainThreadActivated@CPluginBackground@@QEAAXHH@Z 0000000180013ed4 f   PluginBackground.obj
 0001:00012f98       ?ReallocItems@CPluginBackground@@IEAAXH@Z 0000000180013f98 f   PluginBackground.obj
 0001:00013000       ?RegisterSubplugin@CPluginBackground@@QEAAHPEAURegisterBackgroundArg@@@Z 0000000180014000 f   PluginBackground.obj
 0001:000132a0       ?SetDcPanelRect@CPluginBackground@@IEAAXPEAUtagRECT@@PEAUBkPanelInfo@@PEAUPaintBackgroundArg@@@Z 00000001800142a0 f   PluginBackground.obj
 0001:00013374       ?SetForceThLoad@CPluginBackground@@QEAAXXZ 0000000180014374 f   PluginBackground.obj
 0001:0001338c       ?SetForceUpdate@CPluginBackground@@QEAAX_N@Z 000000018001438c f   PluginBackground.obj
 0001:000133ac       ?UpdateBackground@CPluginBackground@@IEAAXXZ 00000001800143ac f   PluginBackground.obj
 0001:00013c50       ?UpdateBackground_Exec@CPluginBackground@@KAXPEAURegisterBackgroundArg@@PEAUPaintBackgroundArg@@@Z 0000000180014c50 f   PluginBackground.obj
 0001:00013c94       ??$swprintf_c@$09@@YAHAEAY09_WPEB_WZZ 0000000180014c94 f i PluginSrv.obj
 0001:00013cc0       ?DumpError@?$PipeServer@UCESERVER_REQ@@@@IEAAXPEAUPipeInst@1@PEB_WH@Z 0000000180014cc0 f i PluginSrv.obj
 0001:00013dd4       ?PipeServerRead@?$PipeServer@UCESERVER_REQ@@@@IEAAHPEAUPipeInst@1@@Z 0000000180014dd4 f i PluginSrv.obj
 0001:00014064       ?PipeServerThread@?$PipeServer@UCESERVER_REQ@@@@IEAAKPEAUPipeInst@1@@Z 0000000180015064 f i PluginSrv.obj
 0001:00014334       ?PipeServerWrite@?$PipeServer@UCESERVER_REQ@@@@IEAAHPEAUPipeInst@1@PEBXKPEAKH@Z 0000000180015334 f i PluginSrv.obj
 0001:00014460       ?PlugServerCommand@@YAHPEAXPEAUCESERVER_REQ@@AEAPEAU1@AEAK3_J@Z 0000000180015460 f   PluginSrv.obj
 0001:000149a8       ?PlugServerFree@@YAXPEAUCESERVER_REQ@@_J@Z 00000001800159a8 f   PluginSrv.obj
 0001:000149c0       ?PlugServerStart@@YA_NXZ   00000001800159c0 f   PluginSrv.obj
 0001:00014ad4       ?PlugServerStop@@YAX_N@Z   0000000180015ad4 f   PluginSrv.obj
 0001:00014b1c       ?StartPipeInstance@?$PipeServer@UCESERVER_REQ@@@@IEAA_NPEAUPipeInst@1@@Z 0000000180015b1c f i PluginSrv.obj
 0001:00014ca8       ?StartPipeServer@?$PipeServer@UCESERVER_REQ@@@@QEAA_N_NPEB_W_JPEAU_SECURITY_ATTRIBUTES@@P6AHPEAXPEAUCESERVER_REQ@@AEAPEAU3@AEAK72@ZP6AX52@ZP6AH42@ZP6AH42@ZP6AH42@Z@Z 0000000180015ca8 f i PluginSrv.obj
 0001:00014e34       ?StopPipeServer@?$PipeServer@UCESERVER_REQ@@@@QEAAX_NAEA_N@Z 0000000180015e34 f i PluginSrv.obj
 0001:00015180       ?TerminatePipeThread@?$PipeServer@UCESERVER_REQ@@@@KAXAEAPEAXAEBUPipeInst@1@AEA_N@Z 0000000180016180 f i PluginSrv.obj
 0001:000151ec       ?WaitForClient@?$PipeServer@UCESERVER_REQ@@@@IEAA_NPEAUPipeInst@1@AEAH1@Z 00000001800161ec f i PluginSrv.obj
 0001:00015504       ?WaitOverlapped@?$PipeServer@UCESERVER_REQ@@@@IEAAHPEAUPipeInst@1@PEAK@Z 0000000180016504 f i PluginSrv.obj
 0001:000156d8       ?WriteDummyAnswer@?$PipeServer@UCESERVER_REQ@@@@IEAAHPEAUPipeInst@1@@Z 00000001800166d8 f i PluginSrv.obj
 0001:00015758       ?_PipeServerThread@?$PipeServer@UCESERVER_REQ@@@@KAKPEAX@Z 0000000180016758 f i PluginSrv.obj
 0001:000157b4       ?cmd_FarSetChanged@@YAXPEAUFAR_REQ_FARSETCHANGED@@@Z 00000001800167b4 f   PluginSrv.obj
 0001:0001580e       GetFileVersionInfoSizeW    000000018001680e f   version:VERSION.dll
 0001:00015814       GetFileVersionInfoW        0000000180016814 f   version:VERSION.dll
 0001:0001581a       VerQueryValueW             000000018001681a f   version:VERSION.dll
 0001:00015820       CreateToolhelp32Snapshot   0000000180016820 f   kernel32:KERNEL32.dll
 0001:00015826       Thread32First              0000000180016826 f   kernel32:KERNEL32.dll
 0001:0001582c       Thread32Next               000000018001682c f   kernel32:KERNEL32.dll
 0001:00015832       Module32FirstW             0000000180016832 f   kernel32:KERNEL32.dll
 0001:00015838       Module32NextW              0000000180016838 f   kernel32:KERNEL32.dll
 0001:00015840       ??2@YAPEAX_K@Z             0000000180016840 f   common-kernel64:Memory.obj
 0001:00015868       ??_V@YAXPEAX@Z             0000000180016868 f   common-kernel64:Memory.obj
 0001:00015868       ??3@YAXPEAX@Z              0000000180016868 f   common-kernel64:Memory.obj
 0001:00015870       ??_U@YAPEAX_K@Z            0000000180016870 f   common-kernel64:Memory.obj
 0001:00015878       ?HeapDeinitialize@@YAXXZ   0000000180016878 f   common-kernel64:Memory.obj
 0001:000158d8       ?HeapInitialize@@YA_NXZ    00000001800168d8 f   common-kernel64:Memory.obj
 0001:00015918       ?xf_calloc@@YAPEAX_K0@Z    0000000180016918 f   common-kernel64:Memory.obj
 0001:0001594c       ?xf_free@@YAXPEAX@Z        000000018001694c f   common-kernel64:Memory.obj
 0001:000159c0       ?xf_malloc@@YAPEAX_K@Z     00000001800169c0 f   common-kernel64:Memory.obj
 0001:000159f0       ?xf_realloc@@YAPEAXPEAX_K@Z 00000001800169f0 f   common-kernel64:Memory.obj
 0001:00015a18       ?ExecuteCmd@@YAPEAUCESERVER_REQ@@PEB_WPEAU1@KPEAUHWND__@@HKH@Z 0000000180016a18 f   common-kernel64:ConEmuCheck.obj
 0001:00015c00       ?ExecuteFreeResult@@YAXAEAPEAUCESERVER_REQ@@@Z 0000000180016c00 f   common-kernel64:ConEmuCheck.obj
 0001:00015c20       ?ExecuteGuiCmd@@YAPEAUCESERVER_REQ@@PEAUHWND__@@PEAU1@0H@Z 0000000180016c20 f   common-kernel64:ConEmuCheck.obj
 0001:00015ce0       ?ExecuteNewCmd@@YAPEAUCESERVER_REQ@@K_K@Z 0000000180016ce0 f   common-kernel64:ConEmuCheck.obj
 0001:00015d44       ?ExecuteNewCmd@@YA_NAEAPEAUCESERVER_REQ@@AEAKK_K@Z 0000000180016d44 f   common-kernel64:ConEmuCheck.obj
 0001:00015ddc       ?ExecuteOpenPipe@@YAPEAXPEB_WAEAY0CAI@_W0KKHPEAXH@Z 0000000180016ddc f   common-kernel64:ConEmuCheck.obj
 0001:00015f8c       ?ExecutePrepareCmd@@YAXPEAUCESERVER_REQ@@K_K@Z 0000000180016f8c f   common-kernel64:ConEmuCheck.obj
 0001:00015fc8       ?ExecutePrepareCmd@@YAXPEAUCESERVER_REQ_HDR@@K_K@Z 0000000180016fc8 f   common-kernel64:ConEmuCheck.obj
 0001:00016038       ?ExecuteSrvCmd@@YAPEAUCESERVER_REQ@@KPEAU1@PEAUHWND__@@HKH@Z 0000000180017038 f   common-kernel64:ConEmuCheck.obj
 0001:0001610c       ?GetConEmuHWND@@YAPEAUHWND__@@H@Z 000000018001710c f   common-kernel64:ConEmuCheck.obj
 0001:00016250       ?GuiMessageBox@@YAHPEAUHWND__@@PEB_W1H@Z 0000000180017250 f   common-kernel64:ConEmuCheck.obj
 0001:000163c0       ?InternalOpenCreate@?$MFileMapping@UConEmuGuiMapping@@@@IEAAPEAUConEmuGuiMapping@@HHH@Z 00000001800173c0 f i common-kernel64:ConEmuCheck.obj
 0001:00016568       ?LoadSrvMapping@@YAHPEAUHWND__@@AEAUCESERVER_CONSOLE_MAPPING_HDR@@@Z 0000000180017568 f   common-kernel64:ConEmuCheck.obj
 0001:000166b8       ?ModuleName@@YAPEB_WPEB_W@Z 00000001800176b8 f   common-kernel64:ConEmuCheck.obj
 0001:0001677c       ?isConsoleClass@@YA_NPEB_W@Z 000000018001777c f   common-kernel64:ConEmuCheck.obj
 0001:000167cc       ?isConsoleWindow@@YA_NPEAUHWND__@@@Z 00000001800177cc f   common-kernel64:ConEmuCheck.obj
 0001:000168bc       ?myGetConsoleWindow@@YAPEAUHWND__@@XZ 00000001800178bc f   common-kernel64:ConEmuCheck.obj
 0001:00016958       ?StringCchVPrintfA@@YAJPEAD_KPEBD0@Z 0000000180017958 f i common-kernel64:MStrSafe.obj
 0001:00016a00       ?lstrcmpni@@YAHPEB_W0H@Z   0000000180017a00 f   common-kernel64:MStrSafe.obj
 0001:00016b10       ?msprintf@@YAPEB_WPEA_W_KPEB_WZZ 0000000180017b10 f   common-kernel64:MStrSafe.obj
 0001:00016f20       ?sprintf_c@@YAHPEAD_JPEBDZZ 0000000180017f20 f   common-kernel64:MStrSafe.obj
 0001:00016f60       ?swprintf_c@@YAHPEA_W_JPEB_WZZ 0000000180017f60 f   common-kernel64:MStrSafe.obj
 0001:00016fa0       ?IsFilePath@@YA_NPEB_W_N@Z 0000000180017fa0 f   common-kernel64:CmdLine.obj
 0001:000170f0       ?PointToExt@@YAPEB_WPEB_W@Z 00000001800180f0 f   common-kernel64:CmdLine.obj
 0001:00017114       ?PointToName@@YAPEB_WPEB_W@Z 0000000180018114 f   common-kernel64:CmdLine.obj
 0001:00017170       ?Unquote@@YAPEB_WPEA_W_N@Z 0000000180018170 f   common-kernel64:CmdLine.obj
 0001:000171d8       ??$sprintf_c@$0CI@@@YAHAEAY0CI@DPEBDZZ 00000001800181d8 f i common-kernel64:WThreads.obj
 0001:00017204       ?SetThreadName@@YAXKPEAD@Z 0000000180018204 f   common-kernel64:WThreads.obj
 0001:0001723c       ?apiCreateThread@@YAPEAXP6AKPEAX@Z0PEAKPEBDH@Z 000000018001823c f   common-kernel64:WThreads.obj
 0001:00017390       ?apiTerminateThreadEx@@YAHPEAXKPEBDH@Z 0000000180018390 f   common-kernel64:WThreads.obj
 0001:00017498       ?apiThreadHelper@@YAKPEAX@Z 0000000180018498 f   common-kernel64:WThreads.obj
 0001:000176a4       ?lstrdup@@YAPEA_WPEB_W_K@Z 00000001800186a4 f   common-kernel64:MStrDup.obj
 0001:00017718       ?lstrmerge@@YAPEA_WPEB_W00000000@Z 0000000180018718 f   common-kernel64:MStrDup.obj
 0001:0001785c       ?lstrmerge@@YA_NPEAPEA_WPEB_W1111111@Z 000000018001885c f   common-kernel64:MStrDup.obj
 0001:000178d4       ??0CEnvStrings@@QEAA@PEA_W@Z 00000001800188d4 f   common-kernel64:EnvVar.obj
 0001:00017948       ??1CEnvStrings@@QEAA@XZ    0000000180018948 f   common-kernel64:EnvVar.obj
 0001:0001796c       ?Clear@CEnvRestorer@@QEAAXXZ 000000018001896c f   common-kernel64:EnvVar.obj
 0001:00017990       ?ExpandEnvStr@@YAPEA_WPEB_W@Z 0000000180018990 f   common-kernel64:EnvVar.obj
 0001:00017a38       ?GetEnvVar@@YAPEA_WPEB_W@Z 0000000180018a38 f   common-kernel64:EnvVar.obj
 0001:00017adc       ?SavePathVar@CEnvRestorer@@QEAAXPEB_W@Z 0000000180018adc f   common-kernel64:EnvVar.obj
 0001:00017b10       ?CommonShutdown@@YAXXZ     0000000180018b10 f   common-kernel64:Common.obj
 0001:00017b20       ?IsEnvBlockVariableValid@@YA_NPEB_W@Z 0000000180018b20 f   common-kernel64:Common.obj
 0001:00017b54       ?IsEnvBlockVariableValid@@YA_NPEB_WAEAPEB_W@Z 0000000180018b54 f   common-kernel64:Common.obj
 0001:00017ba8       ?SetCommand@CESERVER_REQ_NEWCMD@@QEAAXPEB_W@Z 0000000180018ba8 f   common-kernel64:Common.obj
 0001:00017c10       ?SetEnvStrings@CESERVER_REQ_NEWCMD@@QEAAXPEB_WK@Z 0000000180018c10 f   common-kernel64:Common.obj
 0001:00017d28       ??_GMNullDesc@@QEAAPEAXI@Z 0000000180018d28 f i common-kernel64:MSecurity.obj
 0001:00017da0       ?LoadAdvApi@MNullDesc@@IEAAHXZ 0000000180018da0 f i common-kernel64:MSecurity.obj
 0001:00017f54       ?LocalSecurity@@YAPEAU_SECURITY_ATTRIBUTES@@XZ 0000000180018f54 f   common-kernel64:MSecurity.obj
 0001:00017fb0       ?LocalSecurity@MNullDesc@@QEAAPEAU_SECURITY_ATTRIBUTES@@XZ 0000000180018fb0 f i common-kernel64:MSecurity.obj
 0001:0001812c       ?ShutdownSecurity@@YAXXZ   000000018001912c f   common-kernel64:MSecurity.obj
 0001:00018154       ??0CEStr@@QEAA@$$QEAPEA_W@Z 0000000180019154 f   common-kernel64:CEStr.obj
 0001:00018174       ??0CEStr@@QEAA@PEB_W00000000@Z 0000000180019174 f   common-kernel64:CEStr.obj
 0001:0001820c       ??0CEStr@@QEAA@XZ          000000018001920c f   common-kernel64:CEStr.obj
 0001:0001821c       ??0bad_alloc@stdext@@QEAA@AEBV01@@Z 000000018001921c f i common-kernel64:CEStr.obj
 0001:0001823c       ??0bad_alloc@stdext@@QEAA@XZ 000000018001923c f i common-kernel64:CEStr.obj
 0001:00018258       ??0exception@stdext@@QEAA@AEBV01@@Z 0000000180019258 f i common-kernel64:CEStr.obj
 0001:00018270       ??1CEStr@@QEAA@XZ          0000000180019270 f   common-kernel64:CEStr.obj
 0001:00018290       ??1bad_alloc@stdext@@UEAA@XZ 0000000180019290 f i common-kernel64:CEStr.obj
 0001:0001829c       ??4CEStr@@QEAAAEAU0@PEB_W@Z 000000018001929c f   common-kernel64:CEStr.obj
 0001:000182b8       ??BCEStr@@QEBAPEB_WXZ      00000001800192b8 f   common-kernel64:CEStr.obj
 0001:000182bc       ??_Gexception@stdext@@UEAAPEAXI@Z 00000001800192bc f i common-kernel64:CEStr.obj
 0001:000182bc       ??_Eexception@stdext@@UEAAPEAXI@Z 00000001800192bc f i common-kernel64:CEStr.obj
 0001:000182bc       ??_Gbad_alloc@stdext@@UEAAPEAXI@Z 00000001800192bc f i common-kernel64:CEStr.obj
 0001:000182bc       ??_Ebad_alloc@stdext@@UEAAPEAXI@Z 00000001800192bc f i common-kernel64:CEStr.obj
 0001:000182e8       ?AttachInt@CEStr@@AEAAPEB_WAEAPEA_W@Z 00000001800192e8 f   common-kernel64:CEStr.obj
 0001:00018360       ?Clear@CEStr@@QEAAXXZ      0000000180019360 f   common-kernel64:CEStr.obj
 0001:00018384       ?GetBuffer@CEStr@@QEAAPEA_W_J@Z 0000000180019384 f   common-kernel64:CEStr.obj
 0001:00018434       ?GetLen@CEStr@@QEBA_JXZ    0000000180019434 f   common-kernel64:CEStr.obj
 0001:00018458       ?GetMaxCount@CEStr@@QEAA_JXZ 0000000180019458 f   common-kernel64:CEStr.obj
 0001:00018484       ?Set@CEStr@@QEAAPEB_WPEB_W_J@Z 0000000180019484 f   common-kernel64:CEStr.obj
 0001:0001855c       ?StringCchCopyNW@@YAJPEA_W_KPEB_W1@Z 000000018001955c f i common-kernel64:CEStr.obj
 0001:000185e4       ?_Doraise@bad_alloc@stdext@@MEBAXXZ 00000001800195e4 f i common-kernel64:CEStr.obj
 0001:00018600       ?what@exception@stdext@@UEBAPEBDXZ 0000000180019600 f i common-kernel64:CEStr.obj
 0001:00018614       ?FileExists@@YA_NPEB_WPEAK@Z 0000000180019614 f   common-kernel64:WObjects.obj
 0001:000187a0       ?IsWin6@@YA_NXZ            00000001800197a0 f   common-kernel64:WObjects.obj
 0001:000187d4       ?IsWinVerOrHigher@@YA_NG@Z 00000001800197d4 f   common-kernel64:WObjects.obj
 0001:00018868       ?IsWindows64@@YA_NXZ       0000000180019868 f   common-kernel64:WObjects.obj
 0001:0001888c       ?_VerifyVersionInfo@@YA_NPEAU_OSVERSIONINFOEXW@@K_K@Z 000000018001988c f   common-kernel64:WObjects.obj
 0001:0001893c       ?Init@HkFunc@@QEAA_NPEB_WPEAUHINSTANCE__@@@Z 000000018001993c f   common-kernel64:HkFunc.obj
 0001:000189cc       ?isConEmuHk@HkFunc@@QEAA_NXZ 00000001800199cc f   common-kernel64:HkFunc.obj
 0001:000189d4       ??$_Emplace_reallocate@AEBUtagPROCESSENTRY32W@@@?$vector@UtagPROCESSENTRY32W@@V?$MArrayAllocator@UtagPROCESSENTRY32W@@@@@std@@QEAAPEAUtagPROCESSENTRY32W@@QEAU2@AEBU2@@Z 00000001800199d4 f i common-kernel64:MProcess.obj
 0001:00018bc4       ??$emplace_back@AEBUtagPROCESSENTRY32W@@@?$vector@UtagPROCESSENTRY32W@@V?$MArrayAllocator@UtagPROCESSENTRY32W@@@@@std@@QEAAXAEBUtagPROCESSENTRY32W@@@Z 0000000180019bc4 f i common-kernel64:MProcess.obj
 0001:00018c60       ??0?$MToolHelp@UtagPROCESSENTRY32W@@$1?Process32FirstW@@YAHPEAXPEAU1@@Z$1?Process32NextW@@YAH01@Z@@QEAA@KK@Z 0000000180019c60 f i common-kernel64:MProcess.obj
 0001:00018ccc       ??_E?$MToolHelp@UtagPROCESSENTRY32W@@$1?Process32FirstW@@YAHPEAXPEAU1@@Z$1?Process32NextW@@YAH01@Z@@UEAAPEAXI@Z 0000000180019ccc f i common-kernel64:MProcess.obj
 0001:00018ccc       ??_G?$MToolHelp@UtagPROCESSENTRY32W@@$1?Process32FirstW@@YAHPEAXPEAU1@@Z$1?Process32NextW@@YAH01@Z@@UEAAPEAXI@Z 0000000180019ccc f i common-kernel64:MProcess.obj
 0001:00018ccc       ??_EMToolHelpProcess@@UEAAPEAXI@Z 0000000180019ccc f i common-kernel64:MProcess.obj
 0001:00018ccc       ??_GMToolHelpProcess@@UEAAPEAXI@Z 0000000180019ccc f i common-kernel64:MProcess.obj
 0001:00018d38       ?Close@?$MToolHelp@UtagPROCESSENTRY32W@@$1?Process32FirstW@@YAHPEAXPEAU1@@Z$1?Process32NextW@@YAH01@Z@@QEAAX_N@Z 0000000180019d38 f i common-kernel64:MProcess.obj
 0001:00018dbc       __acrt_uninitialize_command_line 0000000180019dbc f i libucrt:argv_data.obj
 0001:00018dbc       ?Filter@?$MToolHelp@UtagPROCESSENTRY32W@@$1?Process32FirstW@@YAHPEAXPEAU1@@Z$1?Process32NextW@@YAH01@Z@@MEAA_NPEAUtagPROCESSENTRY32W@@@Z 0000000180019dbc f i common-kernel64:MProcess.obj
 0001:00018dc0       ?Find@?$MToolHelp@UtagPROCESSENTRY32W@@$1?Process32FirstW@@YAHPEAXPEAU1@@Z$1?Process32NextW@@YAH01@Z@@QEAA_NP6A_NPEAUtagPROCESSENTRY32W@@_J@Z10@Z 0000000180019dc0 f i common-kernel64:MProcess.obj
 0001:00018e60       ?Next@?$MToolHelp@UtagPROCESSENTRY32W@@$1?Process32FirstW@@YAHPEAXPEAU1@@Z$1?Process32NextW@@YAH01@Z@@QEAA_NPEAUtagPROCESSENTRY32W@@@Z 0000000180019e60 f i common-kernel64:MProcess.obj
 0001:00018ee0       ?compare@cmp@?1??Find@MToolHelpProcess@@QEAA_NKPEAUtagPROCESSENTRY32W@@@Z@SA_N0_J@Z 0000000180019ee0 f i common-kernel64:MProcess.obj
 0001:00018ee8       ?getNext@?$MToolHelp@UtagPROCESSENTRY32W@@$1?Process32FirstW@@YAHPEAXPEAU1@@Z$1?Process32NextW@@YAH01@Z@@IEAA_NXZ 0000000180019ee8 f i common-kernel64:MProcess.obj
 0001:00018fac       ?isTerminalMode@@YA_NXZ    0000000180019fac f   common-kernel64:MProcess.obj
 0001:00019104       ??0MSection@@QEAA@XZ       000000018001a104 f   common-kernel64:MSection.obj
 0001:0001918c       ??0MSectionLock@@QEAA@XZ   000000018001a18c f   common-kernel64:MSection.obj
 0001:0001919c       ??0MSectionThread@@QEAA@PEAVMSection@@@Z 000000018001a19c f   common-kernel64:MSection.obj
 0001:000191bc       ??1MSection@@QEAA@XZ       000000018001a1bc f   common-kernel64:MSection.obj
 0001:00019230       ??1MSectionLock@@QEAA@XZ   000000018001a230 f   common-kernel64:MSection.obj
 0001:00019254       ??1MSectionThread@@QEAA@XZ 000000018001a254 f   common-kernel64:MSection.obj
 0001:00019290       ?AddRef@MSection@@IEAAXK@Z 000000018001a290 f   common-kernel64:MSection.obj
 0001:00019324       ?Lock@MSection@@IEAAHHK@Z  000000018001a324 f   common-kernel64:MSection.obj
 0001:00019420       ?Lock@MSectionLock@@QEAAHPEAVMSection@@HK@Z 000000018001a420 f   common-kernel64:MSection.obj
 0001:00019474       ?MyEnterCriticalSection@MSection@@IEAA_NK@Z 000000018001a474 f   common-kernel64:MSection.obj
 0001:000195a4       ?ReleaseRef@MSection@@IEAAHK@Z 000000018001a5a4 f   common-kernel64:MSection.obj
 0001:00019644       ?Unlock@MSection@@IEAAXH@Z 000000018001a644 f   common-kernel64:MSection.obj
 0001:0001969c       ?Unlock@MSectionLock@@QEAAXXZ 000000018001a69c f   common-kernel64:MSection.obj
 0001:000196c8       ?WaitUnlocked@MSection@@IEAAXKK@Z 000000018001a6c8 f   common-kernel64:MSection.obj
 0001:0001975c       ?CheckCallbackPtr@@YA_NPEAUHINSTANCE__@@_KPEAP6A_JXZHHH@Z 000000018001a75c f   common-kernel64:WModuleCheck.obj
 0001:00019868       ?IsModuleValid@@YA_NPEAUHINSTANCE__@@H@Z 000000018001a868 f   common-kernel64:WModuleCheck.obj
 0001:00019974       ??0MModule@@QEAA@PEAUHINSTANCE__@@@Z 000000018001a974 f   common-kernel64:MModule.obj
 0001:00019980       ??1MModule@@QEAA@XZ        000000018001a980 f   common-kernel64:MModule.obj
 0001:00019988       ?Free@MModule@@QEAAXXZ     000000018001a988 f   common-kernel64:MModule.obj
 0001:000199b8       ??0MSectionSimple@@QEAA@_N@Z 000000018001a9b8 f   common-kernel64:MSectionSimple.obj
 0001:000199f0       ??1MSectionSimple@@QEAA@XZ 000000018001a9f0 f   common-kernel64:MSectionSimple.obj
 0001:000199f0       ?Close@MSectionSimple@@QEAAXXZ 000000018001a9f0 f   common-kernel64:MSectionSimple.obj
 0001:00019a10       ?Enter@MSectionSimple@@QEAAXXZ 000000018001aa10 f   common-kernel64:MSectionSimple.obj
 0001:00019a18       ?Init@MSectionSimple@@QEAAXXZ 000000018001aa18 f   common-kernel64:MSectionSimple.obj
 0001:00019a38       ?Leave@MSectionSimple@@QEAAXXZ 000000018001aa38 f   common-kernel64:MSectionSimple.obj
 0001:00019a40       ?RecreateAndLock@MSectionSimple@@QEAA_NXZ 000000018001aa40 f   common-kernel64:MSectionSimple.obj
 0001:00019ab0       ?TryEnter@MSectionSimple@@QEAA_NXZ 000000018001aab0 f   common-kernel64:MSectionSimple.obj
 0001:00019ad8       ?SetConEmuEnvHWND@@YAXPEB_WPEAUHWND__@@@Z 000000018001aad8 f   common-user64:SetEnvVar.obj
 0001:00019b30       ?SetConEmuEnvVar@@YAXPEAUHWND__@@@Z 000000018001ab30 f   common-user64:SetEnvVar.obj
 0001:00019bb4       ?SetConEmuEnvVarChild@@YAXPEAUHWND__@@0@Z 000000018001abb4 f   common-user64:SetEnvVar.obj
 0001:00019be0       ?FindConEmuBaseDir@@YAHAEAY0BAF@_W0PEAUHINSTANCE__@@@Z 000000018001abe0 f   common-user64:ConEmuCheckEx.obj
 0001:0001a160       ?IsConEmuExeExist@@YAHPEB_WAEAY0BAF@_W@Z 000000018001b160 f   common-user64:ConEmuCheckEx.obj
 0001:0001a208       ??$swprintf_c@$0FA@@@YAHAEAY0FA@_WPEB_WZZ 000000018001b208 f i common-user64:EmergencyShow.obj
 0001:0001a234       ?CorrectConsolePos@@YAXPEAUHWND__@@@Z 000000018001b234 f   common-user64:EmergencyShow.obj
 0001:0001a354       ?EmergencyShow@@YAXPEAUHWND__@@HH@Z 000000018001b354 f   common-user64:EmergencyShow.obj
 0001:0001a494       ?EvaluateDefaultFontWidth@@YAHHPEB_W@Z 000000018001b494 f   common-user64:EmergencyShow.obj
 0001:0001a5a8       ?SetUserFriendlyFont@@YAXPEAUHWND__@@HH@Z 000000018001b5a8 f   common-user64:EmergencyShow.obj
 0001:0001a984       ??0MSetter@@QEAA@PEAJ@Z    000000018001b984 f   common-user64:MSetter.obj
 0001:0001a99c       ??1MSetter@@QEAA@XZ        000000018001b99c f   common-user64:MSetter.obj
 0001:0001a9a4       ?Unlock@MSetter@@QEAAXXZ   000000018001b9a4 f   common-user64:MSetter.obj
 0001:0001aa04       ?IsDotsName@@YA_NPEB_W@Z   000000018001ba04 f   common-user64:WFiles.obj
 0001:0001aa28       ?SearchAppPaths@@YA_NPEB_WAEAUCEStr@@_NPEAVCEnvRestorer@@@Z 000000018001ba28 f   common-user64:WFiles.obj
 0001:0001ae28       ?GetConsoleSizeInfo@@YAXPEAUCONSOLE_INFO@@@Z 000000018001be28 f   common-user64:WConsoleEx.obj
 0001:0001aeb4       ?SetConsoleFontSizeTo@@YAXPEAUHWND__@@HHPEB_WGG@Z 000000018001beb4 f   common-user64:WConsoleEx.obj
 0001:0001b29c       ?SetConsoleInfo@@YAHPEAUHWND__@@PEAUCONSOLE_INFO@@@Z 000000018001c29c f   common-user64:WConsoleEx.obj
 0001:0001b498       ?SetEnvVarExpanded@@YAXPEB_W0@Z 000000018001c498 f   common-user64:WUser.obj
 0001:0001b57c       ?UpdateComspec@@YAXPEAUConEmuComspec@@_N@Z 000000018001c57c f   common-user64:WUser.obj
 0001:0001b820       ?apiShowWindow@@YA_NPEAUHWND__@@H@Z 000000018001c820 f   common-user64:WUser.obj
 0001:0001b834       ?apiShowWindowAsync@@YA_NPEAUHWND__@@H@Z 000000018001c834 f   common-user64:WUser.obj
 0001:0001b848       ?FindMonitorsWorkspace@@YAHPEAUHMONITOR__@@PEAUHDC__@@PEAUtagRECT@@_J@Z 000000018001c848 f   common-user64:Monitors.obj
 0001:0001b884       ?GetAllMonitorsWorkspace@@YA?AUtagRECT@@XZ 000000018001c884 f   common-user64:Monitors.obj
 0001:0001b8e8       ??0length_error@std@@QEAA@AEBV01@@Z 000000018001c8e8 f i libcpmt:xthrow.obj
 0001:0001b928       ??0length_error@std@@QEAA@PEBD@Z 000000018001c928 f i libcpmt:xthrow.obj
 0001:0001b974       ??0logic_error@std@@QEAA@AEBV01@@Z 000000018001c974 f i libcpmt:xthrow.obj
 0001:0001b9b4       ?_Xlength_error@std@@YAXPEBD@Z 000000018001c9b4 f   libcpmt:xthrow.obj
 0001:0001b9d8       __GSHandlerCheck           000000018001c9d8 f   LIBCMT:gshandler.obj
 0001:0001b9f8       __GSHandlerCheckCommon     000000018001c9f8 f   LIBCMT:gshandler.obj
 0001:0001ba70       __security_check_cookie    000000018001ca70 f   LIBCMT:amdsecgs.obj
 0001:0001ba94       ??3@YAXPEAX_K@Z            000000018001ca94 f   LIBCMT:delete_scalar_size.obj
 0001:0001bab0       __chkstk                   000000018001cab0 f   LIBCMT:chkstk.obj
 0001:0001bab0       _alloca_probe              000000018001cab0 f   LIBCMT:chkstk.obj
 0001:0001bb04       ??_Etype_info@@UEAAPEAXI@Z 000000018001cb04 f i LIBCMT:std_type_info_static.obj
 0001:0001bb04       ??_Gtype_info@@UEAAPEAXI@Z 000000018001cb04 f i LIBCMT:std_type_info_static.obj
 0001:0001bb30       __GSHandlerCheck_EH        000000018001cb30 f   LIBCMT:gshandlereh.obj
 0001:0001bd38       _Init_thread_footer        000000018001cd38 f   LIBCMT:thread_safe_statics.obj
 0001:0001bd98       _Init_thread_header        000000018001cd98 f   LIBCMT:thread_safe_statics.obj
 0001:0001be00       _Init_thread_notify        000000018001ce00 f   LIBCMT:thread_safe_statics.obj
 0001:0001be50       _Init_thread_wait          000000018001ce50 f   LIBCMT:thread_safe_statics.obj
 0001:0001c1f8       _DllMainCRTStartup         000000018001d1f8 f   LIBCMT:dll_dllmain.obj
 0001:0001c238       __scrt_acquire_startup_lock 000000018001d238 f   LIBCMT:utility.obj
 0001:0001c274       __scrt_dllmain_after_initialize_c 000000018001d274 f   LIBCMT:utility.obj
 0001:0001c2a8       __scrt_dllmain_before_initialize_c 000000018001d2a8 f   LIBCMT:utility.obj
 0001:0001c2c0       __scrt_dllmain_crt_thread_attach 000000018001d2c0 f   LIBCMT:utility.obj
 0001:0001c2e8       __scrt_dllmain_crt_thread_detach 000000018001d2e8 f   LIBCMT:utility.obj
 0001:0001c300       __scrt_dllmain_exception_filter 000000018001d300 f   LIBCMT:utility.obj
 0001:0001c360       __scrt_dllmain_uninitialize_c 000000018001d360 f   LIBCMT:utility.obj
 0001:0001c390       __scrt_dllmain_uninitialize_critical 000000018001d390 f   LIBCMT:utility.obj
 0001:0001c3a4       __scrt_initialize_crt      000000018001d3a4 f   LIBCMT:utility.obj
 0001:0001c3f0       __scrt_initialize_onexit_tables 000000018001d3f0 f   LIBCMT:utility.obj
 0001:0001c4c8       __scrt_is_nonwritable_in_current_image 000000018001d4c8 f   LIBCMT:utility.obj
 0001:0001c564       __scrt_release_startup_lock 000000018001d564 f   LIBCMT:utility.obj
 0001:0001c588       __scrt_uninitialize_crt    000000018001d588 f   LIBCMT:utility.obj
 0001:0001c5b4       _onexit                    000000018001d5b4 f   LIBCMT:utility.obj
 0001:0001c604       atexit                     000000018001d604 f   LIBCMT:utility.obj
 0001:0001c61c       __raise_securityfailure    000000018001d61c f   LIBCMT:gs_report.obj
 0001:0001c650       __report_gsfailure         000000018001d650 f   LIBCMT:gs_report.obj
 0001:0001c724       __report_rangecheckfailure 000000018001d724 f   LIBCMT:gs_report.obj
 0001:0001c738       __report_securityfailure   000000018001d738 f   LIBCMT:gs_report.obj
 0001:0001c8b8       __crt_debugger_hook        000000018001d8b8 f   LIBCMT:utility_desktop.obj
 0001:0001c8c0       __scrt_fastfail            000000018001d8c0 f   LIBCMT:utility_desktop.obj
 0001:0001ca0c       __security_init_cookie     000000018001da0c f   LIBCMT:gs_support.obj
 0001:0001cab8       ?__scrt_initialize_type_info@@YAXXZ 000000018001dab8 f   LIBCMT:tncleanup.obj
 0001:0001cac8       ?__scrt_uninitialize_type_info@@YAXXZ 000000018001dac8 f   LIBCMT:tncleanup.obj
 0001:0001cad4       __local_stdio_scanf_options 000000018001dad4 f i LIBCMT:default_local_stdio_options.obj
 0001:0001cadc       __scrt_initialize_default_local_stdio_options 000000018001dadc f   LIBCMT:default_local_stdio_options.obj
 0001:0001caf8       __scrt_get_dyn_tls_init_callback 000000018001daf8 f   LIBCMT:dyn_tls_init.obj
 0001:0001cb00       _RTC_Initialize            000000018001db00 f   LIBCMT:initsect.obj
 0001:0001cb3c       _RTC_Terminate             000000018001db3c f   LIBCMT:initsect.obj
 0001:0001cb78       __isa_available_init       000000018001db78 f   LIBCMT:cpu_disp.obj
 0001:0001cd34       __scrt_is_ucrt_dll_in_use  000000018001dd34 f   LIBCMT:ucrt_detection.obj
 0001:0001cd40       ??$_CallSETranslator@V__FrameHandler3@@@@YAHPEAUEHExceptionRecord@@PEA_KPEAU_CONTEXT@@PEAU_xDISPATCHER_CONTEXT@@PEBU_s_FuncInfo@@K1@Z 000000018001dd40 f i libvcruntime:risctrnsctrl.obj
 0001:0001cd94       ?CatchTryBlock@__FrameHandler3@@SAPEBU_s_TryBlockMapEntry@@PEBU_s_FuncInfo@@H@Z 000000018001dd94 f   libvcruntime:risctrnsctrl.obj
 0001:0001cdec       ?ExecutionInCatch@__FrameHandler3@@SA_NPEAU_xDISPATCHER_CONTEXT@@PEBU_s_FuncInfo@@@Z 000000018001ddec f   libvcruntime:risctrnsctrl.obj
 0001:0001ce18       ?FrameUnwindToEmptyState@__FrameHandler3@@SAXPEA_KPEAU_xDISPATCHER_CONTEXT@@PEBU_s_FuncInfo@@@Z 000000018001de18 f   libvcruntime:risctrnsctrl.obj
 0001:0001ce7c       ?GetEstablisherFrame@__FrameHandler3@@SAPEA_KPEA_KPEAU_xDISPATCHER_CONTEXT@@PEBU_s_FuncInfo@@0@Z 000000018001de7c f   libvcruntime:risctrnsctrl.obj
 0001:0001cf48       ?GetRangeOfTrysToCheck@__FrameHandler3@@SA?AU?$pair@Viterator@TryBlockMap@__FrameHandler3@@V123@@std@@AEAVTryBlockMap@1@HH@Z 000000018001df48 f   libvcruntime:risctrnsctrl.obj
 0001:0001d0a4       ?UnwindNestedFrames@__FrameHandler3@@SAXPEA_KPEAUEHExceptionRecord@@PEAU_CONTEXT@@0PEAXPEBU_s_FuncInfo@@HHPEBU_s_HandlerType@@PEAU_xDISPATCHER_CONTEXT@@E@Z 000000018001e0a4 f   libvcruntime:risctrnsctrl.obj
 0001:0001d1c8       _CreateFrameInfo           000000018001e1c8 f   libvcruntime:risctrnsctrl.obj
 0001:0001d204       _FindAndUnlinkFrame        000000018001e204 f   libvcruntime:risctrnsctrl.obj
 0001:0001d258       _GetImageBase              000000018001e258 f   libvcruntime:risctrnsctrl.obj
 0001:0001d26c       _GetThrowImageBase         000000018001e26c f   libvcruntime:risctrnsctrl.obj
 0001:0001d280       _SetImageBase              000000018001e280 f   libvcruntime:risctrnsctrl.obj
 0001:0001d298       _SetThrowImageBase         000000018001e298 f   libvcruntime:risctrnsctrl.obj
 0001:0001d2b0       __CxxFrameHandler3         000000018001e2b0 f   libvcruntime:risctrnsctrl.obj
 0001:0001d340       memcpy_repmovs             000000018001e340 f   libvcruntime:memcpy.obj
 0001:0001d360       memmove                    000000018001e360 f   libvcruntime:memcpy.obj
 0001:0001d360       memcpy                     000000018001e360 f   libvcruntime:memcpy.obj
 0001:0001d798       wcschr                     000000018001e798 f   libvcruntime:wcschr.obj
 0001:0001d82c       wcsstr                     000000018001e82c f   libvcruntime:wcsstr.obj
 0001:0001da60       memset_repmovs             000000018001ea60 f   libvcruntime:memset.obj
 0001:0001da80       memset                     000000018001ea80 f   libvcruntime:memset.obj
 0001:0001dc10       __DestructExceptionObject  000000018001ec10 f   libvcruntime:ehhelpers.obj
 0001:0001dc84       ?_CallMemberFunction0@@YAXQEAX0@Z 000000018001ec84 f i libvcruntime:ehhelpers.obj
 0001:0001dc88       _IsExceptionObjectToBeDestroyed 000000018001ec88 f   libvcruntime:ehhelpers.obj
 0001:0001dcb8       __AdjustPointer            000000018001ecb8 f   libvcruntime:ehhelpers.obj
 0001:0001dcdc       __FrameUnwindFilter        000000018001ecdc f   libvcruntime:ehhelpers.obj
 0001:0001dd28       __std_terminate            000000018001ed28 f   libvcruntime:ehhelpers.obj
 0001:0001dd34       __std_exception_copy       000000018001ed34 f   libvcruntime:std_exception.obj
 0001:0001ddc4       __std_exception_destroy    000000018001edc4 f   libvcruntime:std_exception.obj
 0001:0001ddec       _CxxThrowException         000000018001edec f   libvcruntime:throw.obj
 0001:0001deac       _purecall                  000000018001eeac f   libvcruntime:purevirt.obj
 0001:0001dedc       wcsrchr                    000000018001eedc f   libvcruntime:wcsrchr.obj
 0001:0001dfa0       memcmp                     000000018001efa0 f   libvcruntime:memcmp.obj
 0001:0001e068       strrchr                    000000018001f068 f   libvcruntime:strrchr.obj
 0001:0001e1b4       strchr                     000000018001f1b4 f   libvcruntime:strchr.obj
 0001:0001e240       __C_specific_handler       000000018001f240 f   libvcruntime:riscchandler.obj
 0001:0001e44c       __vcrt_initialize          000000018001f44c f   libvcruntime:initialization.obj
 0001:0001e480       __vcrt_thread_attach       000000018001f480 f   libvcruntime:initialization.obj
 0001:0001e494       __vcrt_thread_detach       000000018001f494 f   libvcruntime:initialization.obj
 0001:0001e4a8       __vcrt_uninitialize        000000018001f4a8 f   libvcruntime:initialization.obj
 0001:0001e4c8       __vcrt_uninitialize_critical 000000018001f4c8 f   libvcruntime:initialization.obj
 0001:0001e4d8       __std_type_info_compare    000000018001f4d8 f   libvcruntime:std_type_info.obj
 0001:0001e500       __std_type_info_destroy_list 000000018001f500 f   libvcruntime:std_type_info.obj
 0001:0001e52c       __vcrt_freefls             000000018001f52c f   libvcruntime:per_thread_data.obj
 0001:0001e54c       __vcrt_freeptd             000000018001f54c f   libvcruntime:per_thread_data.obj
 0001:0001e59c       __vcrt_getptd              000000018001f59c f   libvcruntime:per_thread_data.obj
 0001:0001e5b8       __vcrt_getptd_noexit       000000018001f5b8 f   libvcruntime:per_thread_data.obj
 0001:0001e684       __vcrt_initialize_ptd      000000018001f684 f   libvcruntime:per_thread_data.obj
 0001:0001e6d8       __vcrt_uninitialize_ptd    000000018001f6d8 f   libvcruntime:per_thread_data.obj
 0001:0001e6fc       ?GetCurrentState@__FrameHandler3@@SAHPEA_KPEAU_xDISPATCHER_CONTEXT@@PEBU_s_FuncInfo@@@Z 000000018001f6fc f   libvcruntime:ehstate.obj
 0001:0001e724       ?GetUnwindTryBlock@__FrameHandler3@@SAHPEA_KPEAU_xDISPATCHER_CONTEXT@@PEBU_s_FuncInfo@@@Z 000000018001f724 f   libvcruntime:ehstate.obj
 0001:0001e750       ?SetState@__FrameHandler3@@SAXPEA_KPEBU_s_FuncInfo@@H@Z 000000018001f750 f   libvcruntime:ehstate.obj
 0001:0001e75c       ?SetUnwindTryBlock@__FrameHandler3@@SAXPEA_KPEAU_xDISPATCHER_CONTEXT@@PEBU_s_FuncInfo@@H@Z 000000018001f75c f   libvcruntime:ehstate.obj
 0001:0001e798       ?StateFromControlPc@__FrameHandler3@@SAHPEBU_s_FuncInfo@@PEAU_xDISPATCHER_CONTEXT@@@Z 000000018001f798 f   libvcruntime:ehstate.obj
 0001:0001e7a0       ?StateFromIp@__FrameHandler3@@SAHPEBU_s_FuncInfo@@PEAU_xDISPATCHER_CONTEXT@@_K@Z 000000018001f7a0 f   libvcruntime:ehstate.obj
 0001:0001f22c       ??$TypeMatchHelper@V__FrameHandler3@@@@YAHPEBU_s_HandlerType@@PEBU_s_CatchableType@@PEBU_s_ThrowInfo@@@Z 000000018002022c f i libvcruntime:frame.obj
 0001:0001f370       ??$__InternalCxxFrameHandler@V__FrameHandler3@@@@YA?AW4_EXCEPTION_DISPOSITION@@PEAUEHExceptionRecord@@PEA_KPEAU_CONTEXT@@PEAU_xDISPATCHER_CONTEXT@@PEBU_s_FuncInfo@@H1E@Z 0000000180020370 f i libvcruntime:frame.obj
 0001:0001f5b8       ??0bad_exception@std@@QEAA@AEBV01@@Z 00000001800205b8 f i libvcruntime:frame.obj
 0001:0001f5f8       ??0bad_exception@std@@QEAA@XZ 00000001800205f8 f i libvcruntime:frame.obj
 0001:0001f618       ?CxxCallCatchBlock@__FrameHandler3@@SAPEAXPEAU_EXCEPTION_RECORD@@@Z 0000000180020618 f   libvcruntime:frame.obj
 0001:0001f88c       ?FrameUnwindToState@__FrameHandler3@@SAXPEA_KPEAU_xDISPATCHER_CONTEXT@@PEBU_s_FuncInfo@@H@Z 000000018002088c f   libvcruntime:frame.obj
 0001:0001fa20       ?GetHandlerSearchState@__FrameHandler3@@SAHPEA_KPEAU_xDISPATCHER_CONTEXT@@PEBU_s_FuncInfo@@@Z 0000000180020a20 f i libvcruntime:frame.obj
 0001:0001fc24       ?_CallMemberFunction1@@YAXQEAX00@Z 0000000180020c24 f i libvcruntime:frame.obj
 0001:0001fc30       ?_CallMemberFunction2@@YAXQEAX00H@Z 0000000180020c30 f i libvcruntime:frame.obj
 0001:0001fc40       __vcrt_initialize_pure_virtual_call_handler 0000000180020c40 f   libvcruntime:purevirt_data.obj
 0001:0001fc60       _NLG_Notify                0000000180020c60 f   libvcruntime:notify.obj
 0001:0001fc80       __NLG_Dispatch2            0000000180020c80 f   libvcruntime:notify.obj
 0001:0001fc90       __NLG_Return2              0000000180020c90 f   libvcruntime:notify.obj
 0001:0001fc94       __except_validate_context_record 0000000180020c94 f   libvcruntime:jbcxrval.obj
 0001:0001fccc       __vcrt_initialize_locks    0000000180020ccc f   libvcruntime:locks.obj
 0001:0001fd14       __vcrt_uninitialize_locks  0000000180020d14 f   libvcruntime:locks.obj
 0001:0001ff24       __vcrt_FlsAlloc            0000000180020f24 f   libvcruntime:winapi_downlevel.obj
 0001:0001ff6c       __vcrt_FlsFree             0000000180020f6c f   libvcruntime:winapi_downlevel.obj
 0001:0001ffb4       __vcrt_FlsGetValue         0000000180020fb4 f   libvcruntime:winapi_downlevel.obj
 0001:0001fffc       __vcrt_FlsSetValue         0000000180020ffc f   libvcruntime:winapi_downlevel.obj
 0001:00020050       __vcrt_InitializeCriticalSectionEx 0000000180021050 f   libvcruntime:winapi_downlevel.obj
 0001:000200b4       __vcrt_initialize_winapi_thunks 00000001800210b4 f   libvcruntime:winapi_downlevel.obj
 0001:000200e4       __vcrt_uninitialize_winapi_thunks 00000001800210e4 f   libvcruntime:winapi_downlevel.obj
 0001:00020140       _CallSettingFrame          0000000180021140 f   libvcruntime:handlers.obj
 0001:00020190       _CallSettingFrameEncoded   0000000180021190 f   libvcruntime:handlers.obj
 0001:000201d8       ??$ensure_buffer_is_big_enough@D@formatting_buffer@__crt_stdio_output@@QEAA_N_K@Z 00000001800211d8 f i libucrt:output.obj
 0001:00020284       ??$is_wide_character_specifier@D@__crt_stdio_output@@YA_N_KDW4length_modifier@0@@Z 0000000180021284 f i libucrt:output.obj
 0001:000202b4       ??$is_wide_character_specifier@_W@__crt_stdio_output@@YA_N_K_WW4length_modifier@0@@Z 00000001800212b4 f i libucrt:output.obj
 0001:000202f8       ??$type_case_integer_parse_into_buffer@I@?$output_processor@DV?$string_output_adapter@D@__crt_stdio_output@@V?$standard_base@DV?$string_output_adapter@D@__crt_stdio_output@@@2@@__crt_stdio_output@@AEAAXII_N@Z 00000001800212f8 f i libucrt:output.obj
 0001:000202f8       ??$type_case_integer_parse_into_buffer@I@?$output_processor@_WV?$string_output_adapter@_W@__crt_stdio_output@@V?$standard_base@_WV?$string_output_adapter@_W@__crt_stdio_output@@@2@@__crt_stdio_output@@AEAAXII_N@Z 00000001800212f8 f i libucrt:output.obj
 0001:00020394       ??$type_case_integer_parse_into_buffer@_K@?$output_processor@_WV?$string_output_adapter@_W@__crt_stdio_output@@V?$standard_base@_WV?$string_output_adapter@_W@__crt_stdio_output@@@2@@__crt_stdio_output@@AEAAX_KI_N@Z 0000000180021394 f i libucrt:output.obj
 0001:00020394       ??$type_case_integer_parse_into_buffer@_K@?$output_processor@DV?$string_output_adapter@D@__crt_stdio_output@@V?$standard_base@DV?$string_output_adapter@D@__crt_stdio_output@@@2@@__crt_stdio_output@@AEAAX_KI_N@Z 0000000180021394 f i libucrt:output.obj
[...]
 0004:00002010       $pdata$??$?RV<lambda_5e887d1dcbef67a5eb4283622ba103bf>@@AEAV<lambda_4466841279450cc726390878d4a41900>@@V<lambda_341c25c0346d94847f1f3c463c57e077>@@@?$__crt_seh_guarded_call@X@@QEAAX$$QEAV<lambda_5e887d1dcbef67a5eb4283622ba103bf>@@AEAV<lambda_4466841279450cc726390878d4a41900>@@$$QEAV<lambda_341c25c0346d94847f1f3c463c57e077>@@@Z 0000000180051010     libucrt:per_thread_data.obj
 0004:0000201c       $pdata$??$?RV<lambda_46352004c1216016012b18bd6f87e700>@@AEAV<lambda_3bd07e1a1191394380780325891bf33f>@@V<lambda_334532d3f185bcaa59b5be82d7d22bff>@@@?$__crt_seh_guarded_call@X@@QEAAX$$QEAV<lambda_46352004c1216016012b18bd6f87e700>@@AEAV<lambda_3bd07e1a1191394380780325891bf33f>@@$$QEAV<lambda_334532d3f185bcaa59b5be82d7d22bff>@@@Z 000000018005101c     libucrt:per_thread_data.obj
 0004:00002028       $pdata$??$?RV<lambda_fb3a7dec4e47f37f22dae91bb15c9095>@@AEAV<lambda_698284760c8add0bfb0756c19673e34b>@@V<lambda_dfb8eca1e75fef3034a8fb18dd509707>@@@?$__crt_seh_guarded_call@X@@QEAAX$$QEAV<lambda_fb3a7dec4e47f37f22dae91bb15c9095>@@AEAV<lambda_698284760c8add0bfb0756c19673e34b>@@$$QEAV<lambda_dfb8eca1e75fef3034a8fb18dd509707>@@@Z 0000000180051028     libucrt:per_thread_data.obj
 0004:00002034       $pdata$__acrt_update_locale_info 0000000180051034     libucrt:locale_update.obj
 0004:00002040       $pdata$__acrt_update_multibyte_info 0000000180051040     libucrt:locale_update.obj
 0004:0000204c       $pdata$__acrt_fp_format    000000018005104c     libucrt:cvt.obj
 0004:00002058       $pdata$?fp_format_nan_or_infinity@@YAHW4__acrt_fp_class@@_NPEAD_K1@Z 0000000180051058     libucrt:cvt.obj
 0004:00002064       $pdata$?fp_format_e_internal@@YAHQEAD_KH_NIQEAU_strflt@@2QEAU__crt_locale_pointers@@@Z 0000000180051064     libucrt:cvt.obj
 0004:00002070       $pdata$?fp_format_e@@YAHQEBNQEAD_K12H_NIQEAU__crt_locale_pointers@@@Z 0000000180051070     libucrt:cvt.obj
 0004:0000207c       $pdata$?fp_format_a@@YAHQEBNPEAD_KQEAD2H_NIQEAU__crt_locale_pointers@@@Z 000000018005107c     libucrt:cvt.obj
 0004:00002088       $pdata$?fp_format_f_internal@@YAHQEAD_KHQEAU_strflt@@_NQEAU__crt_locale_pointers@@@Z 0000000180051088     libucrt:cvt.obj
 0004:00002094       $pdata$?fp_format_g@@YAHQEBNQEAD_K12H_NIQEAU__crt_locale_pointers@@@Z 0000000180051094     libucrt:cvt.obj
 0004:000020a0       $pdata$_fileno             00000001800510a0     libucrt:fileno.obj
 0004:000020ac       $pdata$__acrt_initialize_stdio 00000001800510ac     libucrt:_file.obj
 0004:000020b8       $pdata$__acrt_uninitialize_stdio 00000001800510b8     libucrt:_file.obj
 0004:000020c4       $pdata$__acrt_uninitialize_locale 00000001800510c4     libucrt:wsetlocale.obj
 0004:000020d0       $pdata$__acrt_uninitialize_locale$fin$0 00000001800510d0     libucrt:wsetlocale.obj
 0004:000020d0       $pdata$__acrt_update_thread_locale_data$fin$0 00000001800510d0     libucrt:locale_refcounting.obj
 0004:000020dc       $pdata$__acrt_initialize_lowio 00000001800510dc     libucrt:ioinit.obj
 0004:000020e8       $pdata$__acrt_lowio_ensure_fh_exists$fin$0 00000001800510e8     libucrt:osfinfo.obj
 0004:000020e8       $pdata$__acrt_initialize_lowio$fin$0 00000001800510e8     libucrt:ioinit.obj
 0004:000020f4       $pdata$__acrt_uninitialize_lowio 00000001800510f4     libucrt:ioinit.obj
 0004:00002100       $pdata$?initialize_inherited_file_handles_nolock@@YAXXZ 0000000180051100     libucrt:ioinit.obj
 0004:0000210c       $pdata$?initialize_stdio_handles_nolock@@YAXXZ 000000018005110c     libucrt:ioinit.obj
 0004:00002118       $pdata$__pctype_func       0000000180051118     libucrt:ctype.obj
 0004:00002124       $pdata$iswctype            0000000180051124     libucrt:iswctype.obj
 0004:00002130       $pdata$_isctype_l          0000000180051130     libucrt:isctype.obj
 0004:0000213c       $pdata$__acrt_initialize_locks 000000018005113c     libucrt:locks.obj
 0004:00002148       $pdata$__acrt_uninitialize_locks 0000000180051148     libucrt:locks.obj
 0004:00002154       $pdata$__acrt_FlsAlloc     0000000180051154     libucrt:winapi_thunks.obj
 0004:00002160       $pdata$__acrt_FlsFree      0000000180051160     libucrt:winapi_thunks.obj
 0004:0000216c       $pdata$__acrt_FlsGetValue  000000018005116c     libucrt:winapi_thunks.obj
 0004:00002178       $pdata$__acrt_FlsSetValue  0000000180051178     libucrt:winapi_thunks.obj
 0004:00002184       $pdata$__acrt_initialize_winapi_thunks 0000000180051184     libucrt:winapi_thunks.obj
 0004:00002190       $pdata$__acrt_uninitialize_winapi_thunks 0000000180051190     libucrt:winapi_thunks.obj
 0004:0000219c       $pdata$__acrt_InitializeCriticalSectionEx 000000018005119c     libucrt:winapi_thunks.obj
 0004:000021a8       $pdata$__acrt_LCMapStringEx 00000001800511a8     libucrt:winapi_thunks.obj
 0004:000021b4       $pdata$__acrt_LocaleNameToLCID 00000001800511b4     libucrt:winapi_thunks.obj
 0004:000021c0       $pdata$__acrt_is_packaged_app 00000001800511c0     libucrt:winapi_thunks.obj
 0004:000021cc       $pdata$?try_get_function@@YAPEAXW4function_id@?A0x63058377@@QEBDQEBW4module_id@2@2@Z 00000001800511cc     libucrt:winapi_thunks.obj
 0004:000021d8       $pdata$_calloc_base        00000001800511d8     libucrt:calloc_base.obj
 0004:000021e4       $pdata$??$common_expand_argv_wildcards@D@@YAHQEAPEADQEAPEAPEAD@Z 00000001800511e4     libucrt:argv_wildcards.obj
 0004:000021f0       $pdata$?expand_if_necessary@?$argument_list@D@?A0xca0879c4@@AEAAHXZ 00000001800511f0     libucrt:argv_wildcards.obj
 0004:000021fc       $pdata$??$copy_and_add_argument_to_buffer@D@@YAHQEBD0_KAEAV?$argument_list@D@?A0xca0879c4@@@Z 00000001800511fc     libucrt:argv_wildcards.obj
 0004:00002208       $pdata$??$expand_argument_wildcards@D@@YAHQEAD0AEAV?$argument_list@D@?A0xca0879c4@@@Z 0000000180051208     libucrt:argv_wildcards.obj
 0004:00002214       $pdata$__acrt_update_thread_multibyte_data 0000000180051214     libucrt:mbctype.obj
 0004:00002220       $pdata$__acrt_update_thread_multibyte_data$fin$0 0000000180051220     libucrt:mbctype.obj
 0004:0000222c       $pdata$__acrt_initialize_multibyte 000000018005122c     libucrt:mbctype.obj
 0004:00002238       $pdata$_setmbcp_nolock     0000000180051238     libucrt:mbctype.obj
 0004:00002244       $pdata$?getSystemCP@@YAHH@Z 0000000180051244     libucrt:mbctype.obj
 0004:00002250       $pdata$?setSBCS@@YAXPEAU__crt_multibyte_data@@@Z 0000000180051250     libucrt:mbctype.obj
 0004:0000225c       $pdata$?setSBUpLow@@YAXPEAU__crt_multibyte_data@@@Z 000000018005125c     libucrt:mbctype.obj
 0004:00002268       $pdata$?setmbcp_internal@@YAHH_N@Z 0000000180051268     libucrt:mbctype.obj
 0004:00002274       $pdata$??R<lambda_ad1ced32f4ac17aa236e5ef05d6b3b7c>@@QEBAXXZ 0000000180051274     libucrt:mbctype.obj
 0004:00002280       $pdata$??$?RV<lambda_99476a1ad63dd22509b5d3e65b0ffc95>@@AEAV<lambda_ad1ced32f4ac17aa236e5ef05d6b3b7c>@@V<lambda_f7424dd8d45958661754dc4f2697e9c3>@@@?$__crt_seh_guarded_call@X@@QEAAX$$QEAV<lambda_99476a1ad63dd22509b5d3e65b0ffc95>@@AEAV<lambda_ad1ced32f4ac17aa236e5ef05d6b3b7c>@@$$QEAV<lambda_f7424dd8d45958661754dc4f2697e9c3>@@@Z 0000000180051280     libucrt:mbctype.obj
 0004:0000228c       $pdata$?x_ismbbtype_l@@YAHPEAU__crt_locale_pointers@@IHH@Z 000000018005128c     libucrt:ismbbyte.obj
 0004:00002298       $pdata$__acrt_initialize_command_line 0000000180051298     libucrt:argv_data.obj
 0004:000022a4       $pdata$__dcrt_get_narrow_environment_from_os 00000001800512a4     libucrt:get_environment_from_os.obj
 0004:000022b0       $pdata$_recalloc_base      00000001800512b0     libucrt:recalloc.obj
 0004:000022bc       $pdata$__acrt_initialize_heap 00000001800512bc     libucrt:heap_handle.obj
 0004:000022c8       $pdata$__acrt_execute_initializers 00000001800512c8     libucrt:shared_initialization.obj
 0004:000022d4       $pdata$__acrt_execute_uninitializers 00000001800512d4     libucrt:shared_initialization.obj
 0004:000022e0       $pdata$_callnewh           00000001800512e0     libucrt:new_handler.obj
 0004:000022ec       $pdata$_query_new_handler  00000001800512ec     libucrt:new_handler.obj
 0004:000022f8       $pdata$_query_new_handler$fin$0 00000001800512f8     libucrt:new_handler.obj
 0004:00002304       $pdata$__acrt_get_sigabrt_handler 0000000180051304     libucrt:signal.obj
 0004:00002310       $pdata$raise               0000000180051310     libucrt:signal.obj
 0004:0000231c       $pdata$raise$fin$0         000000018005131c     libucrt:signal.obj
 0004:00002328       $pdata$??$?RV<lambda_c36588078e9f5dfd39652860aa6b3aaf>@@AEAV<lambda_ec61778202f4f5fc7e7711acc23c3bca>@@V<lambda_dc9d2797ccde5d239b4a0efae8ebd7db>@@@?$__crt_seh_guarded_call@P6AXH@Z@@QEAAP6AXH@Z$$QEAV<lambda_c36588078e9f5dfd39652860aa6b3aaf>@@AEAV<lambda_ec61778202f4f5fc7e7711acc23c3bca>@@$$QEAV<lambda_dc9d2797ccde5d239b4a0efae8ebd7db>@@@Z 0000000180051328     libucrt:signal.obj
 0004:00002334       $pdata$__acrt_invoke_user_matherr 0000000180051334     libucrt:matherr.obj
 0004:00002340       $pdata$_isleadbyte_l       0000000180051340     libucrt:_wctype.obj
 0004:0000234c       $pdata$__acrt_LCMapStringA 000000018005134c     libucrt:lcmapstringa.obj
 0004:00002358       $pdata$?__acrt_LCMapStringA_stat@@YAHPEAU__crt_locale_pointers@@PEB_WKPEBDHPEADHHH@Z 0000000180051358     libucrt:lcmapstringa.obj
 0004:00002364       $pdata$__acrt_release_locale_ref 0000000180051364     libucrt:locale_refcounting.obj
 0004:00002370       $pdata$__acrt_free_locale  0000000180051370     libucrt:locale_refcounting.obj
 0004:0000237c       $pdata$__acrt_locale_free_lc_time_if_unreferenced 000000018005137c     libucrt:locale_refcounting.obj
 0004:00002388       $pdata$__acrt_update_thread_locale_data 0000000180051388     libucrt:locale_refcounting.obj
 0004:00002394       $pdata$_updatetlocinfoEx_nolock 0000000180051394     libucrt:locale_refcounting.obj
 0004:000023a0       $pdata$__acrt_fp_strflt_to_string 00000001800513a0     libucrt:_fptostr.obj
 0004:000023ac       $pdata$memcpy_s            00000001800513ac     libucrt:cfout.obj
 0004:000023b8       $pdata$__acrt_fltout       00000001800513b8     libucrt:cfout.obj
 0004:000023c4       $pdata$?divide@__crt_strtox@@YA_KAEAUbig_integer@1@AEBU21@@Z 00000001800513c4     libucrt:cfout.obj
 0004:000023d0       $pdata$5$?divide@__crt_strtox@@YA_KAEAUbig_integer@1@AEBU21@@Z 00000001800513d0     libucrt:cfout.obj
 0004:000023dc       $pdata$6$?divide@__crt_strtox@@YA_KAEAUbig_integer@1@AEBU21@@Z 00000001800513dc     libucrt:cfout.obj
 0004:000023e8       $pdata$_fcloseall          00000001800513e8     libucrt:closeall.obj
 0004:000023f4       $pdata$_fcloseall$fin$0    00000001800513f4     libucrt:closeall.obj
 0004:00002400       $pdata$_fflush_nolock      0000000180051400     libucrt:fflush.obj
 0004:0000240c       $pdata$__acrt_stdio_flush_nolock 000000018005140c     libucrt:fflush.obj
 0004:00002418       $pdata$common_flush_all    0000000180051418     libucrt:fflush.obj
 0004:00002424       $pdata$common_flush_all$fin$0 0000000180051424     libucrt:fflush.obj
 0004:00002430       $pdata$common_flush_all$fin$1 0000000180051430     libucrt:fflush.obj
 0004:0000243c       $pdata$__acrt_stdio_free_buffer_nolock 000000018005143c     libucrt:_freebuf.obj
 0004:00002448       $pdata$_isatty             0000000180051448     libucrt:isatty.obj
 0004:00002454       $pdata$__acrt_locale_free_monetary 0000000180051454     libucrt:initmon.obj
 0004:00002460       $pdata$__acrt_locale_free_numeric 0000000180051460     libucrt:initnum.obj
 0004:0000246c       $pdata$__acrt_locale_free_time 000000018005146c     libucrt:inittime.obj
 0004:00002478       $pdata$?free_crt_array_internal@@YAXQEAPEBX_K@Z 0000000180051478     libucrt:inittime.obj
 0004:00002484       $pdata$__acrt_GetStringTypeA 0000000180051484     libucrt:getstringtypea.obj
 0004:00002490       $pdata$_get_osfhandle      0000000180051490     libucrt:osfinfo.obj
 0004:0000249c       $pdata$_free_osfhnd        000000018005149c     libucrt:osfinfo.obj
 0004:000024a8       $pdata$__acrt_lowio_create_handle_array 00000001800514a8     libucrt:osfinfo.obj
 0004:000024b4       $pdata$__acrt_lowio_destroy_handle_array 00000001800514b4     libucrt:osfinfo.obj
 0004:000024c0       $pdata$__acrt_lowio_ensure_fh_exists 00000001800514c0     libucrt:osfinfo.obj
 0004:000024cc       $pdata$__acrt_DownlevelLocaleNameToLCID 00000001800514cc     libucrt:lcidtoname_downlevel.obj
 0004:000024d8       $pdata$?GetTableIndexFromLocaleName@@YAHPEB_W@Z 00000001800514d8     libucrt:lcidtoname_downlevel.obj
 0004:000024e4       $pdata$qsort               00000001800514e4     libucrt:qsort.obj
 0004:000024f0       $pdata$4$qsort             00000001800514f0     libucrt:qsort.obj
 0004:000024fc       $pdata$5$qsort             00000001800514fc     libucrt:qsort.obj
 0004:00002508       $pdata$?shortsort@@YAXPEAD0_KP6AHPEBX2@Z@Z 0000000180051508     libucrt:qsort.obj
 0004:00002514       $pdata$2$?shortsort@@YAXPEAD0_KP6AHPEBX2@Z@Z 0000000180051514     libucrt:qsort.obj
 0004:00002520       $pdata$3$?shortsort@@YAXPEAD0_KP6AHPEBX2@Z@Z 0000000180051520     libucrt:qsort.obj
 0004:0000252c       $pdata$strncpy_s           000000018005152c     libucrt:strncpy_s.obj
 0004:00002538       $pdata$strpbrk             0000000180051538     libucrt:strpbrk.obj
 0004:00002544       $pdata$_mbsdec_l           0000000180051544     libucrt:mbsdec.obj
 0004:00002550       $pdata$?initialize_multibyte@@YAHXZ 0000000180051550     libucrt:multibyte_initializer.obj
 0004:0000255c       $pdata$_msize              000000018005155c     libucrt:msize.obj
 0004:00002568       $pdata$_realloc_base       0000000180051568     libucrt:realloc_base.obj
 0004:00002574       $pdata$fegetenv            0000000180051574     libucrt:fegetenv.obj
 0004:00002580       $pdata$fesetenv            0000000180051580     libucrt:fesetenv.obj
 0004:0000258c       $pdata$feholdexcept        000000018005158c     libucrt:feholdexcept.obj
 0004:000025a4       $pdata$_write              00000001800515a4     libucrt:write.obj
 0004:000025b0       $pdata$_write$fin$0        00000001800515b0     libucrt:write.obj
 0004:000025bc       $pdata$_write_nolock       00000001800515bc     libucrt:write.obj
 0004:000025c8       $pdata$?write_double_translated_ansi_nolock@@YA?AUwrite_result@?A0x9c548279@@HQEBDI@Z 00000001800515c8     libucrt:write.obj
 0004:000025d4       $pdata$?write_text_ansi_nolock@@YA?AUwrite_result@?A0x9c548279@@HQEBDI@Z 00000001800515d4     libucrt:write.obj
 0004:000025e0       $pdata$?write_text_utf16le_nolock@@YA?AUwrite_result@?A0x9c548279@@HQEBDI@Z 00000001800515e0     libucrt:write.obj
 0004:000025ec       $pdata$?write_text_utf8_nolock@@YA?AUwrite_result@?A0x9c548279@@HQEBDI@Z 00000001800515ec     libucrt:write.obj
 0004:000025f8       $pdata$??$common_lseek_nolock@_J@@YA_JH_JH@Z 00000001800515f8     libucrt:lseek.obj
 0004:00002604       $pdata$fclose              0000000180051604     libucrt:fclose.obj
 0004:00002610       $pdata$fclose$fin$0        0000000180051610     libucrt:fclose.obj
 0004:0000261c       $pdata$_fclose_nolock      000000018005161c     libucrt:fclose.obj
 0004:00002628       $pdata$_commit             0000000180051628     libucrt:commit.obj
 0004:00002634       $pdata$??$?RV<lambda_b521505b218e5242e90febf6bfebc422>@@AEAV<lambda_6978c1fb23f02e42e1d9e99668cc68aa>@@V<lambda_314360699dd331753a4119843814e9a7>@@@?$__crt_seh_guarded_call@H@@QEAAH$$QEAV<lambda_b521505b218e5242e90febf6bfebc422>@@AEAV<lambda_6978c1fb23f02e42e1d9e99668cc68aa>@@$$QEAV<lambda_314360699dd331753a4119843814e9a7>@@@Z 0000000180051634     libucrt:commit.obj
 0004:00002640       $pdata$?fin$0@?0???$?RV<lambda_b521505b218e5242e90febf6bfebc422>@@AEAV<lambda_6978c1fb23f02e42e1d9e99668cc68aa>@@V<lambda_314360699dd331753a4119843814e9a7>@@@?$__crt_seh_guarded_call@H@@QEAAH$$QEAV<lambda_b521505b218e5242e90febf6bfebc422>@@AEAV<lambda_6978c1fb23f02e42e1d9e99668cc68aa>@@$$QEAV<lambda_314360699dd331753a4119843814e9a7>@@@Z@4HA 0000000180051640     libucrt:commit.obj
 0004:00002640       $pdata$?fin$0@?0???$?RV<lambda_bfedae4ebbf01fab1bb6dcc6a9e276e0>@@AEAV<lambda_2fe9b910cf3cbf4a0ab98a02ba45b3ec>@@V<lambda_237c231691f317818eb88cc1d5d642d6>@@@?$__crt_seh_guarded_call@H@@QEAAH$$QEAV<lambda_bfedae4ebbf01fab1bb6dcc6a9e276e0>@@AEAV<lambda_2fe9b910cf3cbf4a0ab98a02ba45b3ec>@@$$QEAV<lambda_237c231691f317818eb88cc1d5d642d6>@@@Z@4HA 0000000180051640     libucrt:close.obj
 0004:0000264c       $pdata$_setfpstatusword    000000018005164c     libucrt:_fenvutils.obj
 0004:00002658       $pdata$_getfpcontrolword   0000000180051658     libucrt:_fenvutils.obj
 0004:00002664       $pdata$_getfpstatusword    0000000180051664     libucrt:_fenvutils.obj
 0004:00002670       $pdata$_clearfp            0000000180051670     libucrt:ieee.obj
 0004:0000267c       $pdata$common_control87    000000018005167c     libucrt:ieee.obj
 0004:00002688       $pdata$_ctrlfp$filt$0      0000000180051688     libucrt:fpctrl.obj
 0004:00002688       $pdata$common_control87$filt$0 0000000180051688     libucrt:ieee.obj
 0004:00002694       $pdata$_call_matherr       0000000180051694     libucrt:libm_error.obj
 0004:000026a0       $pdata$_exception_enabled  00000001800516a0     libucrt:libm_error.obj
 0004:000026ac       $pdata$_handle_error       00000001800516ac     libucrt:libm_error.obj
 0004:000026b8       $pdata$__acrt_initialize_fma3 00000001800516b8     libucrt:fma3_available.obj
 0004:000026c4       $pdata$_log_special_common 00000001800516c4     libucrt:log_special.obj
 0004:000026d0       $pdata$_log10_special      00000001800516d0     libucrt:log_special.obj
 0004:000026dc       $pdata$_putwch_nolock      00000001800516dc     libucrt:putwch.obj
 0004:000026e8       $pdata$_close              00000001800516e8     libucrt:close.obj
 0004:000026f4       $pdata$_close_nolock       00000001800516f4     libucrt:close.obj
 0004:00002700       $pdata$??$?RV<lambda_bfedae4ebbf01fab1bb6dcc6a9e276e0>@@AEAV<lambda_2fe9b910cf3cbf4a0ab98a02ba45b3ec>@@V<lambda_237c231691f317818eb88cc1d5d642d6>@@@?$__crt_seh_guarded_call@H@@QEAAH$$QEAV<lambda_bfedae4ebbf01fab1bb6dcc6a9e276e0>@@AEAV<lambda_2fe9b910cf3cbf4a0ab98a02ba45b3ec>@@$$QEAV<lambda_237c231691f317818eb88cc1d5d642d6>@@@Z 0000000180051700     libucrt:close.obj
 0004:00002718       $pdata$_set_errno_from_matherr 0000000180051718     libucrt:fpexcept.obj
 0004:00002724       $pdata$_raise_exc          0000000180051724     libucrt:fpexcept.obj
 0004:00002730       $pdata$_raise_exc_ex       0000000180051730     libucrt:fpexcept.obj
 0004:0000273c       $pdata$_clrfp              000000018005173c     libucrt:fpctrl.obj
 0004:00002748       $pdata$_ctrlfp             0000000180051748     libucrt:fpctrl.obj
 0004:00002754       $pdata$_statfp             0000000180051754     libucrt:fpctrl.obj
 0004:00002760       $pdata$_set_statfp         0000000180051760     libucrt:fpctrl.obj
 0004:0000276c       $pdata$__dcrt_lowio_initialize_console_output 000000018005176c     libucrt:initcon.obj
 0004:00002778       $pdata$__dcrt_terminate_console_output 0000000180051778     libucrt:initcon.obj
 0004:00002784       $pdata$?apiGetConsoleFontSize@@YAHPEAXAEAH1AEAY0CA@_W@Z 0000000180051784     common-kernel64:WConsole.obj
 0004:00002790       $pdata$?apiSetConsoleFontSize@@YAHPEAXHHPEB_W@Z 0000000180051790     common-kernel64:WConsole.obj
 0004:0000279c       $pdata$?apiGetCurrentConsoleFontEx@@YAHPEAXHPEAUMY_CONSOLE_FONT_INFOEX@@@Z 000000018005179c     common-kernel64:WConsole.obj
 0004:000027a8       $pdata$?apiSetCurrentConsoleFontEx@@YAHPEAXHPEAUMY_CONSOLE_FONT_INFOEX@@@Z 00000001800517a8     common-kernel64:WConsole.obj
 0004:000027b4       $pdata$_IsNonwritableInCurrentImage 00000001800517b4     LIBCMT:pesect.obj
 0004:000027c0       $pdata$_IsNonwritableInCurrentImage$filt$0 00000001800517c0     LIBCMT:pesect.obj
 0005:000000a0       $R000000                   00000001800520a0     ConEmu.res
 0005:000003b0       $R000310                   00000001800523b0     ConEmu.res
